<!doctype html public "-//w3c//dtd html 4.0 transitional//en">
<html><head>
<title>Static Call Graph - [.\Output\P18.0102.DC4.SVN718.171016.axf]</title></head>
<body><HR>
<H1>Static Call Graph for image .\Output\P18.0102.DC4.SVN718.171016.axf</H1><HR>
<BR><P>#&#060CALLGRAPH&#062# ARM Linker, 5060183: Last Updated: Mon Oct 16 17:19:27 2017
<BR><P>
<H3>Maximum Stack Usage =      18440 bytes + Unknown(Cycles, Untraceable Function Pointers)</H3><H3>
Call chain for Maximum Stack Depth:</H3>
main &rArr; App2_Page4Func &rArr; Flash_Debug &rArr; MxFlash_Debug &rArr; MXFLASH_Write &rArr; MXFLASH_Read &rArr; MXFLASH_FReadNByte &rArr; MXFLASH_SPISendReceiveByte
<P>
<H3>
Mutually Recursive functions
</H3> <LI><a href="#[27]">ADC_IRQHandler</a>&nbsp;&nbsp;&nbsp;&rArr;&nbsp;&nbsp;&nbsp;<a href="#[27]">ADC_IRQHandler</a><BR>
 <LI><a href="#[76]">Delay_NS</a>&nbsp;&nbsp;&nbsp;&rArr;&nbsp;&nbsp;&nbsp;<a href="#[76]">Delay_NS</a><BR>
</UL>
<P>
<H3>
Function Pointers
</H3><UL>
 <LI><a href="#[27]">ADC_IRQHandler</a> from stm32f4xxappinit.o(.text) referenced from stm32f4xxappinit.o(RESET)
 <LI><a href="#[f]">BusFault_Handler</a> from ctrl0.o(i.BusFault_Handler) referenced from stm32f4xxappinit.o(RESET)
 <LI><a href="#[29]">CAN1_RX0_IRQHandler</a> from stm32f4xxappinit.o(.text) referenced from stm32f4xxappinit.o(RESET)
 <LI><a href="#[2a]">CAN1_RX1_IRQHandler</a> from stm32f4xxappinit.o(.text) referenced from stm32f4xxappinit.o(RESET)
 <LI><a href="#[2b]">CAN1_SCE_IRQHandler</a> from stm32f4xxappinit.o(.text) referenced from stm32f4xxappinit.o(RESET)
 <LI><a href="#[28]">CAN1_TX_IRQHandler</a> from stm32f4xxappinit.o(.text) referenced from stm32f4xxappinit.o(RESET)
 <LI><a href="#[55]">CAN2_RX0_IRQHandler</a> from stm32f4xxappinit.o(.text) referenced from stm32f4xxappinit.o(RESET)
 <LI><a href="#[56]">CAN2_RX1_IRQHandler</a> from stm32f4xxappinit.o(.text) referenced from stm32f4xxappinit.o(RESET)
 <LI><a href="#[57]">CAN2_SCE_IRQHandler</a> from stm32f4xxappinit.o(.text) referenced from stm32f4xxappinit.o(RESET)
 <LI><a href="#[54]">CAN2_TX_IRQHandler</a> from stm32f4xxappinit.o(.text) referenced from stm32f4xxappinit.o(RESET)
 <LI><a href="#[6e]">COM4_IRQReceiveByte</a> from irda_port.o(i.COM4_IRQReceiveByte) referenced from irda_port.o(i.IrDA_Configuration)
 <LI><a href="#[6f]">COM5_IRQReceiveByte</a> from irda_port.o(i.COM5_IRQReceiveByte) referenced from irda_port.o(i.IrDA_Configuration)
 <LI><a href="#[64]">CRYP_IRQHandler</a> from stm32f4xxappinit.o(.text) referenced from stm32f4xxappinit.o(RESET)
 <LI><a href="#[63]">DCMI_IRQHandler</a> from stm32f4xxappinit.o(.text) referenced from stm32f4xxappinit.o(RESET)
 <LI><a href="#[20]">DMA1_Stream0_IRQHandler</a> from stm32f4xxappinit.o(.text) referenced from stm32f4xxappinit.o(RESET)
 <LI><a href="#[21]">DMA1_Stream1_IRQHandler</a> from stm32f4xxappinit.o(.text) referenced from stm32f4xxappinit.o(RESET)
 <LI><a href="#[22]">DMA1_Stream2_IRQHandler</a> from stm32f4xxappinit.o(.text) referenced from stm32f4xxappinit.o(RESET)
 <LI><a href="#[23]">DMA1_Stream3_IRQHandler</a> from stm32f4xxappinit.o(.text) referenced from stm32f4xxappinit.o(RESET)
 <LI><a href="#[24]">DMA1_Stream4_IRQHandler</a> from stm32f4xxappinit.o(.text) referenced from stm32f4xxappinit.o(RESET)
 <LI><a href="#[25]">DMA1_Stream5_IRQHandler</a> from stm32f4xxappinit.o(.text) referenced from stm32f4xxappinit.o(RESET)
 <LI><a href="#[26]">DMA1_Stream6_IRQHandler</a> from stm32f4xxappinit.o(.text) referenced from stm32f4xxappinit.o(RESET)
 <LI><a href="#[44]">DMA1_Stream7_IRQHandler</a> from stm32f4xxappinit.o(.text) referenced from stm32f4xxappinit.o(RESET)
 <LI><a href="#[4d]">DMA2_Stream0_IRQHandler</a> from stm32f4xxappinit.o(.text) referenced from stm32f4xxappinit.o(RESET)
 <LI><a href="#[4e]">DMA2_Stream1_IRQHandler</a> from stm32f4xxappinit.o(.text) referenced from stm32f4xxappinit.o(RESET)
 <LI><a href="#[4f]">DMA2_Stream2_IRQHandler</a> from stm32f4xxappinit.o(.text) referenced from stm32f4xxappinit.o(RESET)
 <LI><a href="#[50]">DMA2_Stream3_IRQHandler</a> from stm32f4xxappinit.o(.text) referenced from stm32f4xxappinit.o(RESET)
 <LI><a href="#[51]">DMA2_Stream4_IRQHandler</a> from stm32f4xxappinit.o(.text) referenced from stm32f4xxappinit.o(RESET)
 <LI><a href="#[59]">DMA2_Stream5_IRQHandler</a> from stm32f4xxappinit.o(.text) referenced from stm32f4xxappinit.o(RESET)
 <LI><a href="#[5a]">DMA2_Stream6_IRQHandler</a> from stm32f4xxappinit.o(.text) referenced from stm32f4xxappinit.o(RESET)
 <LI><a href="#[5b]">DMA2_Stream7_IRQHandler</a> from stm32f4xxappinit.o(.text) referenced from stm32f4xxappinit.o(RESET)
 <LI><a href="#[12]">DebugMon_Handler</a> from ctrl0.o(i.DebugMon_Handler) referenced from stm32f4xxappinit.o(RESET)
 <LI><a href="#[52]">ETH_IRQHandler</a> from stm32f4xxappinit.o(.text) referenced from stm32f4xxappinit.o(RESET)
 <LI><a href="#[53]">ETH_WKUP_IRQHandler</a> from stm32f4xxappinit.o(.text) referenced from stm32f4xxappinit.o(RESET)
 <LI><a href="#[1b]">EXTI0_IRQHandler</a> from ctrl0.o(i.EXTI0_IRQHandler) referenced from stm32f4xxappinit.o(RESET)
 <LI><a href="#[3d]">EXTI15_10_IRQHandler</a> from ctrl0.o(i.EXTI15_10_IRQHandler) referenced from stm32f4xxappinit.o(RESET)
 <LI><a href="#[1c]">EXTI1_IRQHandler</a> from ctrl0.o(i.EXTI1_IRQHandler) referenced from stm32f4xxappinit.o(RESET)
 <LI><a href="#[1d]">EXTI2_IRQHandler</a> from stm32f4xxappinit.o(.text) referenced from stm32f4xxappinit.o(RESET)
 <LI><a href="#[1e]">EXTI3_IRQHandler</a> from ctrl0.o(i.EXTI3_IRQHandler) referenced from stm32f4xxappinit.o(RESET)
 <LI><a href="#[1f]">EXTI4_IRQHandler</a> from stm32f4xxappinit.o(.text) referenced from stm32f4xxappinit.o(RESET)
 <LI><a href="#[2c]">EXTI9_5_IRQHandler</a> from ctrl0.o(i.EXTI9_5_IRQHandler) referenced from stm32f4xxappinit.o(RESET)
 <LI><a href="#[19]">FLASH_IRQHandler</a> from stm32f4xxappinit.o(.text) referenced from stm32f4xxappinit.o(RESET)
 <LI><a href="#[66]">FPU_IRQHandler</a> from stm32f4xxappinit.o(.text) referenced from stm32f4xxappinit.o(RESET)
 <LI><a href="#[45]">FSMC_IRQHandler</a> from stm32f4xxappinit.o(.text) referenced from stm32f4xxappinit.o(RESET)
 <LI><a href="#[6d]">GPS_QueryInit</a> from gps.o(i.GPS_QueryInit) referenced from gps.o(i.GPS_Init)
 <LI><a href="#[65]">HASH_RNG_IRQHandler</a> from stm32f4xxappinit.o(.text) referenced from stm32f4xxappinit.o(RESET)
 <LI><a href="#[d]">HardFault_Handler</a> from ctrl0.o(i.HardFault_Handler) referenced from stm32f4xxappinit.o(RESET)
 <LI><a href="#[35]">I2C1_ER_IRQHandler</a> from stm32f4xxappinit.o(.text) referenced from stm32f4xxappinit.o(RESET)
 <LI><a href="#[34]">I2C1_EV_IRQHandler</a> from stm32f4xxappinit.o(.text) referenced from stm32f4xxappinit.o(RESET)
 <LI><a href="#[37]">I2C2_ER_IRQHandler</a> from stm32f4xxappinit.o(.text) referenced from stm32f4xxappinit.o(RESET)
 <LI><a href="#[36]">I2C2_EV_IRQHandler</a> from stm32f4xxappinit.o(.text) referenced from stm32f4xxappinit.o(RESET)
 <LI><a href="#[5e]">I2C3_ER_IRQHandler</a> from stm32f4xxappinit.o(.text) referenced from stm32f4xxappinit.o(RESET)
 <LI><a href="#[5d]">I2C3_EV_IRQHandler</a> from stm32f4xxappinit.o(.text) referenced from stm32f4xxappinit.o(RESET)
 <LI><a href="#[e]">MemManage_Handler</a> from ctrl0.o(i.MemManage_Handler) referenced from stm32f4xxappinit.o(RESET)
 <LI><a href="#[c]">NMI_Handler</a> from ctrl0.o(i.NMI_Handler) referenced from stm32f4xxappinit.o(RESET)
 <LI><a href="#[58]">OTG_FS_IRQHandler</a> from ctrl0.o(i.OTG_FS_IRQHandler) referenced from stm32f4xxappinit.o(RESET)
 <LI><a href="#[3f]">OTG_FS_WKUP_IRQHandler</a> from stm32f4xxappinit.o(.text) referenced from stm32f4xxappinit.o(RESET)
 <LI><a href="#[60]">OTG_HS_EP1_IN_IRQHandler</a> from stm32f4xxappinit.o(.text) referenced from stm32f4xxappinit.o(RESET)
 <LI><a href="#[5f]">OTG_HS_EP1_OUT_IRQHandler</a> from stm32f4xxappinit.o(.text) referenced from stm32f4xxappinit.o(RESET)
 <LI><a href="#[62]">OTG_HS_IRQHandler</a> from stm32f4xxappinit.o(.text) referenced from stm32f4xxappinit.o(RESET)
 <LI><a href="#[61]">OTG_HS_WKUP_IRQHandler</a> from stm32f4xxappinit.o(.text) referenced from stm32f4xxappinit.o(RESET)
 <LI><a href="#[16]">PVD_IRQHandler</a> from stm32f4xxappinit.o(.text) referenced from stm32f4xxappinit.o(RESET)
 <LI><a href="#[13]">PendSV_Handler</a> from ctrl0.o(i.PendSV_Handler) referenced from stm32f4xxappinit.o(RESET)
 <LI><a href="#[1a]">RCC_IRQHandler</a> from ctrl0.o(i.RCC_IRQHandler) referenced from stm32f4xxappinit.o(RESET)
 <LI><a href="#[3e]">RTC_Alarm_IRQHandler</a> from ctrl0.o(i.RTC_Alarm_IRQHandler) referenced from stm32f4xxappinit.o(RESET)
 <LI><a href="#[18]">RTC_WKUP_IRQHandler</a> from ctrl0.o(i.RTC_WKUP_IRQHandler) referenced from stm32f4xxappinit.o(RESET)
 <LI><a href="#[b]">Reset_Handler</a> from stm32f4xxappinit.o(.text) referenced from stm32f4xxappinit.o(RESET)
 <LI><a href="#[46]">SDIO_IRQHandler</a> from stm32f4xxappinit.o(.text) referenced from stm32f4xxappinit.o(RESET)
 <LI><a href="#[38]">SPI1_IRQHandler</a> from stm32f4xxappinit.o(.text) referenced from stm32f4xxappinit.o(RESET)
 <LI><a href="#[39]">SPI2_IRQHandler</a> from stm32f4xxappinit.o(.text) referenced from stm32f4xxappinit.o(RESET)
 <LI><a href="#[48]">SPI3_IRQHandler</a> from stm32f4xxappinit.o(.text) referenced from stm32f4xxappinit.o(RESET)
 <LI><a href="#[70]">SPI_USART_IRQHandler</a> from spi_usart.o(i.SPI_USART_IRQHandler) referenced from spi_usart.o(i.SPI_USART_HardInit)
 <LI><a href="#[11]">SVC_Handler</a> from ctrl0.o(i.SVC_Handler) referenced from stm32f4xxappinit.o(RESET)
 <LI><a href="#[14]">SysTick_Handler</a> from ctrl0.o(i.SysTick_Handler) referenced from stm32f4xxappinit.o(RESET)
 <LI><a href="#[6b]">SystemInit</a> from system_stm32f4xx.o(i.SystemInit) referenced from stm32f4xxappinit.o(.text)
 <LI><a href="#[17]">TAMP_STAMP_IRQHandler</a> from stm32f4xxappinit.o(.text) referenced from stm32f4xxappinit.o(RESET)
 <LI><a href="#[71]">TCP_Connections</a> from tcp.o(i.TCP_Connections) referenced from tcp.o(i.TCP_Init)
 <LI><a href="#[2d]">TIM1_BRK_TIM9_IRQHandler</a> from stm32f4xxappinit.o(.text) referenced from stm32f4xxappinit.o(RESET)
 <LI><a href="#[30]">TIM1_CC_IRQHandler</a> from stm32f4xxappinit.o(.text) referenced from stm32f4xxappinit.o(RESET)
 <LI><a href="#[2f]">TIM1_TRG_COM_TIM11_IRQHandler</a> from stm32f4xxappinit.o(.text) referenced from stm32f4xxappinit.o(RESET)
 <LI><a href="#[2e]">TIM1_UP_TIM10_IRQHandler</a> from ctrl0.o(i.TIM1_UP_TIM10_IRQHandler) referenced from stm32f4xxappinit.o(RESET)
 <LI><a href="#[31]">TIM2_IRQHandler</a> from stm32f4xxappinit.o(.text) referenced from stm32f4xxappinit.o(RESET)
 <LI><a href="#[32]">TIM3_IRQHandler</a> from ctrl0.o(i.TIM3_IRQHandler) referenced from stm32f4xxappinit.o(RESET)
 <LI><a href="#[33]">TIM4_IRQHandler</a> from ctrl0.o(i.TIM4_IRQHandler) referenced from stm32f4xxappinit.o(RESET)
 <LI><a href="#[47]">TIM5_IRQHandler</a> from stm32f4xxappinit.o(.text) referenced from stm32f4xxappinit.o(RESET)
 <LI><a href="#[4b]">TIM6_DAC_IRQHandler</a> from stm32f4xxappinit.o(.text) referenced from stm32f4xxappinit.o(RESET)
 <LI><a href="#[4c]">TIM7_IRQHandler</a> from stm32f4xxappinit.o(.text) referenced from stm32f4xxappinit.o(RESET)
 <LI><a href="#[40]">TIM8_BRK_TIM12_IRQHandler</a> from stm32f4xxappinit.o(.text) referenced from stm32f4xxappinit.o(RESET)
 <LI><a href="#[43]">TIM8_CC_IRQHandler</a> from stm32f4xxappinit.o(.text) referenced from stm32f4xxappinit.o(RESET)
 <LI><a href="#[42]">TIM8_TRG_COM_TIM14_IRQHandler</a> from stm32f4xxappinit.o(.text) referenced from stm32f4xxappinit.o(RESET)
 <LI><a href="#[41]">TIM8_UP_TIM13_IRQHandler</a> from ctrl0.o(i.TIM8_UP_TIM13_IRQHandler) referenced from stm32f4xxappinit.o(RESET)
 <LI><a href="#[49]">UART4_IRQHandler</a> from ctrl0.o(i.UART4_IRQHandler) referenced from stm32f4xxappinit.o(RESET)
 <LI><a href="#[4a]">UART5_IRQHandler</a> from ctrl0.o(i.UART5_IRQHandler) referenced from stm32f4xxappinit.o(RESET)
 <LI><a href="#[3a]">USART1_IRQHandler</a> from ctrl0.o(i.USART1_IRQHandler) referenced from stm32f4xxappinit.o(RESET)
 <LI><a href="#[3b]">USART2_IRQHandler</a> from stm32f4xxappinit.o(.text) referenced from stm32f4xxappinit.o(RESET)
 <LI><a href="#[3c]">USART3_IRQHandler</a> from ctrl0.o(i.USART3_IRQHandler) referenced from stm32f4xxappinit.o(RESET)
 <LI><a href="#[5c]">USART6_IRQHandler</a> from stm32f4xxappinit.o(.text) referenced from stm32f4xxappinit.o(RESET)
 <LI><a href="#[1]">USBD_DataInStage</a> from usbd_core.o(i.USBD_DataInStage) referenced 2 times from usbd_core.o(.data)
 <LI><a href="#[0]">USBD_DataOutStage</a> from usbd_core.o(i.USBD_DataOutStage) referenced 2 times from usbd_core.o(.data)
 <LI><a href="#[9]">USBD_DevConnected</a> from usbd_core.o(i.USBD_DevConnected) referenced 2 times from usbd_core.o(.data)
 <LI><a href="#[a]">USBD_DevDisconnected</a> from usbd_core.o(i.USBD_DevDisconnected) referenced 2 times from usbd_core.o(.data)
 <LI><a href="#[7]">USBD_IsoINIncomplete</a> from usbd_core.o(i.USBD_IsoINIncomplete) referenced 2 times from usbd_core.o(.data)
 <LI><a href="#[8]">USBD_IsoOUTIncomplete</a> from usbd_core.o(i.USBD_IsoOUTIncomplete) referenced 2 times from usbd_core.o(.data)
 <LI><a href="#[4]">USBD_Reset</a> from usbd_core.o(i.USBD_Reset) referenced 2 times from usbd_core.o(.data)
 <LI><a href="#[6]">USBD_Resume</a> from usbd_core.o(i.USBD_Resume) referenced 2 times from usbd_core.o(.data)
 <LI><a href="#[3]">USBD_SOF</a> from usbd_core.o(i.USBD_SOF) referenced 2 times from usbd_core.o(.data)
 <LI><a href="#[2]">USBD_SetupStage</a> from usbd_core.o(i.USBD_SetupStage) referenced 2 times from usbd_core.o(.data)
 <LI><a href="#[5]">USBD_Suspend</a> from usbd_core.o(i.USBD_Suspend) referenced 2 times from usbd_core.o(.data)
 <LI><a href="#[10]">UsageFault_Handler</a> from ctrl0.o(i.UsageFault_Handler) referenced from stm32f4xxappinit.o(RESET)
 <LI><a href="#[15]">WWDG_IRQHandler</a> from stm32f4xxappinit.o(.text) referenced from stm32f4xxappinit.o(RESET)
 <LI><a href="#[6c]">__main</a> from entry.o(.ARM.Collect$$$$00000000) referenced from stm32f4xxappinit.o(.text)
 <LI><a href="#[69]">_sbackspace</a> from _sgetc.o(.text) referenced from strtod.o(.text)
 <LI><a href="#[68]">_sgetc</a> from _sgetc.o(.text) referenced from strtod.o(.text)
 <LI><a href="#[73]">_sputc</a> from printfa.o(i._sputc) referenced from printfa.o(i.__0sprintf)
 <LI><a href="#[73]">_sputc</a> from printfa.o(i._sputc) referenced from printfa.o(i.__0vsprintf)
 <LI><a href="#[72]">fputc</a> from main.o(i.fputc) referenced from printfa.o(i.__0printf)
 <LI><a href="#[6a]">isspace</a> from isspace_o.o(.text) referenced from strtod.o(.text)
 <LI><a href="#[67]">main</a> from main.o(i.main) referenced from entry9a.o(.ARM.Collect$$$$0000000B)
</UL>
<P>
<H3>
Global Symbols
</H3>
<P><STRONG><a name="[6c]"></a>__main</STRONG> (Thumb, 0 bytes, Stack size unknown bytes, entry.o(.ARM.Collect$$$$00000000))
<BR>[Address Reference Count : 1]<UL><LI> stm32f4xxappinit.o(.text)
</UL>
<P><STRONG><a name="[36a]"></a>_main_stk</STRONG> (Thumb, 0 bytes, Stack size unknown bytes, entry2.o(.ARM.Collect$$$$00000001))

<P><STRONG><a name="[74]"></a>_main_scatterload</STRONG> (Thumb, 0 bytes, Stack size unknown bytes, entry5.o(.ARM.Collect$$$$00000004))
<BR><BR>[Calls]<UL><LI><a href="#[75]">&gt;&gt;</a>&nbsp;&nbsp;&nbsp;__scatterload
</UL>

<P><STRONG><a name="[15a]"></a>__main_after_scatterload</STRONG> (Thumb, 0 bytes, Stack size unknown bytes, entry5.o(.ARM.Collect$$$$00000004))
<BR><BR>[Called By]<UL><LI><a href="#[75]">&gt;&gt;</a>&nbsp;&nbsp;&nbsp;__scatterload
</UL>

<P><STRONG><a name="[36b]"></a>_main_clock</STRONG> (Thumb, 0 bytes, Stack size unknown bytes, entry7b.o(.ARM.Collect$$$$00000008))

<P><STRONG><a name="[36c]"></a>_main_cpp_init</STRONG> (Thumb, 0 bytes, Stack size unknown bytes, entry8b.o(.ARM.Collect$$$$0000000A))

<P><STRONG><a name="[36d]"></a>_main_init</STRONG> (Thumb, 0 bytes, Stack size unknown bytes, entry9a.o(.ARM.Collect$$$$0000000B))

<P><STRONG><a name="[36e]"></a>__rt_final_cpp</STRONG> (Thumb, 0 bytes, Stack size unknown bytes, entry10a.o(.ARM.Collect$$$$0000000D))

<P><STRONG><a name="[36f]"></a>__rt_final_exit</STRONG> (Thumb, 0 bytes, Stack size unknown bytes, entry11a.o(.ARM.Collect$$$$0000000F))

<P><STRONG><a name="[370]"></a>__asm___10_MiscFunc_c_41219321____REV16</STRONG> (Thumb, 4 bytes, Stack size 0 bytes, miscfunc.o(.emb_text), UNUSED)

<P><STRONG><a name="[371]"></a>__asm___10_MiscFunc_c_41219321____REVSH</STRONG> (Thumb, 4 bytes, Stack size 0 bytes, miscfunc.o(.emb_text), UNUSED)

<P><STRONG><a name="[372]"></a>Enable_FAULT_INTERRUPT</STRONG> (Thumb, 2 bytes, Stack size 0 bytes, miscfunc.o(.emb_text), UNUSED)

<P><STRONG><a name="[373]"></a>Disable_FAULT_INITERRUPT</STRONG> (Thumb, 2 bytes, Stack size 0 bytes, miscfunc.o(.emb_text), UNUSED)

<P><STRONG><a name="[374]"></a>__RBIT32W</STRONG> (Thumb, 6 bytes, Stack size 0 bytes, miscfunc.o(.emb_text), UNUSED)

<P><STRONG><a name="[76]"></a>Delay_NS</STRONG> (Thumb, 6 bytes, Stack size 0 bytes, miscfunc.o(.emb_text))
<BR><BR>[Calls]<UL><LI><a href="#[76]">&gt;&gt;</a>&nbsp;&nbsp;&nbsp;Delay_NS
</UL>
<BR>[Called By]<UL><LI><a href="#[321]">&gt;&gt;</a>&nbsp;&nbsp;&nbsp;Sys_Delay_NS
<LI><a href="#[76]">&gt;&gt;</a>&nbsp;&nbsp;&nbsp;Delay_NS
</UL>

<P><STRONG><a name="[82]"></a>RC523_Right</STRONG> (Thumb, 8 bytes, Stack size 0 bytes, rc523_driver.o(.text))
<BR><BR>[Called By]<UL><LI><a href="#[81]">&gt;&gt;</a>&nbsp;&nbsp;&nbsp;PICC_vRC523SpiInit
</UL>

<P><STRONG><a name="[77]"></a>RC523_vSpiCsH</STRONG> (Thumb, 12 bytes, Stack size 8 bytes, rc523_driver.o(.text))
<BR><BR>[Stack]<UL><LI>Max Depth = 8<LI>Call Chain = RC523_vSpiCsH
</UL>
<BR>[Calls]<UL><LI><a href="#[78]">&gt;&gt;</a>&nbsp;&nbsp;&nbsp;GPIO_SetBits
</UL>
<BR>[Called By]<UL><LI><a href="#[7d]">&gt;&gt;</a>&nbsp;&nbsp;&nbsp;PICC_vRC523SpiCsInit
<LI><a href="#[8a]">&gt;&gt;</a>&nbsp;&nbsp;&nbsp;PICC_vRC523WriteReg
<LI><a href="#[24a]">&gt;&gt;</a>&nbsp;&nbsp;&nbsp;PICC_u8RC523ReadReg
<LI><a href="#[26a]">&gt;&gt;</a>&nbsp;&nbsp;&nbsp;PICC_RC523InterfaceInit
</UL>

<P><STRONG><a name="[79]"></a>RC523_vSpiCsL</STRONG> (Thumb, 12 bytes, Stack size 8 bytes, rc523_driver.o(.text))
<BR><BR>[Stack]<UL><LI>Max Depth = 8<LI>Call Chain = RC523_vSpiCsL
</UL>
<BR>[Calls]<UL><LI><a href="#[7a]">&gt;&gt;</a>&nbsp;&nbsp;&nbsp;GPIO_ResetBits
</UL>
<BR>[Called By]<UL><LI><a href="#[8a]">&gt;&gt;</a>&nbsp;&nbsp;&nbsp;PICC_vRC523WriteReg
<LI><a href="#[24a]">&gt;&gt;</a>&nbsp;&nbsp;&nbsp;PICC_u8RC523ReadReg
</UL>

<P><STRONG><a name="[7b]"></a>RC523_vRstSetH</STRONG> (Thumb, 12 bytes, Stack size 8 bytes, rc523_driver.o(.text))
<BR><BR>[Stack]<UL><LI>Max Depth = 8<LI>Call Chain = RC523_vRstSetH
</UL>
<BR>[Calls]<UL><LI><a href="#[78]">&gt;&gt;</a>&nbsp;&nbsp;&nbsp;GPIO_SetBits
</UL>
<BR>[Called By]<UL><LI><a href="#[80]">&gt;&gt;</a>&nbsp;&nbsp;&nbsp;PICC_vRC523RstInit
<LI><a href="#[26a]">&gt;&gt;</a>&nbsp;&nbsp;&nbsp;PICC_RC523InterfaceInit
</UL>

<P><STRONG><a name="[7c]"></a>RC523_vRstSetL</STRONG> (Thumb, 12 bytes, Stack size 8 bytes, rc523_driver.o(.text))
<BR><BR>[Stack]<UL><LI>Max Depth = 8<LI>Call Chain = RC523_vRstSetL
</UL>
<BR>[Calls]<UL><LI><a href="#[7a]">&gt;&gt;</a>&nbsp;&nbsp;&nbsp;GPIO_ResetBits
</UL>
<BR>[Called By]<UL><LI><a href="#[26a]">&gt;&gt;</a>&nbsp;&nbsp;&nbsp;PICC_RC523InterfaceInit
</UL>

<P><STRONG><a name="[7d]"></a>PICC_vRC523SpiCsInit</STRONG> (Thumb, 42 bytes, Stack size 16 bytes, rc523_driver.o(.text))
<BR><BR>[Stack]<UL><LI>Max Depth = 36<LI>Call Chain = PICC_vRC523SpiCsInit &rArr; GPIO_Init
</UL>
<BR>[Calls]<UL><LI><a href="#[77]">&gt;&gt;</a>&nbsp;&nbsp;&nbsp;RC523_vSpiCsH
<LI><a href="#[7e]">&gt;&gt;</a>&nbsp;&nbsp;&nbsp;RCC_AHB1PeriphClockCmd
<LI><a href="#[7f]">&gt;&gt;</a>&nbsp;&nbsp;&nbsp;GPIO_Init
</UL>
<BR>[Called By]<UL><LI><a href="#[26a]">&gt;&gt;</a>&nbsp;&nbsp;&nbsp;PICC_RC523InterfaceInit
</UL>

<P><STRONG><a name="[80]"></a>PICC_vRC523RstInit</STRONG> (Thumb, 44 bytes, Stack size 16 bytes, rc523_driver.o(.text))
<BR><BR>[Stack]<UL><LI>Max Depth = 36<LI>Call Chain = PICC_vRC523RstInit &rArr; GPIO_Init
</UL>
<BR>[Calls]<UL><LI><a href="#[7b]">&gt;&gt;</a>&nbsp;&nbsp;&nbsp;RC523_vRstSetH
<LI><a href="#[7e]">&gt;&gt;</a>&nbsp;&nbsp;&nbsp;RCC_AHB1PeriphClockCmd
<LI><a href="#[7f]">&gt;&gt;</a>&nbsp;&nbsp;&nbsp;GPIO_Init
</UL>
<BR>[Called By]<UL><LI><a href="#[1b8]">&gt;&gt;</a>&nbsp;&nbsp;&nbsp;Mifare1_Debug
<LI><a href="#[26a]">&gt;&gt;</a>&nbsp;&nbsp;&nbsp;PICC_RC523InterfaceInit
</UL>

<P><STRONG><a name="[81]"></a>PICC_vRC523SpiInit</STRONG> (Thumb, 18 bytes, Stack size 8 bytes, rc523_driver.o(.text))
<BR><BR>[Stack]<UL><LI>Max Depth = 60<LI>Call Chain = PICC_vRC523SpiInit &rArr; SYSTEM_SPIInit &rArr; GPIO_PinAFConfig
</UL>
<BR>[Calls]<UL><LI><a href="#[82]">&gt;&gt;</a>&nbsp;&nbsp;&nbsp;RC523_Right
<LI><a href="#[83]">&gt;&gt;</a>&nbsp;&nbsp;&nbsp;SYSTEM_SPIInit
</UL>
<BR>[Called By]<UL><LI><a href="#[18e]">&gt;&gt;</a>&nbsp;&nbsp;&nbsp;CatactlessCPU_Debug
<LI><a href="#[161]">&gt;&gt;</a>&nbsp;&nbsp;&nbsp;AUTO_Debug
<LI><a href="#[1b8]">&gt;&gt;</a>&nbsp;&nbsp;&nbsp;Mifare1_Debug
<LI><a href="#[26a]">&gt;&gt;</a>&nbsp;&nbsp;&nbsp;PICC_RC523InterfaceInit
</UL>

<P><STRONG><a name="[84]"></a>PICC_vRC523SpiReadWrite</STRONG> (Thumb, 22 bytes, Stack size 8 bytes, rc523_driver.o(.text))
<BR><BR>[Stack]<UL><LI>Max Depth = 16<LI>Call Chain = PICC_vRC523SpiReadWrite &rArr; SYSTEM_SPISendReceiveByte
</UL>
<BR>[Calls]<UL><LI><a href="#[85]">&gt;&gt;</a>&nbsp;&nbsp;&nbsp;SYSTEM_SPISendReceiveByte
</UL>
<BR>[Called By]<UL><LI><a href="#[8a]">&gt;&gt;</a>&nbsp;&nbsp;&nbsp;PICC_vRC523WriteReg
<LI><a href="#[24a]">&gt;&gt;</a>&nbsp;&nbsp;&nbsp;PICC_u8RC523ReadReg
</UL>

<P><STRONG><a name="[86]"></a>Mifarel_Version</STRONG> (Thumb, 16 bytes, Stack size 8 bytes, mifare1_operate.o(.text), UNUSED)
<BR><BR>[Calls]<UL><LI><a href="#[87]">&gt;&gt;</a>&nbsp;&nbsp;&nbsp;__aeabi_memcpy
</UL>

<P><STRONG><a name="[88]"></a>MIFARE1_Request</STRONG> (Thumb, 50 bytes, Stack size 8 bytes, mifare1_operate.o(.text))
<BR><BR>[Stack]<UL><LI>Max Depth = 312<LI>Call Chain = MIFARE1_Request &rArr; PICC_u8PiccAbsentPolling &rArr; PICC_u8AbsentPolling &rArr; PICC_u8PolligTypeB &rArr; PICC_u8TypeBAttrib &rArr; PICC_vPcdSetFWT &rArr; PICC_vRC523WriteReg &rArr; PICC_vRC523SpiReadWrite &rArr; SYSTEM_SPISendReceiveByte
</UL>
<BR>[Calls]<UL><LI><a href="#[89]">&gt;&gt;</a>&nbsp;&nbsp;&nbsp;PICC_u8PcdInit
<LI><a href="#[8a]">&gt;&gt;</a>&nbsp;&nbsp;&nbsp;PICC_vRC523WriteReg
<LI><a href="#[8b]">&gt;&gt;</a>&nbsp;&nbsp;&nbsp;PICC_u8PiccAbsentPolling
</UL>
<BR>[Called By]<UL><LI><a href="#[1b8]">&gt;&gt;</a>&nbsp;&nbsp;&nbsp;Mifare1_Debug
</UL>

<P><STRONG><a name="[8c]"></a>MIFARE1_Anticoll</STRONG> (Thumb, 54 bytes, Stack size 16 bytes, mifare1_operate.o(.text))
<BR><BR>[Stack]<UL><LI>Max Depth = 24<LI>Call Chain = MIFARE1_Anticoll &rArr; PICC_u8GetPiccUid
</UL>
<BR>[Calls]<UL><LI><a href="#[8e]">&gt;&gt;</a>&nbsp;&nbsp;&nbsp;PICC_u8GetPiccUid
<LI><a href="#[8d]">&gt;&gt;</a>&nbsp;&nbsp;&nbsp;PICC_u8GetPiccType
</UL>
<BR>[Called By]<UL><LI><a href="#[1b8]">&gt;&gt;</a>&nbsp;&nbsp;&nbsp;Mifare1_Debug
</UL>

<P><STRONG><a name="[8f]"></a>MIFARE1_Select</STRONG> (Thumb, 30 bytes, Stack size 120 bytes, mifare1_operate.o(.text))
<BR><BR>[Stack]<UL><LI>Max Depth = 440<LI>Call Chain = MIFARE1_Select &rArr; PICC_u8PowerON &rArr; PICC_u8AbsentPolling &rArr; PICC_u8PolligTypeB &rArr; PICC_u8TypeBAttrib &rArr; PICC_vPcdSetFWT &rArr; PICC_vRC523WriteReg &rArr; PICC_vRC523SpiReadWrite &rArr; SYSTEM_SPISendReceiveByte
</UL>
<BR>[Calls]<UL><LI><a href="#[90]">&gt;&gt;</a>&nbsp;&nbsp;&nbsp;PICC_u8PowerON
</UL>
<BR>[Called By]<UL><LI><a href="#[1b8]">&gt;&gt;</a>&nbsp;&nbsp;&nbsp;Mifare1_Debug
</UL>

<P><STRONG><a name="[91]"></a>MIFARE1_Select2</STRONG> (Thumb, 96 bytes, Stack size 136 bytes, mifare1_operate.o(.text), UNUSED)
<BR><BR>[Calls]<UL><LI><a href="#[90]">&gt;&gt;</a>&nbsp;&nbsp;&nbsp;PICC_u8PowerON
<LI><a href="#[8e]">&gt;&gt;</a>&nbsp;&nbsp;&nbsp;PICC_u8GetPiccUid
<LI><a href="#[92]">&gt;&gt;</a>&nbsp;&nbsp;&nbsp;PICC_u8GetPiccSAK
</UL>

<P><STRONG><a name="[93]"></a>MIFARE1_DirectAuthent</STRONG> (Thumb, 178 bytes, Stack size 96 bytes, mifare1_operate.o(.text))
<BR><BR>[Stack]<UL><LI>Max Depth = 560<LI>Call Chain = MIFARE1_DirectAuthent &rArr; PICC_u8PiccPresentPolling &rArr; PICC_u8PresentPolling &rArr; PICC_u8ReqResponse &rArr; PICC_vPcdSetFWT &rArr; PICC_vRC523WriteReg &rArr; PICC_vRC523SpiReadWrite &rArr; SYSTEM_SPISendReceiveByte
</UL>
<BR>[Calls]<UL><LI><a href="#[94]">&gt;&gt;</a>&nbsp;&nbsp;&nbsp;PCSC_u8MafireCmd
<LI><a href="#[95]">&gt;&gt;</a>&nbsp;&nbsp;&nbsp;PICC_u8PiccPresentPolling
</UL>
<BR>[Called By]<UL><LI><a href="#[96]">&gt;&gt;</a>&nbsp;&nbsp;&nbsp;MIFARE1_Authent
</UL>

<P><STRONG><a name="[25a]"></a>MIFARE1_LoadKey</STRONG> (Thumb, 94 bytes, Stack size 16 bytes, mifare1_operate.o(.text))
<BR><BR>[Stack]<UL><LI>Max Depth = 16<LI>Call Chain = MIFARE1_LoadKey
</UL>
<BR>[Called By]<UL><LI><a href="#[1b8]">&gt;&gt;</a>&nbsp;&nbsp;&nbsp;Mifare1_Debug
</UL>

<P><STRONG><a name="[96]"></a>MIFARE1_Authent</STRONG> (Thumb, 90 bytes, Stack size 32 bytes, mifare1_operate.o(.text))
<BR><BR>[Stack]<UL><LI>Max Depth = 592<LI>Call Chain = MIFARE1_Authent &rArr; MIFARE1_DirectAuthent &rArr; PICC_u8PiccPresentPolling &rArr; PICC_u8PresentPolling &rArr; PICC_u8ReqResponse &rArr; PICC_vPcdSetFWT &rArr; PICC_vRC523WriteReg &rArr; PICC_vRC523SpiReadWrite &rArr; SYSTEM_SPISendReceiveByte
</UL>
<BR>[Calls]<UL><LI><a href="#[93]">&gt;&gt;</a>&nbsp;&nbsp;&nbsp;MIFARE1_DirectAuthent
</UL>
<BR>[Called By]<UL><LI><a href="#[1b8]">&gt;&gt;</a>&nbsp;&nbsp;&nbsp;Mifare1_Debug
</UL>

<P><STRONG><a name="[97]"></a>MIFARE1_ReadPicc</STRONG> (Thumb, 100 bytes, Stack size 88 bytes, mifare1_operate.o(.text))
<BR><BR>[Stack]<UL><LI>Max Depth = 480<LI>Call Chain = MIFARE1_ReadPicc &rArr; PCSC_u8MafireCmd &rArr; PCSC_u8GeneralCommand &rArr; PCSC_u8ValueIncDecCommand &rArr; Mafire_u8ValueIncDecCommand &rArr; Mafire_u8ValueOperation &rArr; PICC_u8PcdCmd &rArr; PICC_u8ActiveTransferErrCheckWait &rArr; PICC_vRC523WriteReg &rArr; PICC_vRC523SpiReadWrite &rArr; SYSTEM_SPISendReceiveByte
</UL>
<BR>[Calls]<UL><LI><a href="#[94]">&gt;&gt;</a>&nbsp;&nbsp;&nbsp;PCSC_u8MafireCmd
<LI><a href="#[87]">&gt;&gt;</a>&nbsp;&nbsp;&nbsp;__aeabi_memcpy
</UL>
<BR>[Called By]<UL><LI><a href="#[a1]">&gt;&gt;</a>&nbsp;&nbsp;&nbsp;MIFARE1_RestoreWallet_B
<LI><a href="#[9f]">&gt;&gt;</a>&nbsp;&nbsp;&nbsp;MIFARE1_DecWallet_B
<LI><a href="#[9c]">&gt;&gt;</a>&nbsp;&nbsp;&nbsp;MIFARE1_ReadWallet_B
<LI><a href="#[99]">&gt;&gt;</a>&nbsp;&nbsp;&nbsp;MIFARE1_CheckWallet
</UL>

<P><STRONG><a name="[98]"></a>MIFARE1_WritePicc</STRONG> (Thumb, 104 bytes, Stack size 88 bytes, mifare1_operate.o(.text), UNUSED)
<BR><BR>[Calls]<UL><LI><a href="#[94]">&gt;&gt;</a>&nbsp;&nbsp;&nbsp;PCSC_u8MafireCmd
<LI><a href="#[87]">&gt;&gt;</a>&nbsp;&nbsp;&nbsp;__aeabi_memcpy
</UL>

<P><STRONG><a name="[99]"></a>MIFARE1_CheckWallet</STRONG> (Thumb, 290 bytes, Stack size 48 bytes, mifare1_operate.o(.text))
<BR><BR>[Stack]<UL><LI>Max Depth = 528<LI>Call Chain = MIFARE1_CheckWallet &rArr; MIFARE1_ReadPicc &rArr; PCSC_u8MafireCmd &rArr; PCSC_u8GeneralCommand &rArr; PCSC_u8ValueIncDecCommand &rArr; Mafire_u8ValueIncDecCommand &rArr; Mafire_u8ValueOperation &rArr; PICC_u8PcdCmd &rArr; PICC_u8ActiveTransferErrCheckWait &rArr; PICC_vRC523WriteReg &rArr; PICC_vRC523SpiReadWrite &rArr; SYSTEM_SPISendReceiveByte
</UL>
<BR>[Calls]<UL><LI><a href="#[97]">&gt;&gt;</a>&nbsp;&nbsp;&nbsp;MIFARE1_ReadPicc
</UL>
<BR>[Called By]<UL><LI><a href="#[9b]">&gt;&gt;</a>&nbsp;&nbsp;&nbsp;MIFARE1_ReadWallet
<LI><a href="#[9d]">&gt;&gt;</a>&nbsp;&nbsp;&nbsp;MIFARE1_IncWallet
<LI><a href="#[9e]">&gt;&gt;</a>&nbsp;&nbsp;&nbsp;MIFARE1_DecWallet
<LI><a href="#[a0]">&gt;&gt;</a>&nbsp;&nbsp;&nbsp;MIFARE1_RestoreWallet
</UL>

<P><STRONG><a name="[9a]"></a>MIFARE1_InitWallet</STRONG> (Thumb, 132 bytes, Stack size 88 bytes, mifare1_operate.o(.text))
<BR><BR>[Stack]<UL><LI>Max Depth = 480<LI>Call Chain = MIFARE1_InitWallet &rArr; PCSC_u8MafireCmd &rArr; PCSC_u8GeneralCommand &rArr; PCSC_u8ValueIncDecCommand &rArr; Mafire_u8ValueIncDecCommand &rArr; Mafire_u8ValueOperation &rArr; PICC_u8PcdCmd &rArr; PICC_u8ActiveTransferErrCheckWait &rArr; PICC_vRC523WriteReg &rArr; PICC_vRC523SpiReadWrite &rArr; SYSTEM_SPISendReceiveByte
</UL>
<BR>[Calls]<UL><LI><a href="#[94]">&gt;&gt;</a>&nbsp;&nbsp;&nbsp;PCSC_u8MafireCmd
</UL>
<BR>[Called By]<UL><LI><a href="#[1b8]">&gt;&gt;</a>&nbsp;&nbsp;&nbsp;Mifare1_Debug
</UL>

<P><STRONG><a name="[9b]"></a>MIFARE1_ReadWallet</STRONG> (Thumb, 136 bytes, Stack size 88 bytes, mifare1_operate.o(.text))
<BR><BR>[Stack]<UL><LI>Max Depth = 616<LI>Call Chain = MIFARE1_ReadWallet &rArr; MIFARE1_CheckWallet &rArr; MIFARE1_ReadPicc &rArr; PCSC_u8MafireCmd &rArr; PCSC_u8GeneralCommand &rArr; PCSC_u8ValueIncDecCommand &rArr; Mafire_u8ValueIncDecCommand &rArr; Mafire_u8ValueOperation &rArr; PICC_u8PcdCmd &rArr; PICC_u8ActiveTransferErrCheckWait &rArr; PICC_vRC523WriteReg &rArr; PICC_vRC523SpiReadWrite &rArr; SYSTEM_SPISendReceiveByte
</UL>
<BR>[Calls]<UL><LI><a href="#[94]">&gt;&gt;</a>&nbsp;&nbsp;&nbsp;PCSC_u8MafireCmd
<LI><a href="#[99]">&gt;&gt;</a>&nbsp;&nbsp;&nbsp;MIFARE1_CheckWallet
</UL>
<BR>[Called By]<UL><LI><a href="#[1b8]">&gt;&gt;</a>&nbsp;&nbsp;&nbsp;Mifare1_Debug
</UL>

<P><STRONG><a name="[9c]"></a>MIFARE1_ReadWallet_B</STRONG> (Thumb, 290 bytes, Stack size 88 bytes, mifare1_operate.o(.text), UNUSED)
<BR><BR>[Calls]<UL><LI><a href="#[94]">&gt;&gt;</a>&nbsp;&nbsp;&nbsp;PCSC_u8MafireCmd
<LI><a href="#[97]">&gt;&gt;</a>&nbsp;&nbsp;&nbsp;MIFARE1_ReadPicc
</UL>

<P><STRONG><a name="[9d]"></a>MIFARE1_IncWallet</STRONG> (Thumb, 146 bytes, Stack size 88 bytes, mifare1_operate.o(.text))
<BR><BR>[Stack]<UL><LI>Max Depth = 616<LI>Call Chain = MIFARE1_IncWallet &rArr; MIFARE1_CheckWallet &rArr; MIFARE1_ReadPicc &rArr; PCSC_u8MafireCmd &rArr; PCSC_u8GeneralCommand &rArr; PCSC_u8ValueIncDecCommand &rArr; Mafire_u8ValueIncDecCommand &rArr; Mafire_u8ValueOperation &rArr; PICC_u8PcdCmd &rArr; PICC_u8ActiveTransferErrCheckWait &rArr; PICC_vRC523WriteReg &rArr; PICC_vRC523SpiReadWrite &rArr; SYSTEM_SPISendReceiveByte
</UL>
<BR>[Calls]<UL><LI><a href="#[94]">&gt;&gt;</a>&nbsp;&nbsp;&nbsp;PCSC_u8MafireCmd
<LI><a href="#[99]">&gt;&gt;</a>&nbsp;&nbsp;&nbsp;MIFARE1_CheckWallet
</UL>
<BR>[Called By]<UL><LI><a href="#[1b8]">&gt;&gt;</a>&nbsp;&nbsp;&nbsp;Mifare1_Debug
</UL>

<P><STRONG><a name="[9e]"></a>MIFARE1_DecWallet</STRONG> (Thumb, 146 bytes, Stack size 88 bytes, mifare1_operate.o(.text))
<BR><BR>[Stack]<UL><LI>Max Depth = 616<LI>Call Chain = MIFARE1_DecWallet &rArr; MIFARE1_CheckWallet &rArr; MIFARE1_ReadPicc &rArr; PCSC_u8MafireCmd &rArr; PCSC_u8GeneralCommand &rArr; PCSC_u8ValueIncDecCommand &rArr; Mafire_u8ValueIncDecCommand &rArr; Mafire_u8ValueOperation &rArr; PICC_u8PcdCmd &rArr; PICC_u8ActiveTransferErrCheckWait &rArr; PICC_vRC523WriteReg &rArr; PICC_vRC523SpiReadWrite &rArr; SYSTEM_SPISendReceiveByte
</UL>
<BR>[Calls]<UL><LI><a href="#[94]">&gt;&gt;</a>&nbsp;&nbsp;&nbsp;PCSC_u8MafireCmd
<LI><a href="#[99]">&gt;&gt;</a>&nbsp;&nbsp;&nbsp;MIFARE1_CheckWallet
</UL>
<BR>[Called By]<UL><LI><a href="#[1b8]">&gt;&gt;</a>&nbsp;&nbsp;&nbsp;Mifare1_Debug
</UL>

<P><STRONG><a name="[9f]"></a>MIFARE1_DecWallet_B</STRONG> (Thumb, 312 bytes, Stack size 88 bytes, mifare1_operate.o(.text), UNUSED)
<BR><BR>[Calls]<UL><LI><a href="#[94]">&gt;&gt;</a>&nbsp;&nbsp;&nbsp;PCSC_u8MafireCmd
<LI><a href="#[97]">&gt;&gt;</a>&nbsp;&nbsp;&nbsp;MIFARE1_ReadPicc
</UL>

<P><STRONG><a name="[a0]"></a>MIFARE1_RestoreWallet</STRONG> (Thumb, 122 bytes, Stack size 88 bytes, mifare1_operate.o(.text), UNUSED)
<BR><BR>[Calls]<UL><LI><a href="#[94]">&gt;&gt;</a>&nbsp;&nbsp;&nbsp;PCSC_u8MafireCmd
<LI><a href="#[99]">&gt;&gt;</a>&nbsp;&nbsp;&nbsp;MIFARE1_CheckWallet
</UL>

<P><STRONG><a name="[a1]"></a>MIFARE1_RestoreWallet_B</STRONG> (Thumb, 276 bytes, Stack size 88 bytes, mifare1_operate.o(.text), UNUSED)
<BR><BR>[Calls]<UL><LI><a href="#[94]">&gt;&gt;</a>&nbsp;&nbsp;&nbsp;PCSC_u8MafireCmd
<LI><a href="#[97]">&gt;&gt;</a>&nbsp;&nbsp;&nbsp;MIFARE1_ReadPicc
</UL>

<P><STRONG><a name="[a2]"></a>MIFARE1_ReadPiccEx</STRONG> (Thumb, 236 bytes, Stack size 80 bytes, mifare1_operate.o(.text), UNUSED)
<BR><BR>[Calls]<UL><LI><a href="#[8d]">&gt;&gt;</a>&nbsp;&nbsp;&nbsp;PICC_u8GetPiccType
<LI><a href="#[94]">&gt;&gt;</a>&nbsp;&nbsp;&nbsp;PCSC_u8MafireCmd
<LI><a href="#[87]">&gt;&gt;</a>&nbsp;&nbsp;&nbsp;__aeabi_memcpy
</UL>

<P><STRONG><a name="[a3]"></a>MIFARE1_WritePiccEx</STRONG> (Thumb, 126 bytes, Stack size 56 bytes, mifare1_operate.o(.text), UNUSED)
<BR><BR>[Calls]<UL><LI><a href="#[8d]">&gt;&gt;</a>&nbsp;&nbsp;&nbsp;PICC_u8GetPiccType
<LI><a href="#[94]">&gt;&gt;</a>&nbsp;&nbsp;&nbsp;PCSC_u8MafireCmd
<LI><a href="#[87]">&gt;&gt;</a>&nbsp;&nbsp;&nbsp;__aeabi_memcpy
</UL>

<P><STRONG><a name="[f2]"></a>CPU_Right</STRONG> (Thumb, 8 bytes, Stack size 0 bytes, cpu.o(.text))
<BR><BR>[Called By]<UL><LI><a href="#[f1]">&gt;&gt;</a>&nbsp;&nbsp;&nbsp;CPU_ColdReset
</UL>

<P><STRONG><a name="[a4]"></a>CPU_TotalDelayUsInit</STRONG> (Thumb, 22 bytes, Stack size 8 bytes, cpu.o(.text))
<BR><BR>[Stack]<UL><LI>Max Depth = 32<LI>Call Chain = CPU_TotalDelayUsInit &rArr; TIME3_DelayUsInit
</UL>
<BR>[Calls]<UL><LI><a href="#[a5]">&gt;&gt;</a>&nbsp;&nbsp;&nbsp;TIME3_DelayUsInit
<LI><a href="#[a6]">&gt;&gt;</a>&nbsp;&nbsp;&nbsp;TIME3_DelayUsEnable
</UL>
<BR>[Called By]<UL><LI><a href="#[d1]">&gt;&gt;</a>&nbsp;&nbsp;&nbsp;CPU_GetAtr
</UL>

<P><STRONG><a name="[a7]"></a>CPU_TotalDelayUsCheck</STRONG> (Thumb, 8 bytes, Stack size 8 bytes, cpu.o(.text))
<BR><BR>[Stack]<UL><LI>Max Depth = 28<LI>Call Chain = CPU_TotalDelayUsCheck &rArr; TIME3_DelayCheck &rArr; TIM_GetITStatus
</UL>
<BR>[Calls]<UL><LI><a href="#[a8]">&gt;&gt;</a>&nbsp;&nbsp;&nbsp;TIME3_DelayCheck
</UL>
<BR>[Called By]<UL><LI><a href="#[d1]">&gt;&gt;</a>&nbsp;&nbsp;&nbsp;CPU_GetAtr
</UL>

<P><STRONG><a name="[a9]"></a>CPU_DelayUsInit</STRONG> (Thumb, 18 bytes, Stack size 8 bytes, cpu.o(.text), UNUSED)
<BR><BR>[Calls]<UL><LI><a href="#[aa]">&gt;&gt;</a>&nbsp;&nbsp;&nbsp;TIME2_DelayUsInit
</UL>

<P><STRONG><a name="[ab]"></a>CPU_DelayUsEnable</STRONG> (Thumb, 8 bytes, Stack size 8 bytes, cpu.o(.text), UNUSED)
<BR><BR>[Calls]<UL><LI><a href="#[ac]">&gt;&gt;</a>&nbsp;&nbsp;&nbsp;TIME2_DelayUsEnable
</UL>

<P><STRONG><a name="[ad]"></a>CPU_DelayUsDisable</STRONG> (Thumb, 8 bytes, Stack size 8 bytes, cpu.o(.text), UNUSED)
<BR><BR>[Calls]<UL><LI><a href="#[ae]">&gt;&gt;</a>&nbsp;&nbsp;&nbsp;TIME2_DelayUsDisable
</UL>

<P><STRONG><a name="[af]"></a>CPU_DelayUsCheck</STRONG> (Thumb, 8 bytes, Stack size 8 bytes, cpu.o(.text), UNUSED)
<BR><BR>[Calls]<UL><LI><a href="#[b0]">&gt;&gt;</a>&nbsp;&nbsp;&nbsp;TIME2_DelayCheck
</UL>

<P><STRONG><a name="[b1]"></a>CPU_DelayUs</STRONG> (Thumb, 12 bytes, Stack size 8 bytes, cpu.o(.text))
<BR><BR>[Stack]<UL><LI>Max Depth = 44<LI>Call Chain = CPU_DelayUs &rArr; TIME2_DelayUs &rArr; TIM_GetITStatus
</UL>
<BR>[Calls]<UL><LI><a href="#[b2]">&gt;&gt;</a>&nbsp;&nbsp;&nbsp;TIME2_DelayUs
</UL>
<BR>[Called By]<UL><LI><a href="#[d9]">&gt;&gt;</a>&nbsp;&nbsp;&nbsp;CPU_HotActive
<LI><a href="#[d7]">&gt;&gt;</a>&nbsp;&nbsp;&nbsp;CPU_ColdActive
<LI><a href="#[bf]">&gt;&gt;</a>&nbsp;&nbsp;&nbsp;CPU_PowerOn
</UL>

<P><STRONG><a name="[b3]"></a>CPU_DelayMs</STRONG> (Thumb, 18 bytes, Stack size 8 bytes, cpu.o(.text))
<BR><BR>[Stack]<UL><LI>Max Depth = 44<LI>Call Chain = CPU_DelayMs &rArr; TIME2_DelayUs &rArr; TIM_GetITStatus
</UL>
<BR>[Calls]<UL><LI><a href="#[b2]">&gt;&gt;</a>&nbsp;&nbsp;&nbsp;TIME2_DelayUs
</UL>
<BR>[Called By]<UL><LI><a href="#[ec]">&gt;&gt;</a>&nbsp;&nbsp;&nbsp;CPU_Command
<LI><a href="#[f1]">&gt;&gt;</a>&nbsp;&nbsp;&nbsp;CPU_ColdReset
</UL>

<P><STRONG><a name="[b4]"></a>CPU_DelayOneETU</STRONG> (Thumb, 36 bytes, Stack size 8 bytes, cpu.o(.text), UNUSED)
<BR><BR>[Calls]<UL><LI><a href="#[b2]">&gt;&gt;</a>&nbsp;&nbsp;&nbsp;TIME2_DelayUs
</UL>

<P><STRONG><a name="[b5]"></a>CPU_DelayNETU</STRONG> (Thumb, 82 bytes, Stack size 8 bytes, cpu.o(.text))
<BR><BR>[Stack]<UL><LI>Max Depth = 44<LI>Call Chain = CPU_DelayNETU &rArr; TIME2_DelayUs &rArr; TIM_GetITStatus
</UL>
<BR>[Calls]<UL><LI><a href="#[b2]">&gt;&gt;</a>&nbsp;&nbsp;&nbsp;TIME2_DelayUs
</UL>
<BR>[Called By]<UL><LI><a href="#[e5]">&gt;&gt;</a>&nbsp;&nbsp;&nbsp;CPU_T1Command
<LI><a href="#[e3]">&gt;&gt;</a>&nbsp;&nbsp;&nbsp;CPU_CmdChangeIFSD
<LI><a href="#[e1]">&gt;&gt;</a>&nbsp;&nbsp;&nbsp;CPU_CmdT1SendBlock
<LI><a href="#[e0]">&gt;&gt;</a>&nbsp;&nbsp;&nbsp;CPU_CmdT1ReceiveBlock
<LI><a href="#[de]">&gt;&gt;</a>&nbsp;&nbsp;&nbsp;CPU_CmdData
<LI><a href="#[cf]">&gt;&gt;</a>&nbsp;&nbsp;&nbsp;CPU_SendLastByte
<LI><a href="#[cc]">&gt;&gt;</a>&nbsp;&nbsp;&nbsp;CPU_SendByte
</UL>

<P><STRONG><a name="[b6]"></a>CPU_DelayHalfETU</STRONG> (Thumb, 68 bytes, Stack size 8 bytes, cpu.o(.text), UNUSED)
<BR><BR>[Calls]<UL><LI><a href="#[b2]">&gt;&gt;</a>&nbsp;&nbsp;&nbsp;TIME2_DelayUs
</UL>

<P><STRONG><a name="[cb]"></a>CPU_ReversalByte</STRONG> (Thumb, 34 bytes, Stack size 0 bytes, cpu.o(.text))
<BR><BR>[Called By]<UL><LI><a href="#[cf]">&gt;&gt;</a>&nbsp;&nbsp;&nbsp;CPU_SendLastByte
<LI><a href="#[cc]">&gt;&gt;</a>&nbsp;&nbsp;&nbsp;CPU_SendByte
<LI><a href="#[c9]">&gt;&gt;</a>&nbsp;&nbsp;&nbsp;CPU_ReceiveByte
</UL>

<P><STRONG><a name="[b7]"></a>cpu_init</STRONG> (Thumb, 12 bytes, Stack size 8 bytes, cpu.o(.text))
<BR><BR>[Stack]<UL><LI>Max Depth = 52<LI>Call Chain = cpu_init &rArr; SC7816_Init &rArr; SC7816_GpioInit &rArr; GPIO_PinAFConfig
</UL>
<BR>[Calls]<UL><LI><a href="#[b8]">&gt;&gt;</a>&nbsp;&nbsp;&nbsp;SC7816_Init
</UL>
<BR>[Called By]<UL><LI><a href="#[f1]">&gt;&gt;</a>&nbsp;&nbsp;&nbsp;CPU_ColdReset
</UL>

<P><STRONG><a name="[b9]"></a>cpu_baud_init</STRONG> (Thumb, 118 bytes, Stack size 8 bytes, cpu.o(.text))
<BR><BR>[Stack]<UL><LI>Max Depth = 8<LI>Call Chain = cpu_baud_init
</UL>
<BR>[Calls]<UL><LI><a href="#[ba]">&gt;&gt;</a>&nbsp;&nbsp;&nbsp;SC7816_BaudSet
</UL>
<BR>[Called By]<UL><LI><a href="#[f1]">&gt;&gt;</a>&nbsp;&nbsp;&nbsp;CPU_ColdReset
<LI><a href="#[d5]">&gt;&gt;</a>&nbsp;&nbsp;&nbsp;CPU_ResetParse
<LI><a href="#[bb]">&gt;&gt;</a>&nbsp;&nbsp;&nbsp;CPU_SetBaudFromFD
</UL>

<P><STRONG><a name="[bb]"></a>CPU_SetBaudFromFD</STRONG> (Thumb, 120 bytes, Stack size 8 bytes, cpu.o(.text))
<BR><BR>[Stack]<UL><LI>Max Depth = 16<LI>Call Chain = CPU_SetBaudFromFD &rArr; cpu_baud_init
</UL>
<BR>[Calls]<UL><LI><a href="#[b9]">&gt;&gt;</a>&nbsp;&nbsp;&nbsp;cpu_baud_init
</UL>
<BR>[Called By]<UL><LI><a href="#[ea]">&gt;&gt;</a>&nbsp;&nbsp;&nbsp;CPU_CommandExecute
</UL>

<P><STRONG><a name="[375]"></a>CPU_SAMIOOutput</STRONG> (Thumb, 2 bytes, Stack size 0 bytes, cpu.o(.text), UNUSED)

<P><STRONG><a name="[376]"></a>CPU_SAMIOInput</STRONG> (Thumb, 2 bytes, Stack size 0 bytes, cpu.o(.text), UNUSED)

<P><STRONG><a name="[bc]"></a>CPU_SAMIOSelect</STRONG> (Thumb, 194 bytes, Stack size 8 bytes, cpu.o(.text))
<BR><BR>[Stack]<UL><LI>Max Depth = 8<LI>Call Chain = CPU_SAMIOSelect
</UL>
<BR>[Calls]<UL><LI><a href="#[78]">&gt;&gt;</a>&nbsp;&nbsp;&nbsp;GPIO_SetBits
<LI><a href="#[7a]">&gt;&gt;</a>&nbsp;&nbsp;&nbsp;GPIO_ResetBits
<LI><a href="#[bd]">&gt;&gt;</a>&nbsp;&nbsp;&nbsp;SC7816_PortSelect
</UL>
<BR>[Called By]<UL><LI><a href="#[f1]">&gt;&gt;</a>&nbsp;&nbsp;&nbsp;CPU_ColdReset
<LI><a href="#[ea]">&gt;&gt;</a>&nbsp;&nbsp;&nbsp;CPU_CommandExecute
</UL>

<P><STRONG><a name="[be]"></a>CPU_SetRst</STRONG> (Thumb, 158 bytes, Stack size 16 bytes, cpu.o(.text))
<BR><BR>[Stack]<UL><LI>Max Depth = 16<LI>Call Chain = CPU_SetRst
</UL>
<BR>[Calls]<UL><LI><a href="#[78]">&gt;&gt;</a>&nbsp;&nbsp;&nbsp;GPIO_SetBits
<LI><a href="#[7a]">&gt;&gt;</a>&nbsp;&nbsp;&nbsp;GPIO_ResetBits
</UL>
<BR>[Called By]<UL><LI><a href="#[c6]">&gt;&gt;</a>&nbsp;&nbsp;&nbsp;CPU_PowerDown
<LI><a href="#[d9]">&gt;&gt;</a>&nbsp;&nbsp;&nbsp;CPU_HotActive
<LI><a href="#[d7]">&gt;&gt;</a>&nbsp;&nbsp;&nbsp;CPU_ColdActive
<LI><a href="#[137]">&gt;&gt;</a>&nbsp;&nbsp;&nbsp;SC7816_TestTimer
<LI><a href="#[121]">&gt;&gt;</a>&nbsp;&nbsp;&nbsp;test_WorkingTimer
</UL>

<P><STRONG><a name="[bf]"></a>CPU_PowerOn</STRONG> (Thumb, 236 bytes, Stack size 16 bytes, cpu.o(.text))
<BR><BR>[Stack]<UL><LI>Max Depth = 60<LI>Call Chain = CPU_PowerOn &rArr; CPU_DelayUs &rArr; TIME2_DelayUs &rArr; TIM_GetITStatus
</UL>
<BR>[Calls]<UL><LI><a href="#[78]">&gt;&gt;</a>&nbsp;&nbsp;&nbsp;GPIO_SetBits
<LI><a href="#[7a]">&gt;&gt;</a>&nbsp;&nbsp;&nbsp;GPIO_ResetBits
<LI><a href="#[b1]">&gt;&gt;</a>&nbsp;&nbsp;&nbsp;CPU_DelayUs
</UL>
<BR>[Called By]<UL><LI><a href="#[d7]">&gt;&gt;</a>&nbsp;&nbsp;&nbsp;CPU_ColdActive
</UL>

<P><STRONG><a name="[c8]"></a>CPU_PowerOff</STRONG> (Thumb, 42 bytes, Stack size 0 bytes, cpu.o(.text))
<BR><BR>[Called By]<UL><LI><a href="#[c6]">&gt;&gt;</a>&nbsp;&nbsp;&nbsp;CPU_PowerDown
</UL>

<P><STRONG><a name="[c7]"></a>CPU_ClockOff</STRONG> (Thumb, 42 bytes, Stack size 0 bytes, cpu.o(.text))
<BR><BR>[Called By]<UL><LI><a href="#[c6]">&gt;&gt;</a>&nbsp;&nbsp;&nbsp;CPU_PowerDown
</UL>

<P><STRONG><a name="[d8]"></a>CPU_ClockOn</STRONG> (Thumb, 42 bytes, Stack size 0 bytes, cpu.o(.text))
<BR><BR>[Called By]<UL><LI><a href="#[d7]">&gt;&gt;</a>&nbsp;&nbsp;&nbsp;CPU_ColdActive
</UL>

<P><STRONG><a name="[ee]"></a>CPU_Detect</STRONG> (Thumb, 72 bytes, Stack size 0 bytes, cpu.o(.text))
<BR><BR>[Called By]<UL><LI><a href="#[ec]">&gt;&gt;</a>&nbsp;&nbsp;&nbsp;CPU_Command
<LI><a href="#[f1]">&gt;&gt;</a>&nbsp;&nbsp;&nbsp;CPU_ColdReset
<LI><a href="#[1bb]">&gt;&gt;</a>&nbsp;&nbsp;&nbsp;SAM_Menu
<LI><a href="#[ef]">&gt;&gt;</a>&nbsp;&nbsp;&nbsp;CPU_HotReset
</UL>

<P><STRONG><a name="[c0]"></a>CPU_ParaInit</STRONG> (Thumb, 458 bytes, Stack size 8 bytes, cpu.o(.text))
<BR><BR>[Stack]<UL><LI>Max Depth = 8<LI>Call Chain = CPU_ParaInit
</UL>
<BR>[Calls]<UL><LI><a href="#[c1]">&gt;&gt;</a>&nbsp;&nbsp;&nbsp;__aeabi_memclr4
</UL>
<BR>[Called By]<UL><LI><a href="#[f1]">&gt;&gt;</a>&nbsp;&nbsp;&nbsp;CPU_ColdReset
</UL>

<P><STRONG><a name="[c2]"></a>CPU_ReceiveAtrOver</STRONG> (Thumb, 44 bytes, Stack size 16 bytes, cpu.o(.text))
<BR><BR>[Stack]<UL><LI>Max Depth = 72<LI>Call Chain = CPU_ReceiveAtrOver &rArr; SC7816_ReceiveByte &rArr; ICCGPIO_InData &rArr; sam_io_enable_in_out
</UL>
<BR>[Calls]<UL><LI><a href="#[c3]">&gt;&gt;</a>&nbsp;&nbsp;&nbsp;SC7816_SetStopBit
<LI><a href="#[c4]">&gt;&gt;</a>&nbsp;&nbsp;&nbsp;SC7816_ReceiveByte
</UL>
<BR>[Called By]<UL><LI><a href="#[d1]">&gt;&gt;</a>&nbsp;&nbsp;&nbsp;CPU_GetAtr
</UL>

<P><STRONG><a name="[c5]"></a>CPU_ReceiveFirstByte</STRONG> (Thumb, 54 bytes, Stack size 8 bytes, cpu.o(.text))
<BR><BR>[Stack]<UL><LI>Max Depth = 64<LI>Call Chain = CPU_ReceiveFirstByte &rArr; SC7816_ReceiveByte &rArr; ICCGPIO_InData &rArr; sam_io_enable_in_out
</UL>
<BR>[Calls]<UL><LI><a href="#[c3]">&gt;&gt;</a>&nbsp;&nbsp;&nbsp;SC7816_SetStopBit
<LI><a href="#[c4]">&gt;&gt;</a>&nbsp;&nbsp;&nbsp;SC7816_ReceiveByte
</UL>
<BR>[Called By]<UL><LI><a href="#[d1]">&gt;&gt;</a>&nbsp;&nbsp;&nbsp;CPU_GetAtr
</UL>

<P><STRONG><a name="[c6]"></a>CPU_PowerDown</STRONG> (Thumb, 216 bytes, Stack size 8 bytes, cpu.o(.text))
<BR><BR>[Stack]<UL><LI>Max Depth = 24<LI>Call Chain = CPU_PowerDown &rArr; CPU_SetRst
</UL>
<BR>[Calls]<UL><LI><a href="#[c7]">&gt;&gt;</a>&nbsp;&nbsp;&nbsp;CPU_ClockOff
<LI><a href="#[c8]">&gt;&gt;</a>&nbsp;&nbsp;&nbsp;CPU_PowerOff
<LI><a href="#[be]">&gt;&gt;</a>&nbsp;&nbsp;&nbsp;CPU_SetRst
</UL>
<BR>[Called By]<UL><LI><a href="#[f1]">&gt;&gt;</a>&nbsp;&nbsp;&nbsp;CPU_ColdReset
<LI><a href="#[1bb]">&gt;&gt;</a>&nbsp;&nbsp;&nbsp;SAM_Menu
<LI><a href="#[ef]">&gt;&gt;</a>&nbsp;&nbsp;&nbsp;CPU_HotReset
<LI><a href="#[e5]">&gt;&gt;</a>&nbsp;&nbsp;&nbsp;CPU_T1Command
<LI><a href="#[e3]">&gt;&gt;</a>&nbsp;&nbsp;&nbsp;CPU_CmdChangeIFSD
<LI><a href="#[c9]">&gt;&gt;</a>&nbsp;&nbsp;&nbsp;CPU_ReceiveByte
<LI><a href="#[eb]">&gt;&gt;</a>&nbsp;&nbsp;&nbsp;cpu_process_byte_manage
</UL>

<P><STRONG><a name="[c9]"></a>CPU_ReceiveByte</STRONG> (Thumb, 158 bytes, Stack size 16 bytes, cpu.o(.text))
<BR><BR>[Stack]<UL><LI>Max Depth = 88<LI>Call Chain = CPU_ReceiveByte &rArr; SC7816_ReceiveByteHRate &rArr; SC7816_ReceiveByte &rArr; ICCGPIO_InData &rArr; sam_io_enable_in_out
</UL>
<BR>[Calls]<UL><LI><a href="#[c6]">&gt;&gt;</a>&nbsp;&nbsp;&nbsp;CPU_PowerDown
<LI><a href="#[c3]">&gt;&gt;</a>&nbsp;&nbsp;&nbsp;SC7816_SetStopBit
<LI><a href="#[ca]">&gt;&gt;</a>&nbsp;&nbsp;&nbsp;SC7816_ReceiveByteHRate
<LI><a href="#[c4]">&gt;&gt;</a>&nbsp;&nbsp;&nbsp;SC7816_ReceiveByte
<LI><a href="#[cb]">&gt;&gt;</a>&nbsp;&nbsp;&nbsp;CPU_ReversalByte
</UL>
<BR>[Called By]<UL><LI><a href="#[e0]">&gt;&gt;</a>&nbsp;&nbsp;&nbsp;CPU_CmdT1ReceiveBlock
<LI><a href="#[df]">&gt;&gt;</a>&nbsp;&nbsp;&nbsp;CPU_CmdSendPTS
<LI><a href="#[de]">&gt;&gt;</a>&nbsp;&nbsp;&nbsp;CPU_CmdData
<LI><a href="#[dc]">&gt;&gt;</a>&nbsp;&nbsp;&nbsp;CPU_CmdNoData
<LI><a href="#[db]">&gt;&gt;</a>&nbsp;&nbsp;&nbsp;CPU_CmdReturn
<LI><a href="#[da]">&gt;&gt;</a>&nbsp;&nbsp;&nbsp;CPU_GetSW1SW2
<LI><a href="#[d1]">&gt;&gt;</a>&nbsp;&nbsp;&nbsp;CPU_GetAtr
</UL>

<P><STRONG><a name="[cc]"></a>CPU_SendByte</STRONG> (Thumb, 136 bytes, Stack size 8 bytes, cpu.o(.text))
<BR><BR>[Stack]<UL><LI>Max Depth = 64<LI>Call Chain = CPU_SendByte &rArr; SC7816_SendByteHRate &rArr; write_T0_Byte &rArr; ICCGPIO_OutData &rArr; sam_io_enable_in_out
</UL>
<BR>[Calls]<UL><LI><a href="#[c3]">&gt;&gt;</a>&nbsp;&nbsp;&nbsp;SC7816_SetStopBit
<LI><a href="#[cd]">&gt;&gt;</a>&nbsp;&nbsp;&nbsp;SC7816_SendByteHRate
<LI><a href="#[ce]">&gt;&gt;</a>&nbsp;&nbsp;&nbsp;SC7816_SendByte
<LI><a href="#[cb]">&gt;&gt;</a>&nbsp;&nbsp;&nbsp;CPU_ReversalByte
<LI><a href="#[b5]">&gt;&gt;</a>&nbsp;&nbsp;&nbsp;CPU_DelayNETU
</UL>
<BR>[Called By]<UL><LI><a href="#[e4]">&gt;&gt;</a>&nbsp;&nbsp;&nbsp;CPU_CmdSendRBlock
<LI><a href="#[e1]">&gt;&gt;</a>&nbsp;&nbsp;&nbsp;CPU_CmdT1SendBlock
<LI><a href="#[df]">&gt;&gt;</a>&nbsp;&nbsp;&nbsp;CPU_CmdSendPTS
<LI><a href="#[de]">&gt;&gt;</a>&nbsp;&nbsp;&nbsp;CPU_CmdData
<LI><a href="#[dc]">&gt;&gt;</a>&nbsp;&nbsp;&nbsp;CPU_CmdNoData
</UL>

<P><STRONG><a name="[cf]"></a>CPU_SendLastByte</STRONG> (Thumb, 108 bytes, Stack size 8 bytes, cpu.o(.text))
<BR><BR>[Stack]<UL><LI>Max Depth = 64<LI>Call Chain = CPU_SendLastByte &rArr; SC7816_SendLastByte &rArr; write_T0_LastByte &rArr; ICCGPIO_OutData &rArr; sam_io_enable_in_out
</UL>
<BR>[Calls]<UL><LI><a href="#[c3]">&gt;&gt;</a>&nbsp;&nbsp;&nbsp;SC7816_SetStopBit
<LI><a href="#[d0]">&gt;&gt;</a>&nbsp;&nbsp;&nbsp;SC7816_SendLastByte
<LI><a href="#[cd]">&gt;&gt;</a>&nbsp;&nbsp;&nbsp;SC7816_SendByteHRate
<LI><a href="#[cb]">&gt;&gt;</a>&nbsp;&nbsp;&nbsp;CPU_ReversalByte
<LI><a href="#[b5]">&gt;&gt;</a>&nbsp;&nbsp;&nbsp;CPU_DelayNETU
</UL>
<BR>[Called By]<UL><LI><a href="#[de]">&gt;&gt;</a>&nbsp;&nbsp;&nbsp;CPU_CmdData
</UL>

<P><STRONG><a name="[d1]"></a>CPU_GetAtr</STRONG> (Thumb, 478 bytes, Stack size 40 bytes, cpu.o(.text))
<BR><BR>[Stack]<UL><LI>Max Depth = 128<LI>Call Chain = CPU_GetAtr &rArr; CPU_ReceiveByte &rArr; SC7816_ReceiveByteHRate &rArr; SC7816_ReceiveByte &rArr; ICCGPIO_InData &rArr; sam_io_enable_in_out
</UL>
<BR>[Calls]<UL><LI><a href="#[d4]">&gt;&gt;</a>&nbsp;&nbsp;&nbsp;SC7816_ParitySelect
<LI><a href="#[d3]">&gt;&gt;</a>&nbsp;&nbsp;&nbsp;SC7816_ParityEnable
<LI><a href="#[d2]">&gt;&gt;</a>&nbsp;&nbsp;&nbsp;SC7816_ParityDisable
<LI><a href="#[c9]">&gt;&gt;</a>&nbsp;&nbsp;&nbsp;CPU_ReceiveByte
<LI><a href="#[c5]">&gt;&gt;</a>&nbsp;&nbsp;&nbsp;CPU_ReceiveFirstByte
<LI><a href="#[c2]">&gt;&gt;</a>&nbsp;&nbsp;&nbsp;CPU_ReceiveAtrOver
<LI><a href="#[a7]">&gt;&gt;</a>&nbsp;&nbsp;&nbsp;CPU_TotalDelayUsCheck
<LI><a href="#[a4]">&gt;&gt;</a>&nbsp;&nbsp;&nbsp;CPU_TotalDelayUsInit
</UL>
<BR>[Called By]<UL><LI><a href="#[f1]">&gt;&gt;</a>&nbsp;&nbsp;&nbsp;CPU_ColdReset
<LI><a href="#[ef]">&gt;&gt;</a>&nbsp;&nbsp;&nbsp;CPU_HotReset
</UL>

<P><STRONG><a name="[d6]"></a>CPU_CalculateETUFromFD</STRONG> (Thumb, 60 bytes, Stack size 0 bytes, cpu.o(.text))
<BR><BR>[Called By]<UL><LI><a href="#[f1]">&gt;&gt;</a>&nbsp;&nbsp;&nbsp;CPU_ColdReset
<LI><a href="#[df]">&gt;&gt;</a>&nbsp;&nbsp;&nbsp;CPU_CmdSendPTS
<LI><a href="#[d5]">&gt;&gt;</a>&nbsp;&nbsp;&nbsp;CPU_ResetParse
</UL>

<P><STRONG><a name="[d5]"></a>CPU_ResetParse</STRONG> (Thumb, 1284 bytes, Stack size 88 bytes, cpu.o(.text))
<BR><BR>[Stack]<UL><LI>Max Depth = 96<LI>Call Chain = CPU_ResetParse &rArr; cpu_baud_init
</UL>
<BR>[Calls]<UL><LI><a href="#[d4]">&gt;&gt;</a>&nbsp;&nbsp;&nbsp;SC7816_ParitySelect
<LI><a href="#[d6]">&gt;&gt;</a>&nbsp;&nbsp;&nbsp;CPU_CalculateETUFromFD
<LI><a href="#[b9]">&gt;&gt;</a>&nbsp;&nbsp;&nbsp;cpu_baud_init
</UL>
<BR>[Called By]<UL><LI><a href="#[f1]">&gt;&gt;</a>&nbsp;&nbsp;&nbsp;CPU_ColdReset
<LI><a href="#[ef]">&gt;&gt;</a>&nbsp;&nbsp;&nbsp;CPU_HotReset
</UL>

<P><STRONG><a name="[d7]"></a>CPU_ColdActive</STRONG> (Thumb, 62 bytes, Stack size 8 bytes, cpu.o(.text))
<BR><BR>[Stack]<UL><LI>Max Depth = 68<LI>Call Chain = CPU_ColdActive &rArr; CPU_PowerOn &rArr; CPU_DelayUs &rArr; TIME2_DelayUs &rArr; TIM_GetITStatus
</UL>
<BR>[Calls]<UL><LI><a href="#[d8]">&gt;&gt;</a>&nbsp;&nbsp;&nbsp;CPU_ClockOn
<LI><a href="#[bf]">&gt;&gt;</a>&nbsp;&nbsp;&nbsp;CPU_PowerOn
<LI><a href="#[be]">&gt;&gt;</a>&nbsp;&nbsp;&nbsp;CPU_SetRst
<LI><a href="#[b1]">&gt;&gt;</a>&nbsp;&nbsp;&nbsp;CPU_DelayUs
</UL>
<BR>[Called By]<UL><LI><a href="#[f1]">&gt;&gt;</a>&nbsp;&nbsp;&nbsp;CPU_ColdReset
</UL>

<P><STRONG><a name="[d9]"></a>CPU_HotActive</STRONG> (Thumb, 32 bytes, Stack size 8 bytes, cpu.o(.text))
<BR><BR>[Stack]<UL><LI>Max Depth = 52<LI>Call Chain = CPU_HotActive &rArr; CPU_DelayUs &rArr; TIME2_DelayUs &rArr; TIM_GetITStatus
</UL>
<BR>[Calls]<UL><LI><a href="#[be]">&gt;&gt;</a>&nbsp;&nbsp;&nbsp;CPU_SetRst
<LI><a href="#[b1]">&gt;&gt;</a>&nbsp;&nbsp;&nbsp;CPU_DelayUs
</UL>
<BR>[Called By]<UL><LI><a href="#[ef]">&gt;&gt;</a>&nbsp;&nbsp;&nbsp;CPU_HotReset
</UL>

<P><STRONG><a name="[da]"></a>CPU_GetSW1SW2</STRONG> (Thumb, 90 bytes, Stack size 16 bytes, cpu.o(.text))
<BR><BR>[Stack]<UL><LI>Max Depth = 104<LI>Call Chain = CPU_GetSW1SW2 &rArr; CPU_ReceiveByte &rArr; SC7816_ReceiveByteHRate &rArr; SC7816_ReceiveByte &rArr; ICCGPIO_InData &rArr; sam_io_enable_in_out
</UL>
<BR>[Calls]<UL><LI><a href="#[c9]">&gt;&gt;</a>&nbsp;&nbsp;&nbsp;CPU_ReceiveByte
</UL>
<BR>[Called By]<UL><LI><a href="#[de]">&gt;&gt;</a>&nbsp;&nbsp;&nbsp;CPU_CmdData
<LI><a href="#[dc]">&gt;&gt;</a>&nbsp;&nbsp;&nbsp;CPU_CmdNoData
<LI><a href="#[db]">&gt;&gt;</a>&nbsp;&nbsp;&nbsp;CPU_CmdReturn
</UL>

<P><STRONG><a name="[db]"></a>CPU_CmdReturn</STRONG> (Thumb, 208 bytes, Stack size 32 bytes, cpu.o(.text))
<BR><BR>[Stack]<UL><LI>Max Depth = 136<LI>Call Chain = CPU_CmdReturn &rArr; CPU_GetSW1SW2 &rArr; CPU_ReceiveByte &rArr; SC7816_ReceiveByteHRate &rArr; SC7816_ReceiveByte &rArr; ICCGPIO_InData &rArr; sam_io_enable_in_out
</UL>
<BR>[Calls]<UL><LI><a href="#[da]">&gt;&gt;</a>&nbsp;&nbsp;&nbsp;CPU_GetSW1SW2
<LI><a href="#[c9]">&gt;&gt;</a>&nbsp;&nbsp;&nbsp;CPU_ReceiveByte
</UL>
<BR>[Called By]<UL><LI><a href="#[de]">&gt;&gt;</a>&nbsp;&nbsp;&nbsp;CPU_CmdData
</UL>

<P><STRONG><a name="[dc]"></a>CPU_CmdNoData</STRONG> (Thumb, 290 bytes, Stack size 32 bytes, cpu.o(.text))
<BR><BR>[Stack]<UL><LI>Max Depth = 136<LI>Call Chain = CPU_CmdNoData &rArr; CPU_GetSW1SW2 &rArr; CPU_ReceiveByte &rArr; SC7816_ReceiveByteHRate &rArr; SC7816_ReceiveByte &rArr; ICCGPIO_InData &rArr; sam_io_enable_in_out
</UL>
<BR>[Calls]<UL><LI><a href="#[dd]">&gt;&gt;</a>&nbsp;&nbsp;&nbsp;SYSTEM_WatchDogClear
<LI><a href="#[da]">&gt;&gt;</a>&nbsp;&nbsp;&nbsp;CPU_GetSW1SW2
<LI><a href="#[cc]">&gt;&gt;</a>&nbsp;&nbsp;&nbsp;CPU_SendByte
<LI><a href="#[c9]">&gt;&gt;</a>&nbsp;&nbsp;&nbsp;CPU_ReceiveByte
</UL>
<BR>[Called By]<UL><LI><a href="#[ea]">&gt;&gt;</a>&nbsp;&nbsp;&nbsp;CPU_CommandExecute
</UL>

<P><STRONG><a name="[de]"></a>CPU_CmdData</STRONG> (Thumb, 496 bytes, Stack size 40 bytes, cpu.o(.text))
<BR><BR>[Stack]<UL><LI>Max Depth = 176<LI>Call Chain = CPU_CmdData &rArr; CPU_CmdReturn &rArr; CPU_GetSW1SW2 &rArr; CPU_ReceiveByte &rArr; SC7816_ReceiveByteHRate &rArr; SC7816_ReceiveByte &rArr; ICCGPIO_InData &rArr; sam_io_enable_in_out
</UL>
<BR>[Calls]<UL><LI><a href="#[dd]">&gt;&gt;</a>&nbsp;&nbsp;&nbsp;SYSTEM_WatchDogClear
<LI><a href="#[db]">&gt;&gt;</a>&nbsp;&nbsp;&nbsp;CPU_CmdReturn
<LI><a href="#[da]">&gt;&gt;</a>&nbsp;&nbsp;&nbsp;CPU_GetSW1SW2
<LI><a href="#[cf]">&gt;&gt;</a>&nbsp;&nbsp;&nbsp;CPU_SendLastByte
<LI><a href="#[cc]">&gt;&gt;</a>&nbsp;&nbsp;&nbsp;CPU_SendByte
<LI><a href="#[c9]">&gt;&gt;</a>&nbsp;&nbsp;&nbsp;CPU_ReceiveByte
<LI><a href="#[b5]">&gt;&gt;</a>&nbsp;&nbsp;&nbsp;CPU_DelayNETU
</UL>
<BR>[Called By]<UL><LI><a href="#[ea]">&gt;&gt;</a>&nbsp;&nbsp;&nbsp;CPU_CommandExecute
</UL>

<P><STRONG><a name="[df]"></a>CPU_CmdSendPTS</STRONG> (Thumb, 318 bytes, Stack size 32 bytes, cpu.o(.text))
<BR><BR>[Stack]<UL><LI>Max Depth = 120<LI>Call Chain = CPU_CmdSendPTS &rArr; CPU_ReceiveByte &rArr; SC7816_ReceiveByteHRate &rArr; SC7816_ReceiveByte &rArr; ICCGPIO_InData &rArr; sam_io_enable_in_out
</UL>
<BR>[Calls]<UL><LI><a href="#[dd]">&gt;&gt;</a>&nbsp;&nbsp;&nbsp;SYSTEM_WatchDogClear
<LI><a href="#[d6]">&gt;&gt;</a>&nbsp;&nbsp;&nbsp;CPU_CalculateETUFromFD
<LI><a href="#[cc]">&gt;&gt;</a>&nbsp;&nbsp;&nbsp;CPU_SendByte
<LI><a href="#[c9]">&gt;&gt;</a>&nbsp;&nbsp;&nbsp;CPU_ReceiveByte
</UL>
<BR>[Called By]<UL><LI><a href="#[ea]">&gt;&gt;</a>&nbsp;&nbsp;&nbsp;CPU_CommandExecute
</UL>

<P><STRONG><a name="[e2]"></a>CPU_GetLRC</STRONG> (Thumb, 24 bytes, Stack size 8 bytes, cpu.o(.text))
<BR><BR>[Stack]<UL><LI>Max Depth = 8<LI>Call Chain = CPU_GetLRC
</UL>
<BR>[Called By]<UL><LI><a href="#[e3]">&gt;&gt;</a>&nbsp;&nbsp;&nbsp;CPU_CmdChangeIFSD
<LI><a href="#[e1]">&gt;&gt;</a>&nbsp;&nbsp;&nbsp;CPU_CmdT1SendBlock
</UL>

<P><STRONG><a name="[e0]"></a>CPU_CmdT1ReceiveBlock</STRONG> (Thumb, 388 bytes, Stack size 32 bytes, cpu.o(.text))
<BR><BR>[Stack]<UL><LI>Max Depth = 120<LI>Call Chain = CPU_CmdT1ReceiveBlock &rArr; CPU_ReceiveByte &rArr; SC7816_ReceiveByteHRate &rArr; SC7816_ReceiveByte &rArr; ICCGPIO_InData &rArr; sam_io_enable_in_out
</UL>
<BR>[Calls]<UL><LI><a href="#[c9]">&gt;&gt;</a>&nbsp;&nbsp;&nbsp;CPU_ReceiveByte
<LI><a href="#[b5]">&gt;&gt;</a>&nbsp;&nbsp;&nbsp;CPU_DelayNETU
</UL>
<BR>[Called By]<UL><LI><a href="#[e5]">&gt;&gt;</a>&nbsp;&nbsp;&nbsp;CPU_T1Command
<LI><a href="#[e3]">&gt;&gt;</a>&nbsp;&nbsp;&nbsp;CPU_CmdChangeIFSD
</UL>

<P><STRONG><a name="[e1]"></a>CPU_CmdT1SendBlock</STRONG> (Thumb, 58 bytes, Stack size 24 bytes, cpu.o(.text))
<BR><BR>[Stack]<UL><LI>Max Depth = 88<LI>Call Chain = CPU_CmdT1SendBlock &rArr; CPU_SendByte &rArr; SC7816_SendByteHRate &rArr; write_T0_Byte &rArr; ICCGPIO_OutData &rArr; sam_io_enable_in_out
</UL>
<BR>[Calls]<UL><LI><a href="#[e2]">&gt;&gt;</a>&nbsp;&nbsp;&nbsp;CPU_GetLRC
<LI><a href="#[cc]">&gt;&gt;</a>&nbsp;&nbsp;&nbsp;CPU_SendByte
<LI><a href="#[b5]">&gt;&gt;</a>&nbsp;&nbsp;&nbsp;CPU_DelayNETU
</UL>
<BR>[Called By]<UL><LI><a href="#[e5]">&gt;&gt;</a>&nbsp;&nbsp;&nbsp;CPU_T1Command
<LI><a href="#[e3]">&gt;&gt;</a>&nbsp;&nbsp;&nbsp;CPU_CmdChangeIFSD
</UL>

<P><STRONG><a name="[e3]"></a>CPU_CmdChangeIFSD</STRONG> (Thumb, 310 bytes, Stack size 24 bytes, cpu.o(.text))
<BR><BR>[Stack]<UL><LI>Max Depth = 144<LI>Call Chain = CPU_CmdChangeIFSD &rArr; CPU_CmdT1ReceiveBlock &rArr; CPU_ReceiveByte &rArr; SC7816_ReceiveByteHRate &rArr; SC7816_ReceiveByte &rArr; ICCGPIO_InData &rArr; sam_io_enable_in_out
</UL>
<BR>[Calls]<UL><LI><a href="#[c6]">&gt;&gt;</a>&nbsp;&nbsp;&nbsp;CPU_PowerDown
<LI><a href="#[dd]">&gt;&gt;</a>&nbsp;&nbsp;&nbsp;SYSTEM_WatchDogClear
<LI><a href="#[e1]">&gt;&gt;</a>&nbsp;&nbsp;&nbsp;CPU_CmdT1SendBlock
<LI><a href="#[e0]">&gt;&gt;</a>&nbsp;&nbsp;&nbsp;CPU_CmdT1ReceiveBlock
<LI><a href="#[e2]">&gt;&gt;</a>&nbsp;&nbsp;&nbsp;CPU_GetLRC
<LI><a href="#[b5]">&gt;&gt;</a>&nbsp;&nbsp;&nbsp;CPU_DelayNETU
</UL>
<BR>[Called By]<UL><LI><a href="#[f1]">&gt;&gt;</a>&nbsp;&nbsp;&nbsp;CPU_ColdReset
</UL>

<P><STRONG><a name="[e7]"></a>CPU_UpdateCurrentT1DataToCard</STRONG> (Thumb, 40 bytes, Stack size 0 bytes, cpu.o(.text))
<BR><BR>[Called By]<UL><LI><a href="#[e5]">&gt;&gt;</a>&nbsp;&nbsp;&nbsp;CPU_T1Command
</UL>

<P><STRONG><a name="[377]"></a>CPU_UpdateCardToT1Data</STRONG> (Thumb, 70 bytes, Stack size 0 bytes, cpu.o(.text), UNUSED)

<P><STRONG><a name="[e4]"></a>CPU_CmdSendRBlock</STRONG> (Thumb, 54 bytes, Stack size 32 bytes, cpu.o(.text))
<BR><BR>[Stack]<UL><LI>Max Depth = 96<LI>Call Chain = CPU_CmdSendRBlock &rArr; CPU_SendByte &rArr; SC7816_SendByteHRate &rArr; write_T0_Byte &rArr; ICCGPIO_OutData &rArr; sam_io_enable_in_out
</UL>
<BR>[Calls]<UL><LI><a href="#[cc]">&gt;&gt;</a>&nbsp;&nbsp;&nbsp;CPU_SendByte
</UL>
<BR>[Called By]<UL><LI><a href="#[e5]">&gt;&gt;</a>&nbsp;&nbsp;&nbsp;CPU_T1Command
</UL>

<P><STRONG><a name="[e5]"></a>CPU_T1Command</STRONG> (Thumb, 1626 bytes, Stack size 368 bytes, cpu.o(.text))
<BR><BR>[Stack]<UL><LI>Max Depth = 488<LI>Call Chain = CPU_T1Command &rArr; CPU_CmdT1ReceiveBlock &rArr; CPU_ReceiveByte &rArr; SC7816_ReceiveByteHRate &rArr; SC7816_ReceiveByte &rArr; ICCGPIO_InData &rArr; sam_io_enable_in_out
</UL>
<BR>[Calls]<UL><LI><a href="#[c6]">&gt;&gt;</a>&nbsp;&nbsp;&nbsp;CPU_PowerDown
<LI><a href="#[dd]">&gt;&gt;</a>&nbsp;&nbsp;&nbsp;SYSTEM_WatchDogClear
<LI><a href="#[e4]">&gt;&gt;</a>&nbsp;&nbsp;&nbsp;CPU_CmdSendRBlock
<LI><a href="#[e7]">&gt;&gt;</a>&nbsp;&nbsp;&nbsp;CPU_UpdateCurrentT1DataToCard
<LI><a href="#[e1]">&gt;&gt;</a>&nbsp;&nbsp;&nbsp;CPU_CmdT1SendBlock
<LI><a href="#[e0]">&gt;&gt;</a>&nbsp;&nbsp;&nbsp;CPU_CmdT1ReceiveBlock
<LI><a href="#[b5]">&gt;&gt;</a>&nbsp;&nbsp;&nbsp;CPU_DelayNETU
<LI><a href="#[c1]">&gt;&gt;</a>&nbsp;&nbsp;&nbsp;__aeabi_memclr4
<LI><a href="#[e6]">&gt;&gt;</a>&nbsp;&nbsp;&nbsp;__aeabi_memcpy4
<LI><a href="#[87]">&gt;&gt;</a>&nbsp;&nbsp;&nbsp;__aeabi_memcpy
</UL>
<BR>[Called By]<UL><LI><a href="#[ea]">&gt;&gt;</a>&nbsp;&nbsp;&nbsp;CPU_CommandExecute
</UL>

<P><STRONG><a name="[ea]"></a>CPU_CommandExecute</STRONG> (Thumb, 484 bytes, Stack size 32 bytes, cpu.o(.text))
<BR><BR>[Stack]<UL><LI>Max Depth = 520<LI>Call Chain = CPU_CommandExecute &rArr; CPU_T1Command &rArr; CPU_CmdT1ReceiveBlock &rArr; CPU_ReceiveByte &rArr; SC7816_ReceiveByteHRate &rArr; SC7816_ReceiveByte &rArr; ICCGPIO_InData &rArr; sam_io_enable_in_out
</UL>
<BR>[Calls]<UL><LI><a href="#[dd]">&gt;&gt;</a>&nbsp;&nbsp;&nbsp;SYSTEM_WatchDogClear
<LI><a href="#[e5]">&gt;&gt;</a>&nbsp;&nbsp;&nbsp;CPU_T1Command
<LI><a href="#[df]">&gt;&gt;</a>&nbsp;&nbsp;&nbsp;CPU_CmdSendPTS
<LI><a href="#[de]">&gt;&gt;</a>&nbsp;&nbsp;&nbsp;CPU_CmdData
<LI><a href="#[dc]">&gt;&gt;</a>&nbsp;&nbsp;&nbsp;CPU_CmdNoData
<LI><a href="#[bc]">&gt;&gt;</a>&nbsp;&nbsp;&nbsp;CPU_SAMIOSelect
<LI><a href="#[bb]">&gt;&gt;</a>&nbsp;&nbsp;&nbsp;CPU_SetBaudFromFD
<LI><a href="#[e8]">&gt;&gt;</a>&nbsp;&nbsp;&nbsp;cpu_SetCard
</UL>
<BR>[Called By]<UL><LI><a href="#[ec]">&gt;&gt;</a>&nbsp;&nbsp;&nbsp;CPU_Command
<LI><a href="#[eb]">&gt;&gt;</a>&nbsp;&nbsp;&nbsp;cpu_process_byte_manage
</UL>

<P><STRONG><a name="[ec]"></a>CPU_Command</STRONG> (Thumb, 310 bytes, Stack size 40 bytes, cpu.o(.text))
<BR><BR>[Stack]<UL><LI>Max Depth = 920<LI>Call Chain = CPU_Command &rArr; cpu_process_byte_manage &rArr; CPU_CommandExecute &rArr; CPU_T1Command &rArr; CPU_CmdT1ReceiveBlock &rArr; CPU_ReceiveByte &rArr; SC7816_ReceiveByteHRate &rArr; SC7816_ReceiveByte &rArr; ICCGPIO_InData &rArr; sam_io_enable_in_out
</UL>
<BR>[Calls]<UL><LI><a href="#[ee]">&gt;&gt;</a>&nbsp;&nbsp;&nbsp;CPU_Detect
<LI><a href="#[ed]">&gt;&gt;</a>&nbsp;&nbsp;&nbsp;SC7816_WorkTimerInit
<LI><a href="#[ea]">&gt;&gt;</a>&nbsp;&nbsp;&nbsp;CPU_CommandExecute
<LI><a href="#[b3]">&gt;&gt;</a>&nbsp;&nbsp;&nbsp;CPU_DelayMs
<LI><a href="#[eb]">&gt;&gt;</a>&nbsp;&nbsp;&nbsp;cpu_process_byte_manage
</UL>
<BR>[Called By]<UL><LI><a href="#[1bb]">&gt;&gt;</a>&nbsp;&nbsp;&nbsp;SAM_Menu
</UL>

<P><STRONG><a name="[ef]"></a>CPU_HotReset</STRONG> (Thumb, 276 bytes, Stack size 16 bytes, cpu.o(.text))
<BR><BR>[Stack]<UL><LI>Max Depth = 144<LI>Call Chain = CPU_HotReset &rArr; CPU_GetAtr &rArr; CPU_ReceiveByte &rArr; SC7816_ReceiveByteHRate &rArr; SC7816_ReceiveByte &rArr; ICCGPIO_InData &rArr; sam_io_enable_in_out
</UL>
<BR>[Calls]<UL><LI><a href="#[c6]">&gt;&gt;</a>&nbsp;&nbsp;&nbsp;CPU_PowerDown
<LI><a href="#[ee]">&gt;&gt;</a>&nbsp;&nbsp;&nbsp;CPU_Detect
<LI><a href="#[ed]">&gt;&gt;</a>&nbsp;&nbsp;&nbsp;SC7816_WorkTimerInit
<LI><a href="#[d9]">&gt;&gt;</a>&nbsp;&nbsp;&nbsp;CPU_HotActive
<LI><a href="#[d5]">&gt;&gt;</a>&nbsp;&nbsp;&nbsp;CPU_ResetParse
<LI><a href="#[d1]">&gt;&gt;</a>&nbsp;&nbsp;&nbsp;CPU_GetAtr
<LI><a href="#[c1]">&gt;&gt;</a>&nbsp;&nbsp;&nbsp;__aeabi_memclr4
<LI><a href="#[87]">&gt;&gt;</a>&nbsp;&nbsp;&nbsp;__aeabi_memcpy
</UL>
<BR>[Called By]<UL><LI><a href="#[f1]">&gt;&gt;</a>&nbsp;&nbsp;&nbsp;CPU_ColdReset
</UL>

<P><STRONG><a name="[f0]"></a>CPU_SetCardMode</STRONG> (Thumb, 32 bytes, Stack size 16 bytes, cpu.o(.text))
<BR><BR>[Stack]<UL><LI>Max Depth = 32<LI>Call Chain = CPU_SetCardMode &rArr; cpu_SetCard &rArr; ConfigGpio7816Para
</UL>
<BR>[Calls]<UL><LI><a href="#[e8]">&gt;&gt;</a>&nbsp;&nbsp;&nbsp;cpu_SetCard
</UL>
<BR>[Called By]<UL><LI><a href="#[f1]">&gt;&gt;</a>&nbsp;&nbsp;&nbsp;CPU_ColdReset
</UL>

<P><STRONG><a name="[f1]"></a>CPU_ColdReset</STRONG> (Thumb, 742 bytes, Stack size 32 bytes, cpu.o(.text))
<BR><BR>[Stack]<UL><LI>Max Depth = 176<LI>Call Chain = CPU_ColdReset &rArr; CPU_HotReset &rArr; CPU_GetAtr &rArr; CPU_ReceiveByte &rArr; SC7816_ReceiveByteHRate &rArr; SC7816_ReceiveByte &rArr; ICCGPIO_InData &rArr; sam_io_enable_in_out
</UL>
<BR>[Calls]<UL><LI><a href="#[c6]">&gt;&gt;</a>&nbsp;&nbsp;&nbsp;CPU_PowerDown
<LI><a href="#[ee]">&gt;&gt;</a>&nbsp;&nbsp;&nbsp;CPU_Detect
<LI><a href="#[ed]">&gt;&gt;</a>&nbsp;&nbsp;&nbsp;SC7816_WorkTimerInit
<LI><a href="#[e9]">&gt;&gt;</a>&nbsp;&nbsp;&nbsp;ConfigGpio7816Para
<LI><a href="#[f0]">&gt;&gt;</a>&nbsp;&nbsp;&nbsp;CPU_SetCardMode
<LI><a href="#[ef]">&gt;&gt;</a>&nbsp;&nbsp;&nbsp;CPU_HotReset
<LI><a href="#[e3]">&gt;&gt;</a>&nbsp;&nbsp;&nbsp;CPU_CmdChangeIFSD
<LI><a href="#[d7]">&gt;&gt;</a>&nbsp;&nbsp;&nbsp;CPU_ColdActive
<LI><a href="#[d5]">&gt;&gt;</a>&nbsp;&nbsp;&nbsp;CPU_ResetParse
<LI><a href="#[d6]">&gt;&gt;</a>&nbsp;&nbsp;&nbsp;CPU_CalculateETUFromFD
<LI><a href="#[d1]">&gt;&gt;</a>&nbsp;&nbsp;&nbsp;CPU_GetAtr
<LI><a href="#[c0]">&gt;&gt;</a>&nbsp;&nbsp;&nbsp;CPU_ParaInit
<LI><a href="#[bc]">&gt;&gt;</a>&nbsp;&nbsp;&nbsp;CPU_SAMIOSelect
<LI><a href="#[b9]">&gt;&gt;</a>&nbsp;&nbsp;&nbsp;cpu_baud_init
<LI><a href="#[b7]">&gt;&gt;</a>&nbsp;&nbsp;&nbsp;cpu_init
<LI><a href="#[b3]">&gt;&gt;</a>&nbsp;&nbsp;&nbsp;CPU_DelayMs
<LI><a href="#[f2]">&gt;&gt;</a>&nbsp;&nbsp;&nbsp;CPU_Right
<LI><a href="#[87]">&gt;&gt;</a>&nbsp;&nbsp;&nbsp;__aeabi_memcpy
</UL>
<BR>[Called By]<UL><LI><a href="#[1bb]">&gt;&gt;</a>&nbsp;&nbsp;&nbsp;SAM_Menu
</UL>

<P><STRONG><a name="[f3]"></a>Contact_LibararyVersion</STRONG> (Thumb, 16 bytes, Stack size 8 bytes, cpu.o(.text), UNUSED)
<BR><BR>[Calls]<UL><LI><a href="#[87]">&gt;&gt;</a>&nbsp;&nbsp;&nbsp;__aeabi_memcpy
</UL>

<P><STRONG><a name="[f6]"></a>CPU_SupplyPowerCtl</STRONG> (Thumb, 2 bytes, Stack size 0 bytes, cpu_driver.o(.text))
<BR><BR>[Called By]<UL><LI><a href="#[f4]">&gt;&gt;</a>&nbsp;&nbsp;&nbsp;CPU_PortInit
</UL>

<P><STRONG><a name="[f4]"></a>CPU_PortInit</STRONG> (Thumb, 380 bytes, Stack size 16 bytes, cpu_driver.o(.text))
<BR><BR>[Stack]<UL><LI>Max Depth = 36<LI>Call Chain = CPU_PortInit &rArr; GPIO_Init
</UL>
<BR>[Calls]<UL><LI><a href="#[7e]">&gt;&gt;</a>&nbsp;&nbsp;&nbsp;RCC_AHB1PeriphClockCmd
<LI><a href="#[7f]">&gt;&gt;</a>&nbsp;&nbsp;&nbsp;GPIO_Init
<LI><a href="#[f5]">&gt;&gt;</a>&nbsp;&nbsp;&nbsp;TIME2_Init
<LI><a href="#[f6]">&gt;&gt;</a>&nbsp;&nbsp;&nbsp;CPU_SupplyPowerCtl
</UL>
<BR>[Called By]<UL><LI><a href="#[1bb]">&gt;&gt;</a>&nbsp;&nbsp;&nbsp;SAM_Menu
<LI><a href="#[18d]">&gt;&gt;</a>&nbsp;&nbsp;&nbsp;Contact_Debug
</UL>

<P><STRONG><a name="[f7]"></a>bluetooth_Version</STRONG> (Thumb, 16 bytes, Stack size 8 bytes, bluetooth.o(.text), UNUSED)
<BR><BR>[Calls]<UL><LI><a href="#[87]">&gt;&gt;</a>&nbsp;&nbsp;&nbsp;__aeabi_memcpy
</UL>

<P><STRONG><a name="[378]"></a>TCP_ReadData</STRONG> (Thumb, 2 bytes, Stack size 0 bytes, bluetooth.o(.text), UNUSED)

<P><STRONG><a name="[f8]"></a>BT_UartInit</STRONG> (Thumb, 14 bytes, Stack size 8 bytes, bluetooth.o(.text))
<BR><BR>[Stack]<UL><LI>Max Depth = 104<LI>Call Chain = BT_UartInit &rArr; SPI_USART_Init &rArr; Trigger_Config &rArr; Write_Read_SlaveReg &rArr; USART_SPISendReceiveByte
</UL>
<BR>[Calls]<UL><LI><a href="#[f9]">&gt;&gt;</a>&nbsp;&nbsp;&nbsp;SPI_USART_Init
</UL>
<BR>[Called By]<UL><LI><a href="#[fa]">&gt;&gt;</a>&nbsp;&nbsp;&nbsp;BT_Power
</UL>

<P><STRONG><a name="[fa]"></a>BT_Power</STRONG> (Thumb, 18 bytes, Stack size 8 bytes, bluetooth.o(.text))
<BR><BR>[Stack]<UL><LI>Max Depth = 112<LI>Call Chain = BT_Power &rArr; BT_UartInit &rArr; SPI_USART_Init &rArr; Trigger_Config &rArr; Write_Read_SlaveReg &rArr; USART_SPISendReceiveByte
</UL>
<BR>[Calls]<UL><LI><a href="#[fb]">&gt;&gt;</a>&nbsp;&nbsp;&nbsp;BT_Power_Port
<LI><a href="#[f8]">&gt;&gt;</a>&nbsp;&nbsp;&nbsp;BT_UartInit
</UL>
<BR>[Called By]<UL><LI><a href="#[189]">&gt;&gt;</a>&nbsp;&nbsp;&nbsp;BT_Debug
</UL>

<P><STRONG><a name="[fc]"></a>BT_Reset</STRONG> (Thumb, 46 bytes, Stack size 8 bytes, bluetooth.o(.text))
<BR><BR>[Stack]<UL><LI>Max Depth = 104<LI>Call Chain = BT_Reset &rArr; SPI_USART_Init &rArr; Trigger_Config &rArr; Write_Read_SlaveReg &rArr; USART_SPISendReceiveByte
</UL>
<BR>[Calls]<UL><LI><a href="#[fd]">&gt;&gt;</a>&nbsp;&nbsp;&nbsp;Sys_Delay_MS
<LI><a href="#[78]">&gt;&gt;</a>&nbsp;&nbsp;&nbsp;GPIO_SetBits
<LI><a href="#[7a]">&gt;&gt;</a>&nbsp;&nbsp;&nbsp;GPIO_ResetBits
<LI><a href="#[f9]">&gt;&gt;</a>&nbsp;&nbsp;&nbsp;SPI_USART_Init
</UL>
<BR>[Called By]<UL><LI><a href="#[107]">&gt;&gt;</a>&nbsp;&nbsp;&nbsp;BT_UartBaut
<LI><a href="#[106]">&gt;&gt;</a>&nbsp;&nbsp;&nbsp;BT_SetMode
</UL>

<P><STRONG><a name="[fe]"></a>BT_SendNBytes</STRONG> (Thumb, 18 bytes, Stack size 16 bytes, bluetooth.o(.text))
<BR><BR>[Stack]<UL><LI>Max Depth = 2200<LI>Call Chain = BT_SendNBytes &rArr; Write_FIFO &rArr; Uart1_DumpData &rArr; Uart_Printf &rArr; vsprintf
</UL>
<BR>[Calls]<UL><LI><a href="#[ff]">&gt;&gt;</a>&nbsp;&nbsp;&nbsp;Write_FIFO
</UL>
<BR>[Called By]<UL><LI><a href="#[105]">&gt;&gt;</a>&nbsp;&nbsp;&nbsp;BT_WriteNbyteE2PROM
<LI><a href="#[103]">&gt;&gt;</a>&nbsp;&nbsp;&nbsp;BT_ReadNbyteE2PROM
</UL>

<P><STRONG><a name="[100]"></a>BT_RecvData</STRONG> (Thumb, 36 bytes, Stack size 24 bytes, bluetooth.o(.text))
<BR><BR>[Stack]<UL><LI>Max Depth = 120<LI>Call Chain = BT_RecvData &rArr; SPI_USART_ReceiveData &rArr; Read_RFCNT &rArr; Write_Read_SlaveReg &rArr; USART_SPISendReceiveByte
</UL>
<BR>[Calls]<UL><LI><a href="#[101]">&gt;&gt;</a>&nbsp;&nbsp;&nbsp;SYS_GetTickCount
<LI><a href="#[102]">&gt;&gt;</a>&nbsp;&nbsp;&nbsp;SPI_USART_ReceiveData
</UL>
<BR>[Called By]<UL><LI><a href="#[105]">&gt;&gt;</a>&nbsp;&nbsp;&nbsp;BT_WriteNbyteE2PROM
<LI><a href="#[103]">&gt;&gt;</a>&nbsp;&nbsp;&nbsp;BT_ReadNbyteE2PROM
</UL>

<P><STRONG><a name="[103]"></a>BT_ReadNbyteE2PROM</STRONG> (Thumb, 212 bytes, Stack size 2184 bytes, bluetooth.o(.text))
<BR><BR>[Stack]<UL><LI>Max Depth = 4384<LI>Call Chain = BT_ReadNbyteE2PROM &rArr; BT_SendNBytes &rArr; Write_FIFO &rArr; Uart1_DumpData &rArr; Uart_Printf &rArr; vsprintf
</UL>
<BR>[Calls]<UL><LI><a href="#[100]">&gt;&gt;</a>&nbsp;&nbsp;&nbsp;BT_RecvData
<LI><a href="#[fe]">&gt;&gt;</a>&nbsp;&nbsp;&nbsp;BT_SendNBytes
<LI><a href="#[104]">&gt;&gt;</a>&nbsp;&nbsp;&nbsp;memcmp
<LI><a href="#[87]">&gt;&gt;</a>&nbsp;&nbsp;&nbsp;__aeabi_memcpy
</UL>
<BR>[Called By]<UL><LI><a href="#[107]">&gt;&gt;</a>&nbsp;&nbsp;&nbsp;BT_UartBaut
<LI><a href="#[109]">&gt;&gt;</a>&nbsp;&nbsp;&nbsp;BT_PinCode
<LI><a href="#[10a]">&gt;&gt;</a>&nbsp;&nbsp;&nbsp;BT_ModuleName
<LI><a href="#[108]">&gt;&gt;</a>&nbsp;&nbsp;&nbsp;BT_BtAddr
</UL>

<P><STRONG><a name="[105]"></a>BT_WriteNbyteE2PROM</STRONG> (Thumb, 230 bytes, Stack size 2176 bytes, bluetooth.o(.text))
<BR><BR>[Stack]<UL><LI>Max Depth = 4376<LI>Call Chain = BT_WriteNbyteE2PROM &rArr; BT_SendNBytes &rArr; Write_FIFO &rArr; Uart1_DumpData &rArr; Uart_Printf &rArr; vsprintf
</UL>
<BR>[Calls]<UL><LI><a href="#[100]">&gt;&gt;</a>&nbsp;&nbsp;&nbsp;BT_RecvData
<LI><a href="#[fe]">&gt;&gt;</a>&nbsp;&nbsp;&nbsp;BT_SendNBytes
<LI><a href="#[104]">&gt;&gt;</a>&nbsp;&nbsp;&nbsp;memcmp
<LI><a href="#[c1]">&gt;&gt;</a>&nbsp;&nbsp;&nbsp;__aeabi_memclr4
<LI><a href="#[87]">&gt;&gt;</a>&nbsp;&nbsp;&nbsp;__aeabi_memcpy
</UL>
<BR>[Called By]<UL><LI><a href="#[107]">&gt;&gt;</a>&nbsp;&nbsp;&nbsp;BT_UartBaut
<LI><a href="#[109]">&gt;&gt;</a>&nbsp;&nbsp;&nbsp;BT_PinCode
<LI><a href="#[10a]">&gt;&gt;</a>&nbsp;&nbsp;&nbsp;BT_ModuleName
<LI><a href="#[108]">&gt;&gt;</a>&nbsp;&nbsp;&nbsp;BT_BtAddr
</UL>

<P><STRONG><a name="[106]"></a>BT_SetMode</STRONG> (Thumb, 58 bytes, Stack size 8 bytes, bluetooth.o(.text))
<BR><BR>[Stack]<UL><LI>Max Depth = 112<LI>Call Chain = BT_SetMode &rArr; BT_Reset &rArr; SPI_USART_Init &rArr; Trigger_Config &rArr; Write_Read_SlaveReg &rArr; USART_SPISendReceiveByte
</UL>
<BR>[Calls]<UL><LI><a href="#[fd]">&gt;&gt;</a>&nbsp;&nbsp;&nbsp;Sys_Delay_MS
<LI><a href="#[78]">&gt;&gt;</a>&nbsp;&nbsp;&nbsp;GPIO_SetBits
<LI><a href="#[7a]">&gt;&gt;</a>&nbsp;&nbsp;&nbsp;GPIO_ResetBits
<LI><a href="#[fc]">&gt;&gt;</a>&nbsp;&nbsp;&nbsp;BT_Reset
</UL>
<BR>[Called By]<UL><LI><a href="#[189]">&gt;&gt;</a>&nbsp;&nbsp;&nbsp;BT_Debug
</UL>

<P><STRONG><a name="[107]"></a>BT_UartBaut</STRONG> (Thumb, 64 bytes, Stack size 16 bytes, bluetooth.o(.text))
<BR><BR>[Stack]<UL><LI>Max Depth = 4400<LI>Call Chain = BT_UartBaut &rArr; BT_ReadNbyteE2PROM &rArr; BT_SendNBytes &rArr; Write_FIFO &rArr; Uart1_DumpData &rArr; Uart_Printf &rArr; vsprintf
</UL>
<BR>[Calls]<UL><LI><a href="#[105]">&gt;&gt;</a>&nbsp;&nbsp;&nbsp;BT_WriteNbyteE2PROM
<LI><a href="#[103]">&gt;&gt;</a>&nbsp;&nbsp;&nbsp;BT_ReadNbyteE2PROM
<LI><a href="#[fc]">&gt;&gt;</a>&nbsp;&nbsp;&nbsp;BT_Reset
</UL>
<BR>[Called By]<UL><LI><a href="#[189]">&gt;&gt;</a>&nbsp;&nbsp;&nbsp;BT_Debug
</UL>

<P><STRONG><a name="[108]"></a>BT_BtAddr</STRONG> (Thumb, 116 bytes, Stack size 120 bytes, bluetooth.o(.text))
<BR><BR>[Stack]<UL><LI>Max Depth = 4504<LI>Call Chain = BT_BtAddr &rArr; BT_ReadNbyteE2PROM &rArr; BT_SendNBytes &rArr; Write_FIFO &rArr; Uart1_DumpData &rArr; Uart_Printf &rArr; vsprintf
</UL>
<BR>[Calls]<UL><LI><a href="#[105]">&gt;&gt;</a>&nbsp;&nbsp;&nbsp;BT_WriteNbyteE2PROM
<LI><a href="#[103]">&gt;&gt;</a>&nbsp;&nbsp;&nbsp;BT_ReadNbyteE2PROM
<LI><a href="#[c1]">&gt;&gt;</a>&nbsp;&nbsp;&nbsp;__aeabi_memclr4
</UL>
<BR>[Called By]<UL><LI><a href="#[189]">&gt;&gt;</a>&nbsp;&nbsp;&nbsp;BT_Debug
</UL>

<P><STRONG><a name="[109]"></a>BT_PinCode</STRONG> (Thumb, 60 bytes, Stack size 16 bytes, bluetooth.o(.text))
<BR><BR>[Stack]<UL><LI>Max Depth = 4400<LI>Call Chain = BT_PinCode &rArr; BT_ReadNbyteE2PROM &rArr; BT_SendNBytes &rArr; Write_FIFO &rArr; Uart1_DumpData &rArr; Uart_Printf &rArr; vsprintf
</UL>
<BR>[Calls]<UL><LI><a href="#[105]">&gt;&gt;</a>&nbsp;&nbsp;&nbsp;BT_WriteNbyteE2PROM
<LI><a href="#[103]">&gt;&gt;</a>&nbsp;&nbsp;&nbsp;BT_ReadNbyteE2PROM
</UL>
<BR>[Called By]<UL><LI><a href="#[189]">&gt;&gt;</a>&nbsp;&nbsp;&nbsp;BT_Debug
</UL>

<P><STRONG><a name="[10a]"></a>BT_ModuleName</STRONG> (Thumb, 190 bytes, Stack size 120 bytes, bluetooth.o(.text))
<BR><BR>[Stack]<UL><LI>Max Depth = 4504<LI>Call Chain = BT_ModuleName &rArr; BT_ReadNbyteE2PROM &rArr; BT_SendNBytes &rArr; Write_FIFO &rArr; Uart1_DumpData &rArr; Uart_Printf &rArr; vsprintf
</UL>
<BR>[Calls]<UL><LI><a href="#[105]">&gt;&gt;</a>&nbsp;&nbsp;&nbsp;BT_WriteNbyteE2PROM
<LI><a href="#[103]">&gt;&gt;</a>&nbsp;&nbsp;&nbsp;BT_ReadNbyteE2PROM
<LI><a href="#[104]">&gt;&gt;</a>&nbsp;&nbsp;&nbsp;memcmp
<LI><a href="#[c1]">&gt;&gt;</a>&nbsp;&nbsp;&nbsp;__aeabi_memclr4
</UL>
<BR>[Called By]<UL><LI><a href="#[189]">&gt;&gt;</a>&nbsp;&nbsp;&nbsp;BT_Debug
</UL>

<P><STRONG><a name="[10b]"></a>BT_SendData</STRONG> (Thumb, 18 bytes, Stack size 16 bytes, bluetooth.o(.text))
<BR><BR>[Stack]<UL><LI>Max Depth = 2200<LI>Call Chain = BT_SendData &rArr; Write_FIFO &rArr; Uart1_DumpData &rArr; Uart_Printf &rArr; vsprintf
</UL>
<BR>[Calls]<UL><LI><a href="#[ff]">&gt;&gt;</a>&nbsp;&nbsp;&nbsp;Write_FIFO
</UL>
<BR>[Called By]<UL><LI><a href="#[189]">&gt;&gt;</a>&nbsp;&nbsp;&nbsp;BT_Debug
</UL>

<P><STRONG><a name="[10c]"></a>BT_RecData</STRONG> (Thumb, 22 bytes, Stack size 16 bytes, bluetooth.o(.text))
<BR><BR>[Stack]<UL><LI>Max Depth = 112<LI>Call Chain = BT_RecData &rArr; SPI_USART_ReceiveData &rArr; Read_RFCNT &rArr; Write_Read_SlaveReg &rArr; USART_SPISendReceiveByte
</UL>
<BR>[Calls]<UL><LI><a href="#[102]">&gt;&gt;</a>&nbsp;&nbsp;&nbsp;SPI_USART_ReceiveData
</UL>
<BR>[Called By]<UL><LI><a href="#[189]">&gt;&gt;</a>&nbsp;&nbsp;&nbsp;BT_Debug
</UL>

<P><STRONG><a name="[1a6]"></a>Uart_BTDebug</STRONG> (Thumb, 6 bytes, Stack size 0 bytes, bluetooth.o(.text))
<BR><BR>[Called By]<UL><LI><a href="#[189]">&gt;&gt;</a>&nbsp;&nbsp;&nbsp;BT_Debug
</UL>

<P><STRONG><a name="[10d]"></a>BT_Clear_BUFF</STRONG> (Thumb, 10 bytes, Stack size 8 bytes, bluetooth.o(.text), UNUSED)
<BR><BR>[Calls]<UL><LI><a href="#[10e]">&gt;&gt;</a>&nbsp;&nbsp;&nbsp;Clear_RX_BUF
</UL>

<P><STRONG><a name="[f5]"></a>TIME2_Init</STRONG> (Thumb, 20 bytes, Stack size 8 bytes, time.o(.text))
<BR><BR>[Stack]<UL><LI>Max Depth = 16<LI>Call Chain = TIME2_Init &rArr; TIM_DeInit
</UL>
<BR>[Calls]<UL><LI><a href="#[10f]">&gt;&gt;</a>&nbsp;&nbsp;&nbsp;RCC_APB1PeriphClockCmd
<LI><a href="#[110]">&gt;&gt;</a>&nbsp;&nbsp;&nbsp;TIM_DeInit
</UL>
<BR>[Called By]<UL><LI><a href="#[f4]">&gt;&gt;</a>&nbsp;&nbsp;&nbsp;CPU_PortInit
</UL>

<P><STRONG><a name="[b2]"></a>TIME2_DelayUs</STRONG> (Thumb, 170 bytes, Stack size 24 bytes, time.o(.text))
<BR><BR>[Stack]<UL><LI>Max Depth = 36<LI>Call Chain = TIME2_DelayUs &rArr; TIM_GetITStatus
</UL>
<BR>[Calls]<UL><LI><a href="#[114]">&gt;&gt;</a>&nbsp;&nbsp;&nbsp;TIM_ITConfig
<LI><a href="#[111]">&gt;&gt;</a>&nbsp;&nbsp;&nbsp;TIM_Cmd
<LI><a href="#[113]">&gt;&gt;</a>&nbsp;&nbsp;&nbsp;TIM_ClearFlag
<LI><a href="#[112]">&gt;&gt;</a>&nbsp;&nbsp;&nbsp;TIM_TimeBaseInit
<LI><a href="#[116]">&gt;&gt;</a>&nbsp;&nbsp;&nbsp;TIM_GetITStatus
<LI><a href="#[117]">&gt;&gt;</a>&nbsp;&nbsp;&nbsp;TIM_ClearITPendingBit
<LI><a href="#[115]">&gt;&gt;</a>&nbsp;&nbsp;&nbsp;TIM_SetCounter
</UL>
<BR>[Called By]<UL><LI><a href="#[b6]">&gt;&gt;</a>&nbsp;&nbsp;&nbsp;CPU_DelayHalfETU
<LI><a href="#[b5]">&gt;&gt;</a>&nbsp;&nbsp;&nbsp;CPU_DelayNETU
<LI><a href="#[b4]">&gt;&gt;</a>&nbsp;&nbsp;&nbsp;CPU_DelayOneETU
<LI><a href="#[b3]">&gt;&gt;</a>&nbsp;&nbsp;&nbsp;CPU_DelayMs
<LI><a href="#[b1]">&gt;&gt;</a>&nbsp;&nbsp;&nbsp;CPU_DelayUs
</UL>

<P><STRONG><a name="[118]"></a>TIME2_DelayMs</STRONG> (Thumb, 114 bytes, Stack size 24 bytes, time.o(.text), UNUSED)
<BR><BR>[Calls]<UL><LI><a href="#[114]">&gt;&gt;</a>&nbsp;&nbsp;&nbsp;TIM_ITConfig
<LI><a href="#[111]">&gt;&gt;</a>&nbsp;&nbsp;&nbsp;TIM_Cmd
<LI><a href="#[113]">&gt;&gt;</a>&nbsp;&nbsp;&nbsp;TIM_ClearFlag
<LI><a href="#[112]">&gt;&gt;</a>&nbsp;&nbsp;&nbsp;TIM_TimeBaseInit
<LI><a href="#[116]">&gt;&gt;</a>&nbsp;&nbsp;&nbsp;TIM_GetITStatus
<LI><a href="#[117]">&gt;&gt;</a>&nbsp;&nbsp;&nbsp;TIM_ClearITPendingBit
<LI><a href="#[115]">&gt;&gt;</a>&nbsp;&nbsp;&nbsp;TIM_SetCounter
</UL>
<BR>[Called By]<UL><LI><a href="#[119]">&gt;&gt;</a>&nbsp;&nbsp;&nbsp;TIME2_DelaySecond
</UL>

<P><STRONG><a name="[119]"></a>TIME2_DelaySecond</STRONG> (Thumb, 24 bytes, Stack size 16 bytes, time.o(.text), UNUSED)
<BR><BR>[Calls]<UL><LI><a href="#[118]">&gt;&gt;</a>&nbsp;&nbsp;&nbsp;TIME2_DelayMs
</UL>

<P><STRONG><a name="[aa]"></a>TIME2_DelayUsInit</STRONG> (Thumb, 120 bytes, Stack size 24 bytes, time.o(.text))
<BR><BR>[Stack]<UL><LI>Max Depth = 24<LI>Call Chain = TIME2_DelayUsInit
</UL>
<BR>[Calls]<UL><LI><a href="#[114]">&gt;&gt;</a>&nbsp;&nbsp;&nbsp;TIM_ITConfig
<LI><a href="#[113]">&gt;&gt;</a>&nbsp;&nbsp;&nbsp;TIM_ClearFlag
<LI><a href="#[112]">&gt;&gt;</a>&nbsp;&nbsp;&nbsp;TIM_TimeBaseInit
<LI><a href="#[115]">&gt;&gt;</a>&nbsp;&nbsp;&nbsp;TIM_SetCounter
</UL>
<BR>[Called By]<UL><LI><a href="#[c4]">&gt;&gt;</a>&nbsp;&nbsp;&nbsp;SC7816_ReceiveByte
<LI><a href="#[a9]">&gt;&gt;</a>&nbsp;&nbsp;&nbsp;CPU_DelayUsInit
</UL>

<P><STRONG><a name="[ac]"></a>TIME2_DelayUsEnable</STRONG> (Thumb, 12 bytes, Stack size 8 bytes, time.o(.text), UNUSED)
<BR><BR>[Calls]<UL><LI><a href="#[111]">&gt;&gt;</a>&nbsp;&nbsp;&nbsp;TIM_Cmd
</UL>
<BR>[Called By]<UL><LI><a href="#[ab]">&gt;&gt;</a>&nbsp;&nbsp;&nbsp;CPU_DelayUsEnable
</UL>

<P><STRONG><a name="[ae]"></a>TIME2_DelayUsDisable</STRONG> (Thumb, 14 bytes, Stack size 8 bytes, time.o(.text), UNUSED)
<BR><BR>[Calls]<UL><LI><a href="#[111]">&gt;&gt;</a>&nbsp;&nbsp;&nbsp;TIM_Cmd
</UL>
<BR>[Called By]<UL><LI><a href="#[ad]">&gt;&gt;</a>&nbsp;&nbsp;&nbsp;CPU_DelayUsDisable
</UL>

<P><STRONG><a name="[b0]"></a>TIME2_DelayCheck</STRONG> (Thumb, 38 bytes, Stack size 8 bytes, time.o(.text))
<BR><BR>[Stack]<UL><LI>Max Depth = 20<LI>Call Chain = TIME2_DelayCheck &rArr; TIM_GetITStatus
</UL>
<BR>[Calls]<UL><LI><a href="#[111]">&gt;&gt;</a>&nbsp;&nbsp;&nbsp;TIM_Cmd
<LI><a href="#[116]">&gt;&gt;</a>&nbsp;&nbsp;&nbsp;TIM_GetITStatus
<LI><a href="#[117]">&gt;&gt;</a>&nbsp;&nbsp;&nbsp;TIM_ClearITPendingBit
</UL>
<BR>[Called By]<UL><LI><a href="#[c4]">&gt;&gt;</a>&nbsp;&nbsp;&nbsp;SC7816_ReceiveByte
<LI><a href="#[af]">&gt;&gt;</a>&nbsp;&nbsp;&nbsp;CPU_DelayUsCheck
</UL>

<P><STRONG><a name="[11a]"></a>TIME3_Init</STRONG> (Thumb, 18 bytes, Stack size 8 bytes, time.o(.text), UNUSED)
<BR><BR>[Calls]<UL><LI><a href="#[10f]">&gt;&gt;</a>&nbsp;&nbsp;&nbsp;RCC_APB1PeriphClockCmd
<LI><a href="#[110]">&gt;&gt;</a>&nbsp;&nbsp;&nbsp;TIM_DeInit
</UL>

<P><STRONG><a name="[11b]"></a>TIME3_DelayUs</STRONG> (Thumb, 162 bytes, Stack size 24 bytes, time.o(.text), UNUSED)
<BR><BR>[Calls]<UL><LI><a href="#[114]">&gt;&gt;</a>&nbsp;&nbsp;&nbsp;TIM_ITConfig
<LI><a href="#[111]">&gt;&gt;</a>&nbsp;&nbsp;&nbsp;TIM_Cmd
<LI><a href="#[113]">&gt;&gt;</a>&nbsp;&nbsp;&nbsp;TIM_ClearFlag
<LI><a href="#[112]">&gt;&gt;</a>&nbsp;&nbsp;&nbsp;TIM_TimeBaseInit
<LI><a href="#[116]">&gt;&gt;</a>&nbsp;&nbsp;&nbsp;TIM_GetITStatus
<LI><a href="#[117]">&gt;&gt;</a>&nbsp;&nbsp;&nbsp;TIM_ClearITPendingBit
<LI><a href="#[115]">&gt;&gt;</a>&nbsp;&nbsp;&nbsp;TIM_SetCounter
</UL>

<P><STRONG><a name="[11c]"></a>TIME3_DelayMs</STRONG> (Thumb, 108 bytes, Stack size 24 bytes, time.o(.text), UNUSED)
<BR><BR>[Calls]<UL><LI><a href="#[114]">&gt;&gt;</a>&nbsp;&nbsp;&nbsp;TIM_ITConfig
<LI><a href="#[111]">&gt;&gt;</a>&nbsp;&nbsp;&nbsp;TIM_Cmd
<LI><a href="#[113]">&gt;&gt;</a>&nbsp;&nbsp;&nbsp;TIM_ClearFlag
<LI><a href="#[112]">&gt;&gt;</a>&nbsp;&nbsp;&nbsp;TIM_TimeBaseInit
<LI><a href="#[116]">&gt;&gt;</a>&nbsp;&nbsp;&nbsp;TIM_GetITStatus
<LI><a href="#[117]">&gt;&gt;</a>&nbsp;&nbsp;&nbsp;TIM_ClearITPendingBit
<LI><a href="#[115]">&gt;&gt;</a>&nbsp;&nbsp;&nbsp;TIM_SetCounter
</UL>
<BR>[Called By]<UL><LI><a href="#[11d]">&gt;&gt;</a>&nbsp;&nbsp;&nbsp;TIME3_DelaySecond
</UL>

<P><STRONG><a name="[11d]"></a>TIME3_DelaySecond</STRONG> (Thumb, 24 bytes, Stack size 16 bytes, time.o(.text), UNUSED)
<BR><BR>[Calls]<UL><LI><a href="#[11c]">&gt;&gt;</a>&nbsp;&nbsp;&nbsp;TIME3_DelayMs
</UL>

<P><STRONG><a name="[a5]"></a>TIME3_DelayUsInit</STRONG> (Thumb, 116 bytes, Stack size 24 bytes, time.o(.text))
<BR><BR>[Stack]<UL><LI>Max Depth = 24<LI>Call Chain = TIME3_DelayUsInit
</UL>
<BR>[Calls]<UL><LI><a href="#[114]">&gt;&gt;</a>&nbsp;&nbsp;&nbsp;TIM_ITConfig
<LI><a href="#[113]">&gt;&gt;</a>&nbsp;&nbsp;&nbsp;TIM_ClearFlag
<LI><a href="#[112]">&gt;&gt;</a>&nbsp;&nbsp;&nbsp;TIM_TimeBaseInit
<LI><a href="#[115]">&gt;&gt;</a>&nbsp;&nbsp;&nbsp;TIM_SetCounter
</UL>
<BR>[Called By]<UL><LI><a href="#[a4]">&gt;&gt;</a>&nbsp;&nbsp;&nbsp;CPU_TotalDelayUsInit
</UL>

<P><STRONG><a name="[a6]"></a>TIME3_DelayUsEnable</STRONG> (Thumb, 12 bytes, Stack size 8 bytes, time.o(.text))
<BR><BR>[Stack]<UL><LI>Max Depth = 8<LI>Call Chain = TIME3_DelayUsEnable
</UL>
<BR>[Calls]<UL><LI><a href="#[111]">&gt;&gt;</a>&nbsp;&nbsp;&nbsp;TIM_Cmd
</UL>
<BR>[Called By]<UL><LI><a href="#[a4]">&gt;&gt;</a>&nbsp;&nbsp;&nbsp;CPU_TotalDelayUsInit
</UL>

[...]
<BR><BR>[Stack]<UL><LI>Max Depth = 8<LI>Call Chain = DeInitGpio7816Para
</UL>
<BR>[Calls]<UL><LI><a href="#[120]">&gt;&gt;</a>&nbsp;&nbsp;&nbsp;GetEtuClk
</UL>
<BR>[Called By]<UL><LI><a href="#[125]">&gt;&gt;</a>&nbsp;&nbsp;&nbsp;SC7816_GpioInit
<LI><a href="#[121]">&gt;&gt;</a>&nbsp;&nbsp;&nbsp;test_WorkingTimer
</UL>

<P><STRONG><a name="[123]"></a>wait_one_etu</STRONG> (Thumb, 26 bytes, Stack size 0 bytes, gpio7816.o(.text))
<BR><BR>[Called By]<UL><LI><a href="#[137]">&gt;&gt;</a>&nbsp;&nbsp;&nbsp;SC7816_TestTimer
<LI><a href="#[132]">&gt;&gt;</a>&nbsp;&nbsp;&nbsp;ICCGPIO_InData
<LI><a href="#[12f]">&gt;&gt;</a>&nbsp;&nbsp;&nbsp;ICCGPIO_OutData
<LI><a href="#[121]">&gt;&gt;</a>&nbsp;&nbsp;&nbsp;test_WorkingTimer
</UL>

<P><STRONG><a name="[124]"></a>sam_io_out</STRONG> (Thumb, 30 bytes, Stack size 8 bytes, gpio7816.o(.text))
<BR><BR>[Stack]<UL><LI>Max Depth = 8<LI>Call Chain = sam_io_out
</UL>
<BR>[Calls]<UL><LI><a href="#[78]">&gt;&gt;</a>&nbsp;&nbsp;&nbsp;GPIO_SetBits
<LI><a href="#[7a]">&gt;&gt;</a>&nbsp;&nbsp;&nbsp;GPIO_ResetBits
</UL>
<BR>[Called By]<UL><LI><a href="#[132]">&gt;&gt;</a>&nbsp;&nbsp;&nbsp;ICCGPIO_InData
<LI><a href="#[12f]">&gt;&gt;</a>&nbsp;&nbsp;&nbsp;ICCGPIO_OutData
<LI><a href="#[125]">&gt;&gt;</a>&nbsp;&nbsp;&nbsp;SC7816_GpioInit
</UL>

<P><STRONG><a name="[12a]"></a>sam_io_enable_in_out</STRONG> (Thumb, 18 bytes, Stack size 8 bytes, gpio7816.o(.text))
<BR><BR>[Stack]<UL><LI>Max Depth = 8<LI>Call Chain = sam_io_enable_in_out
</UL>
<BR>[Calls]<UL><LI><a href="#[78]">&gt;&gt;</a>&nbsp;&nbsp;&nbsp;GPIO_SetBits
</UL>
<BR>[Called By]<UL><LI><a href="#[b8]">&gt;&gt;</a>&nbsp;&nbsp;&nbsp;SC7816_Init
<LI><a href="#[132]">&gt;&gt;</a>&nbsp;&nbsp;&nbsp;ICCGPIO_InData
<LI><a href="#[12f]">&gt;&gt;</a>&nbsp;&nbsp;&nbsp;ICCGPIO_OutData
<LI><a href="#[12e]">&gt;&gt;</a>&nbsp;&nbsp;&nbsp;iso7816_setRx
</UL>

<P><STRONG><a name="[130]"></a>sam_io_in</STRONG> (Thumb, 12 bytes, Stack size 0 bytes, gpio7816.o(.text))
<BR><BR>[Called By]<UL><LI><a href="#[132]">&gt;&gt;</a>&nbsp;&nbsp;&nbsp;ICCGPIO_InData
<LI><a href="#[12f]">&gt;&gt;</a>&nbsp;&nbsp;&nbsp;ICCGPIO_OutData
</UL>

<P><STRONG><a name="[131]"></a>wait_half_etu</STRONG> (Thumb, 26 bytes, Stack size 0 bytes, gpio7816.o(.text))
<BR><BR>[Called By]<UL><LI><a href="#[132]">&gt;&gt;</a>&nbsp;&nbsp;&nbsp;ICCGPIO_InData
<LI><a href="#[12f]">&gt;&gt;</a>&nbsp;&nbsp;&nbsp;ICCGPIO_OutData
</UL>

<P><STRONG><a name="[12e]"></a>iso7816_setRx</STRONG> (Thumb, 10 bytes, Stack size 8 bytes, gpio7816.o(.text))
<BR><BR>[Stack]<UL><LI>Max Depth = 16<LI>Call Chain = iso7816_setRx &rArr; sam_io_enable_in_out
</UL>
<BR>[Calls]<UL><LI><a href="#[12a]">&gt;&gt;</a>&nbsp;&nbsp;&nbsp;sam_io_enable_in_out
</UL>
<BR>[Called By]<UL><LI><a href="#[135]">&gt;&gt;</a>&nbsp;&nbsp;&nbsp;write_T0_LastByte
</UL>

<P><STRONG><a name="[1c8]"></a>DCD_HandleEnumDone_ISR</STRONG> (Thumb, 102 bytes, Stack size 16 bytes, usb_dcd_int.o(i.DCD_HandleEnumDone_ISR))
<BR><BR>[Stack]<UL><LI>Max Depth = 32<LI>Call Chain = DCD_HandleEnumDone_ISR &rArr; USB_OTG_EP0Activate
</UL>
<BR>[Calls]<UL><LI><a href="#[1ca]">&gt;&gt;</a>&nbsp;&nbsp;&nbsp;USB_OTG_GetDeviceSpeed
<LI><a href="#[1c9]">&gt;&gt;</a>&nbsp;&nbsp;&nbsp;USB_OTG_EP0Activate
</UL>
<BR>[Called By]<UL><LI><a href="#[261]">&gt;&gt;</a>&nbsp;&nbsp;&nbsp;USBD_OTG_ISR_Handler
</UL>

<P><STRONG><a name="[1cb]"></a>DCD_HandleInEP_ISR</STRONG> (Thumb, 320 bytes, Stack size 24 bytes, usb_dcd_int.o(i.DCD_HandleInEP_ISR))
<BR><BR>[Stack]<UL><LI>Max Depth = 80<LI>Call Chain = DCD_HandleInEP_ISR &rArr; DCD_WriteEmptyTxFifo &rArr; USB_OTG_WritePacket
</UL>
<BR>[Calls]<UL><LI><a href="#[1cc]">&gt;&gt;</a>&nbsp;&nbsp;&nbsp;USB_OTG_ReadDevAllInEPItr
<LI><a href="#[1ce]">&gt;&gt;</a>&nbsp;&nbsp;&nbsp;USB_OTG_EP0_OutStart
<LI><a href="#[1cf]">&gt;&gt;</a>&nbsp;&nbsp;&nbsp;DCD_WriteEmptyTxFifo
<LI><a href="#[1cd]">&gt;&gt;</a>&nbsp;&nbsp;&nbsp;DCD_ReadDevInEP
</UL>
<BR>[Called By]<UL><LI><a href="#[261]">&gt;&gt;</a>&nbsp;&nbsp;&nbsp;USBD_OTG_ISR_Handler
</UL>

<P><STRONG><a name="[1d0]"></a>DCD_HandleOutEP_ISR</STRONG> (Thumb, 252 bytes, Stack size 24 bytes, usb_dcd_int.o(i.DCD_HandleOutEP_ISR))
<BR><BR>[Stack]<UL><LI>Max Depth = 40<LI>Call Chain = DCD_HandleOutEP_ISR &rArr; USB_OTG_EP0_OutStart
</UL>
<BR>[Calls]<UL><LI><a href="#[1d2]">&gt;&gt;</a>&nbsp;&nbsp;&nbsp;USB_OTG_ReadDevOutEP_itr
<LI><a href="#[1d1]">&gt;&gt;</a>&nbsp;&nbsp;&nbsp;USB_OTG_ReadDevAllOutEp_itr
<LI><a href="#[1ce]">&gt;&gt;</a>&nbsp;&nbsp;&nbsp;USB_OTG_EP0_OutStart
</UL>
<BR>[Called By]<UL><LI><a href="#[261]">&gt;&gt;</a>&nbsp;&nbsp;&nbsp;USBD_OTG_ISR_Handler
</UL>

<P><STRONG><a name="[342]"></a>DCD_HandleResume_ISR</STRONG> (Thumb, 100 bytes, Stack size 24 bytes, usb_dcd_int.o(i.DCD_HandleResume_ISR))
<BR><BR>[Stack]<UL><LI>Max Depth = 24<LI>Call Chain = DCD_HandleResume_ISR
</UL>
<BR>[Called By]<UL><LI><a href="#[261]">&gt;&gt;</a>&nbsp;&nbsp;&nbsp;USBD_OTG_ISR_Handler
</UL>

<P><STRONG><a name="[1d3]"></a>DCD_HandleRxStatusQueueLevel_ISR</STRONG> (Thumb, 176 bytes, Stack size 24 bytes, usb_dcd_int.o(i.DCD_HandleRxStatusQueueLevel_ISR))
<BR><BR>[Stack]<UL><LI>Max Depth = 44<LI>Call Chain = DCD_HandleRxStatusQueueLevel_ISR &rArr; USB_OTG_ReadPacket
</UL>
<BR>[Calls]<UL><LI><a href="#[1d4]">&gt;&gt;</a>&nbsp;&nbsp;&nbsp;USB_OTG_ReadPacket
</UL>
<BR>[Called By]<UL><LI><a href="#[261]">&gt;&gt;</a>&nbsp;&nbsp;&nbsp;USBD_OTG_ISR_Handler
</UL>

<P><STRONG><a name="[344]"></a>DCD_HandleSof_ISR</STRONG> (Thumb, 38 bytes, Stack size 16 bytes, usb_dcd_int.o(i.DCD_HandleSof_ISR))
<BR><BR>[Stack]<UL><LI>Max Depth = 16<LI>Call Chain = DCD_HandleSof_ISR
</UL>
<BR>[Called By]<UL><LI><a href="#[261]">&gt;&gt;</a>&nbsp;&nbsp;&nbsp;USBD_OTG_ISR_Handler
</UL>

<P><STRONG><a name="[343]"></a>DCD_HandleUSBSuspend_ISR</STRONG> (Thumb, 158 bytes, Stack size 24 bytes, usb_dcd_int.o(i.DCD_HandleUSBSuspend_ISR))
<BR><BR>[Stack]<UL><LI>Max Depth = 24<LI>Call Chain = DCD_HandleUSBSuspend_ISR
</UL>
<BR>[Called By]<UL><LI><a href="#[261]">&gt;&gt;</a>&nbsp;&nbsp;&nbsp;USBD_OTG_ISR_Handler
</UL>

<P><STRONG><a name="[1d5]"></a>DCD_HandleUsbReset_ISR</STRONG> (Thumb, 254 bytes, Stack size 40 bytes, usb_dcd_int.o(i.DCD_HandleUsbReset_ISR))
<BR><BR>[Stack]<UL><LI>Max Depth = 64<LI>Call Chain = DCD_HandleUsbReset_ISR &rArr; USB_OTG_FlushTxFifo
</UL>
<BR>[Calls]<UL><LI><a href="#[1ce]">&gt;&gt;</a>&nbsp;&nbsp;&nbsp;USB_OTG_EP0_OutStart
<LI><a href="#[1d6]">&gt;&gt;</a>&nbsp;&nbsp;&nbsp;USB_OTG_FlushTxFifo
</UL>
<BR>[Called By]<UL><LI><a href="#[261]">&gt;&gt;</a>&nbsp;&nbsp;&nbsp;USBD_OTG_ISR_Handler
</UL>

<P><STRONG><a name="[345]"></a>DCD_IsoINIncomplete_ISR</STRONG> (Thumb, 40 bytes, Stack size 16 bytes, usb_dcd_int.o(i.DCD_IsoINIncomplete_ISR))
<BR><BR>[Stack]<UL><LI>Max Depth = 16<LI>Call Chain = DCD_IsoINIncomplete_ISR
</UL>
<BR>[Called By]<UL><LI><a href="#[261]">&gt;&gt;</a>&nbsp;&nbsp;&nbsp;USBD_OTG_ISR_Handler
</UL>

<P><STRONG><a name="[346]"></a>DCD_IsoOUTIncomplete_ISR</STRONG> (Thumb, 40 bytes, Stack size 16 bytes, usb_dcd_int.o(i.DCD_IsoOUTIncomplete_ISR))
<BR><BR>[Stack]<UL><LI>Max Depth = 16<LI>Call Chain = DCD_IsoOUTIncomplete_ISR
</UL>
<BR>[Called By]<UL><LI><a href="#[261]">&gt;&gt;</a>&nbsp;&nbsp;&nbsp;USBD_OTG_ISR_Handler
</UL>

<P><STRONG><a name="[348]"></a>DCD_OTG_ISR</STRONG> (Thumb, 38 bytes, Stack size 16 bytes, usb_dcd_int.o(i.DCD_OTG_ISR))
<BR><BR>[Stack]<UL><LI>Max Depth = 16<LI>Call Chain = DCD_OTG_ISR
</UL>
<BR>[Called By]<UL><LI><a href="#[261]">&gt;&gt;</a>&nbsp;&nbsp;&nbsp;USBD_OTG_ISR_Handler
</UL>

<P><STRONG><a name="[1cd]"></a>DCD_ReadDevInEP</STRONG> (Thumb, 40 bytes, Stack size 12 bytes, usb_dcd_int.o(i.DCD_ReadDevInEP))
<BR><BR>[Stack]<UL><LI>Max Depth = 12<LI>Call Chain = DCD_ReadDevInEP
</UL>
<BR>[Called By]<UL><LI><a href="#[1cb]">&gt;&gt;</a>&nbsp;&nbsp;&nbsp;DCD_HandleInEP_ISR
</UL>

<P><STRONG><a name="[347]"></a>DCD_SessionRequest_ISR</STRONG> (Thumb, 40 bytes, Stack size 16 bytes, usb_dcd_int.o(i.DCD_SessionRequest_ISR))
<BR><BR>[Stack]<UL><LI>Max Depth = 16<LI>Call Chain = DCD_SessionRequest_ISR
</UL>
<BR>[Called By]<UL><LI><a href="#[261]">&gt;&gt;</a>&nbsp;&nbsp;&nbsp;USBD_OTG_ISR_Handler
</UL>

<P><STRONG><a name="[1cf]"></a>DCD_WriteEmptyTxFifo</STRONG> (Thumb, 144 bytes, Stack size 32 bytes, usb_dcd_int.o(i.DCD_WriteEmptyTxFifo))
<BR><BR>[Stack]<UL><LI>Max Depth = 56<LI>Call Chain = DCD_WriteEmptyTxFifo &rArr; USB_OTG_WritePacket
</UL>
<BR>[Calls]<UL><LI><a href="#[1d7]">&gt;&gt;</a>&nbsp;&nbsp;&nbsp;USB_OTG_WritePacket
</UL>
<BR>[Called By]<UL><LI><a href="#[1cb]">&gt;&gt;</a>&nbsp;&nbsp;&nbsp;DCD_HandleInEP_ISR
</UL>

<P><STRONG><a name="[1]"></a>USBD_DataInStage</STRONG> (Thumb, 208 bytes, Stack size 16 bytes, usbd_core.o(i.USBD_DataInStage))
<BR><BR>[Stack]<UL><LI>Max Depth = 120<LI>Call Chain = USBD_DataInStage &rArr; USBD_CtlContinueSendData &rArr; DCD_EP_Tx &rArr; USB_OTG_EPStartXfer &rArr; USB_OTG_WritePacket
</UL>
<BR>[Calls]<UL><LI><a href="#[33a]">&gt;&gt;</a>&nbsp;&nbsp;&nbsp;USBD_CtlReceiveStatus
<LI><a href="#[339]">&gt;&gt;</a>&nbsp;&nbsp;&nbsp;USBD_CtlContinueSendData
<LI><a href="#[33c]">&gt;&gt;</a>&nbsp;&nbsp;&nbsp;USBD_RunTestMode
</UL>
<BR>[Address Reference Count : 1]<UL><LI> usbd_core.o(.data)
</UL>
<P><STRONG><a name="[0]"></a>USBD_DataOutStage</STRONG> (Thumb, 150 bytes, Stack size 16 bytes, usbd_core.o(i.USBD_DataOutStage))
<BR><BR>[Stack]<UL><LI>Max Depth = 120<LI>Call Chain = USBD_DataOutStage &rArr; USBD_CtlContinueRx &rArr; DCD_EP_PrepareRx &rArr; USB_OTG_EPStartXfer &rArr; USB_OTG_WritePacket
</UL>
<BR>[Calls]<UL><LI><a href="#[336]">&gt;&gt;</a>&nbsp;&nbsp;&nbsp;USBD_CtlSendStatus
<LI><a href="#[338]">&gt;&gt;</a>&nbsp;&nbsp;&nbsp;USBD_CtlContinueRx
</UL>
<BR>[Address Reference Count : 1]<UL><LI> usbd_core.o(.data)
</UL>
<P><STRONG><a name="[9]"></a>USBD_DevConnected</STRONG> (Thumb, 24 bytes, Stack size 8 bytes, usbd_core.o(i.USBD_DevConnected))
<BR><BR>[Stack]<UL><LI>Max Depth = 8<LI>Call Chain = USBD_DevConnected
</UL>
<BR>[Address Reference Count : 1]<UL><LI> usbd_core.o(.data)
</UL>
<P><STRONG><a name="[a]"></a>USBD_DevDisconnected</STRONG> (Thumb, 36 bytes, Stack size 8 bytes, usbd_core.o(i.USBD_DevDisconnected))
<BR><BR>[Stack]<UL><LI>Max Depth = 8<LI>Call Chain = USBD_DevDisconnected
</UL>
<BR>[Address Reference Count : 1]<UL><LI> usbd_core.o(.data)
</UL>
<P><STRONG><a name="[7]"></a>USBD_IsoINIncomplete</STRONG> (Thumb, 18 bytes, Stack size 8 bytes, usbd_core.o(i.USBD_IsoINIncomplete))
<BR><BR>[Stack]<UL><LI>Max Depth = 8<LI>Call Chain = USBD_IsoINIncomplete
</UL>
<BR>[Address Reference Count : 1]<UL><LI> usbd_core.o(.data)
</UL>
<P><STRONG><a name="[8]"></a>USBD_IsoOUTIncomplete</STRONG> (Thumb, 18 bytes, Stack size 8 bytes, usbd_core.o(i.USBD_IsoOUTIncomplete))
<BR><BR>[Stack]<UL><LI>Max Depth = 8<LI>Call Chain = USBD_IsoOUTIncomplete
</UL>
<BR>[Address Reference Count : 1]<UL><LI> usbd_core.o(.data)
</UL>
<P><STRONG><a name="[4]"></a>USBD_Reset</STRONG> (Thumb, 50 bytes, Stack size 8 bytes, usbd_core.o(i.USBD_Reset))
<BR><BR>[Stack]<UL><LI>Max Depth = 52<LI>Call Chain = USBD_Reset &rArr; DCD_EP_Open &rArr; USB_OTG_EPActivate
</UL>
<BR>[Calls]<UL><LI><a href="#[1c0]">&gt;&gt;</a>&nbsp;&nbsp;&nbsp;DCD_EP_Open
</UL>
<BR>[Address Reference Count : 1]<UL><LI> usbd_core.o(.data)
</UL>
<P><STRONG><a name="[6]"></a>USBD_Resume</STRONG> (Thumb, 30 bytes, Stack size 8 bytes, usbd_core.o(i.USBD_Resume))
<BR><BR>[Stack]<UL><LI>Max Depth = 8<LI>Call Chain = USBD_Resume
</UL>
<BR>[Address Reference Count : 1]<UL><LI> usbd_core.o(.data)
</UL>
<P><STRONG><a name="[33c]"></a>USBD_RunTestMode</STRONG> (Thumb, 14 bytes, Stack size 0 bytes, usbd_core.o(i.USBD_RunTestMode))
<BR><BR>[Called By]<UL><LI><a href="#[1]">&gt;&gt;</a>&nbsp;&nbsp;&nbsp;USBD_DataInStage
</UL>

<P><STRONG><a name="[3]"></a>USBD_SOF</STRONG> (Thumb, 26 bytes, Stack size 8 bytes, usbd_core.o(i.USBD_SOF))
<BR><BR>[Stack]<UL><LI>Max Depth = 8<LI>Call Chain = USBD_SOF
</UL>
<BR>[Address Reference Count : 1]<UL><LI> usbd_core.o(.data)
</UL>
<P><STRONG><a name="[2]"></a>USBD_SetupStage</STRONG> (Thumb, 84 bytes, Stack size 16 bytes, usbd_core.o(i.USBD_SetupStage))
<BR><BR>[Stack]<UL><LI>Max Depth = 160<LI>Call Chain = USBD_SetupStage &rArr; USBD_StdDevReq &rArr; USBD_GetDescriptor &rArr; USBD_CtlSendData &rArr; DCD_EP_Tx &rArr; USB_OTG_EPStartXfer &rArr; USB_OTG_WritePacket
</UL>
<BR>[Calls]<UL><LI><a href="#[1c5]">&gt;&gt;</a>&nbsp;&nbsp;&nbsp;DCD_EP_Stall
<LI><a href="#[351]">&gt;&gt;</a>&nbsp;&nbsp;&nbsp;USBD_StdItfReq
<LI><a href="#[352]">&gt;&gt;</a>&nbsp;&nbsp;&nbsp;USBD_StdEPReq
<LI><a href="#[350]">&gt;&gt;</a>&nbsp;&nbsp;&nbsp;USBD_StdDevReq
<LI><a href="#[34f]">&gt;&gt;</a>&nbsp;&nbsp;&nbsp;USBD_ParseSetupRequest
</UL>
<BR>[Address Reference Count : 1]<UL><LI> usbd_core.o(.data)
</UL>
<P><STRONG><a name="[5]"></a>USBD_Suspend</STRONG> (Thumb, 32 bytes, Stack size 8 bytes, usbd_core.o(i.USBD_Suspend))
<BR><BR>[Stack]<UL><LI>Max Depth = 8<LI>Call Chain = USBD_Suspend
</UL>
<BR>[Address Reference Count : 1]<UL><LI> usbd_core.o(.data)
</UL>
<P><STRONG><a name="[335]"></a>USBD_ClrFeature</STRONG> (Thumb, 72 bytes, Stack size 16 bytes, usbd_req.o(i.USBD_ClrFeature))
<BR><BR>[Stack]<UL><LI>Max Depth = 112<LI>Call Chain = USBD_ClrFeature &rArr; USBD_CtlSendStatus &rArr; DCD_EP_Tx &rArr; USB_OTG_EPStartXfer &rArr; USB_OTG_WritePacket
</UL>
<BR>[Calls]<UL><LI><a href="#[337]">&gt;&gt;</a>&nbsp;&nbsp;&nbsp;USBD_CtlError
<LI><a href="#[336]">&gt;&gt;</a>&nbsp;&nbsp;&nbsp;USBD_CtlSendStatus
</UL>
<BR>[Called By]<UL><LI><a href="#[350]">&gt;&gt;</a>&nbsp;&nbsp;&nbsp;USBD_StdDevReq
</UL>

<P><STRONG><a name="[33d]"></a>USBD_GetConfig</STRONG> (Thumb, 78 bytes, Stack size 16 bytes, usbd_req.o(i.USBD_GetConfig))
<BR><BR>[Stack]<UL><LI>Max Depth = 120<LI>Call Chain = USBD_GetConfig &rArr; USBD_CtlSendData &rArr; DCD_EP_Tx &rArr; USB_OTG_EPStartXfer &rArr; USB_OTG_WritePacket
</UL>
<BR>[Calls]<UL><LI><a href="#[337]">&gt;&gt;</a>&nbsp;&nbsp;&nbsp;USBD_CtlError
<LI><a href="#[33b]">&gt;&gt;</a>&nbsp;&nbsp;&nbsp;USBD_CtlSendData
</UL>
<BR>[Called By]<UL><LI><a href="#[350]">&gt;&gt;</a>&nbsp;&nbsp;&nbsp;USBD_StdDevReq
</UL>

<P><STRONG><a name="[33e]"></a>USBD_GetDescriptor</STRONG> (Thumb, 290 bytes, Stack size 24 bytes, usbd_req.o(i.USBD_GetDescriptor))
<BR><BR>[Stack]<UL><LI>Max Depth = 128<LI>Call Chain = USBD_GetDescriptor &rArr; USBD_CtlSendData &rArr; DCD_EP_Tx &rArr; USB_OTG_EPStartXfer &rArr; USB_OTG_WritePacket
</UL>
<BR>[Calls]<UL><LI><a href="#[337]">&gt;&gt;</a>&nbsp;&nbsp;&nbsp;USBD_CtlError
<LI><a href="#[33b]">&gt;&gt;</a>&nbsp;&nbsp;&nbsp;USBD_CtlSendData
</UL>
<BR>[Called By]<UL><LI><a href="#[350]">&gt;&gt;</a>&nbsp;&nbsp;&nbsp;USBD_StdDevReq
</UL>

<P><STRONG><a name="[33f]"></a>USBD_GetStatus</STRONG> (Thumb, 74 bytes, Stack size 16 bytes, usbd_req.o(i.USBD_GetStatus))
<BR><BR>[Stack]<UL><LI>Max Depth = 120<LI>Call Chain = USBD_GetStatus &rArr; USBD_CtlSendData &rArr; DCD_EP_Tx &rArr; USB_OTG_EPStartXfer &rArr; USB_OTG_WritePacket
</UL>
<BR>[Calls]<UL><LI><a href="#[337]">&gt;&gt;</a>&nbsp;&nbsp;&nbsp;USBD_CtlError
<LI><a href="#[33b]">&gt;&gt;</a>&nbsp;&nbsp;&nbsp;USBD_CtlSendData
</UL>
<BR>[Called By]<UL><LI><a href="#[350]">&gt;&gt;</a>&nbsp;&nbsp;&nbsp;USBD_StdDevReq
</UL>

<P><STRONG><a name="[349]"></a>USBD_SetAddress</STRONG> (Thumb, 92 bytes, Stack size 16 bytes, usbd_req.o(i.USBD_SetAddress))
<BR><BR>[Stack]<UL><LI>Max Depth = 112<LI>Call Chain = USBD_SetAddress &rArr; USBD_CtlSendStatus &rArr; DCD_EP_Tx &rArr; USB_OTG_EPStartXfer &rArr; USB_OTG_WritePacket
</UL>
<BR>[Calls]<UL><LI><a href="#[337]">&gt;&gt;</a>&nbsp;&nbsp;&nbsp;USBD_CtlError
<LI><a href="#[336]">&gt;&gt;</a>&nbsp;&nbsp;&nbsp;USBD_CtlSendStatus
<LI><a href="#[34a]">&gt;&gt;</a>&nbsp;&nbsp;&nbsp;DCD_EP_SetAddress
</UL>
<BR>[Called By]<UL><LI><a href="#[350]">&gt;&gt;</a>&nbsp;&nbsp;&nbsp;USBD_StdDevReq
</UL>

<P><STRONG><a name="[34b]"></a>USBD_SetConfig</STRONG> (Thumb, 204 bytes, Stack size 16 bytes, usbd_req.o(i.USBD_SetConfig))
<BR><BR>[Stack]<UL><LI>Max Depth = 112<LI>Call Chain = USBD_SetConfig &rArr; USBD_CtlSendStatus &rArr; DCD_EP_Tx &rArr; USB_OTG_EPStartXfer &rArr; USB_OTG_WritePacket
</UL>
<BR>[Calls]<UL><LI><a href="#[337]">&gt;&gt;</a>&nbsp;&nbsp;&nbsp;USBD_CtlError
<LI><a href="#[336]">&gt;&gt;</a>&nbsp;&nbsp;&nbsp;USBD_CtlSendStatus
<LI><a href="#[34c]">&gt;&gt;</a>&nbsp;&nbsp;&nbsp;USBD_SetCfg
<LI><a href="#[34d]">&gt;&gt;</a>&nbsp;&nbsp;&nbsp;USBD_ClrCfg
</UL>
<BR>[Called By]<UL><LI><a href="#[350]">&gt;&gt;</a>&nbsp;&nbsp;&nbsp;USBD_StdDevReq
</UL>

<P><STRONG><a name="[34e]"></a>USBD_SetFeature</STRONG> (Thumb, 160 bytes, Stack size 24 bytes, usbd_req.o(i.USBD_SetFeature))
<BR><BR>[Stack]<UL><LI>Max Depth = 120<LI>Call Chain = USBD_SetFeature &rArr; USBD_CtlSendStatus &rArr; DCD_EP_Tx &rArr; USB_OTG_EPStartXfer &rArr; USB_OTG_WritePacket
</UL>
<BR>[Calls]<UL><LI><a href="#[336]">&gt;&gt;</a>&nbsp;&nbsp;&nbsp;USBD_CtlSendStatus
</UL>
<BR>[Called By]<UL><LI><a href="#[350]">&gt;&gt;</a>&nbsp;&nbsp;&nbsp;USBD_StdDevReq
</UL>

<P><STRONG><a name="[363]"></a>_fp_digits</STRONG> (Thumb, 334 bytes, Stack size 56 bytes, printfa.o(i._fp_digits), UNUSED)
<BR><BR>[Calls]<UL><LI><a href="#[14b]">&gt;&gt;</a>&nbsp;&nbsp;&nbsp;__aeabi_dmul
<LI><a href="#[14c]">&gt;&gt;</a>&nbsp;&nbsp;&nbsp;__aeabi_ddiv
<LI><a href="#[144]">&gt;&gt;</a>&nbsp;&nbsp;&nbsp;__aeabi_dadd
<LI><a href="#[153]">&gt;&gt;</a>&nbsp;&nbsp;&nbsp;__aeabi_uldivmod
<LI><a href="#[159]">&gt;&gt;</a>&nbsp;&nbsp;&nbsp;__aeabi_d2ulz
<LI><a href="#[364]">&gt;&gt;</a>&nbsp;&nbsp;&nbsp;__aeabi_cdrcmple
</UL>
<BR>[Called By]<UL><LI><a href="#[35e]">&gt;&gt;</a>&nbsp;&nbsp;&nbsp;_printf_core
</UL>

<P><STRONG><a name="[35e]"></a>_printf_core</STRONG> (Thumb, 1744 bytes, Stack size 136 bytes, printfa.o(i._printf_core), UNUSED)
<BR><BR>[Calls]<UL><LI><a href="#[153]">&gt;&gt;</a>&nbsp;&nbsp;&nbsp;__aeabi_uldivmod
<LI><a href="#[367]">&gt;&gt;</a>&nbsp;&nbsp;&nbsp;__aeabi_uidivmod
<LI><a href="#[365]">&gt;&gt;</a>&nbsp;&nbsp;&nbsp;_printf_pre_padding
<LI><a href="#[366]">&gt;&gt;</a>&nbsp;&nbsp;&nbsp;_printf_post_padding
<LI><a href="#[363]">&gt;&gt;</a>&nbsp;&nbsp;&nbsp;_fp_digits
</UL>
<BR>[Called By]<UL><LI><a href="#[360]">&gt;&gt;</a>&nbsp;&nbsp;&nbsp;__0vsprintf
<LI><a href="#[35f]">&gt;&gt;</a>&nbsp;&nbsp;&nbsp;__0sprintf
<LI><a href="#[35d]">&gt;&gt;</a>&nbsp;&nbsp;&nbsp;__0printf
</UL>

<P><STRONG><a name="[366]"></a>_printf_post_padding</STRONG> (Thumb, 36 bytes, Stack size 24 bytes, printfa.o(i._printf_post_padding), UNUSED)
<BR><BR>[Called By]<UL><LI><a href="#[35e]">&gt;&gt;</a>&nbsp;&nbsp;&nbsp;_printf_core
</UL>

<P><STRONG><a name="[365]"></a>_printf_pre_padding</STRONG> (Thumb, 46 bytes, Stack size 24 bytes, printfa.o(i._printf_pre_padding), UNUSED)
<BR><BR>[Called By]<UL><LI><a href="#[35e]">&gt;&gt;</a>&nbsp;&nbsp;&nbsp;_printf_core
</UL>

<P><STRONG><a name="[73]"></a>_sputc</STRONG> (Thumb, 10 bytes, Stack size 0 bytes, printfa.o(i._sputc))
<BR><BR>[Called By]<UL><LI><a href="#[360]">&gt;&gt;</a>&nbsp;&nbsp;&nbsp;__0vsprintf
<LI><a href="#[35f]">&gt;&gt;</a>&nbsp;&nbsp;&nbsp;__0sprintf
</UL>
<BR>[Address Reference Count : 2]<UL><LI> printfa.o(i.__0sprintf)
<LI> printfa.o(i.__0vsprintf)
</UL>
<P><STRONG><a name="[154]"></a>_local_sscanf</STRONG> (Thumb, 54 bytes, Stack size 56 bytes, strtod.o(.text))
<BR><BR>[Stack]<UL><LI>Max Depth = 160<LI>Call Chain = _local_sscanf &rArr; _scanf_real
</UL>
<BR>[Calls]<UL><LI><a href="#[155]">&gt;&gt;</a>&nbsp;&nbsp;&nbsp;_scanf_real
</UL>
<BR>[Called By]<UL><LI><a href="#[156]">&gt;&gt;</a>&nbsp;&nbsp;&nbsp;__strtod_int
</UL>

<P><STRONG><a name="[15b]"></a>_fp_value</STRONG> (Thumb, 256 bytes, Stack size 56 bytes, scanf_fp.o(.text), UNUSED)
<BR><BR>[Calls]<UL><LI><a href="#[14b]">&gt;&gt;</a>&nbsp;&nbsp;&nbsp;__aeabi_dmul
<LI><a href="#[14c]">&gt;&gt;</a>&nbsp;&nbsp;&nbsp;__aeabi_ddiv
<LI><a href="#[15c]">&gt;&gt;</a>&nbsp;&nbsp;&nbsp;__aeabi_ul2d
</UL>
<BR>[Called By]<UL><LI><a href="#[15d]">&gt;&gt;</a>&nbsp;&nbsp;&nbsp;_scanf_really_real
</UL>
<P>
<H3>
Undefined Global Symbols
</H3><HR></body></html>
