Component: ARM Compiler 5.06 update 2 (build 183) Tool: armlink [4d35b7]

==============================================================================

Section Cross References

    main.o(i.App2_FirstMenu) refers to com.o(i.COM1_SendNBytes) for COM1_SendNBytes
    main.o(i.App2_FirstMenu) refers to main.o(i.SendToPC) for SendToPC
    main.o(i.App2_FirstMenu) refers to main.o(.data) for LANGUAGE
    main.o(i.App2_Page0Func) refers to main.o(i.App2_Page0Menu) for App2_Page0Menu
    main.o(i.App2_Page0Func) refers to auto_debug.o(i.AUTO_Debug) for AUTO_Debug
    main.o(i.App2_Page0Func) refers to appif.o(i.SYS_ReadKey) for SYS_ReadKey
    main.o(i.App2_Page0Func) refers to lcd_debug.o(i.LCD_Debug) for LCD_Debug
    main.o(i.App2_Page0Func) refers to led_debug.o(i.LED_Debug) for LED_Debug
    main.o(i.App2_Page0Func) refers to ledseg_debug.o(i.LEDSeg_Debug) for LEDSeg_Debug
    main.o(i.App2_Page0Func) refers to key_debug.o(i.KEY_Debug) for KEY_Debug
    main.o(i.App2_Page0Func) refers to main.o(.data) for g_laohua_sign
    main.o(i.App2_Page0Menu) refers to com.o(i.COM1_SendNBytes) for COM1_SendNBytes
    main.o(i.App2_Page0Menu) refers to main.o(i.SendToPC) for SendToPC
    main.o(i.App2_Page0Menu) refers to main.o(.data) for LANGUAGE
    main.o(i.App2_Page1Func) refers to main.o(i.App2_Page1Menu) for App2_Page1Menu
    main.o(i.App2_Page1Func) refers to auto_debug.o(i.AUTO_Debug) for AUTO_Debug
    main.o(i.App2_Page1Func) refers to appif.o(i.SYS_ReadKey) for SYS_ReadKey
    main.o(i.App2_Page1Func) refers to beep_debug.o(i.BEEP_Debug) for BEEP_Debug
    main.o(i.App2_Page1Func) refers to sound_debug.o(i.Sound_Debug) for Sound_Debug
    main.o(i.App2_Page1Func) refers to rtc_debug.o(i.RTC_Debug) for RTC_Debug
    main.o(i.App2_Page1Func) refers to transmode_debug.o(i.TransMode_Debug) for TransMode_Debug
    main.o(i.App2_Page1Func) refers to main.o(.data) for g_laohua_sign
    main.o(i.App2_Page1Menu) refers to com.o(i.COM1_SendNBytes) for COM1_SendNBytes
    main.o(i.App2_Page1Menu) refers to main.o(i.SendToPC) for SendToPC
    main.o(i.App2_Page1Menu) refers to main.o(.data) for LANGUAGE
    main.o(i.App2_Page2Func) refers to main.o(i.App2_Page2Menu) for App2_Page2Menu
    main.o(i.App2_Page2Func) refers to auto_debug.o(i.AUTO_Debug) for AUTO_Debug
    main.o(i.App2_Page2Func) refers to appif.o(i.SYS_ReadKey) for SYS_ReadKey
    main.o(i.App2_Page2Func) refers to tcp_debug.o(i.TCP_Debug) for TCP_Debug
    main.o(i.App2_Page2Func) refers to gps.debug.o(i.GPS_Debug) for GPS_Debug
    main.o(i.App2_Page2Func) refers to bt_debug.o(i.BT_Debug) for BT_Debug
    main.o(i.App2_Page2Func) refers to irda_debug.o(i.IrDA_Debug) for IrDA_Debug
    main.o(i.App2_Page2Func) refers to main.o(.data) for g_laohua_sign
    main.o(i.App2_Page2Menu) refers to com.o(i.COM1_SendNBytes) for COM1_SendNBytes
    main.o(i.App2_Page2Menu) refers to main.o(i.SendToPC) for SendToPC
    main.o(i.App2_Page2Menu) refers to main.o(.data) for LANGUAGE
    main.o(i.App2_Page3Func) refers to main.o(i.App2_Page3Menu) for App2_Page3Menu
    main.o(i.App2_Page3Func) refers to auto_debug.o(i.AUTO_Debug) for AUTO_Debug
    main.o(i.App2_Page3Func) refers to appif.o(i.SYS_ReadKey) for SYS_ReadKey
    main.o(i.App2_Page3Func) refers to contact_debug.o(i.Contact_Debug) for Contact_Debug
    main.o(i.App2_Page3Func) refers to catactlesscard_debug.o(i.CatactlessCPU_Debug) for CatactlessCPU_Debug
    main.o(i.App2_Page3Func) refers to flash_debug.o(i.Flash_Debug) for Flash_Debug
    main.o(i.App2_Page3Func) refers to 2_4g_debug.o(i._2_4G_Debug) for _2_4G_Debug
    main.o(i.App2_Page3Func) refers to main.o(.data) for g_laohua_sign
    main.o(i.App2_Page3Menu) refers to com.o(i.COM1_SendNBytes) for COM1_SendNBytes
    main.o(i.App2_Page3Menu) refers to main.o(i.SendToPC) for SendToPC
    main.o(i.App2_Page3Menu) refers to main.o(.data) for LANGUAGE
    main.o(i.App2_Page4Func) refers to main.o(i.App2_Page4Menu) for App2_Page4Menu
    main.o(i.App2_Page4Func) refers to auto_debug.o(i.AUTO_Debug) for AUTO_Debug
    main.o(i.App2_Page4Func) refers to appif.o(i.SYS_ReadKey) for SYS_ReadKey
    main.o(i.App2_Page4Func) refers to qr_debug.o(i.QR_Debug) for QR_Debug
    main.o(i.App2_Page4Func) refers to catactlesscard_debug.o(i.CatactlessCPU_Debug) for CatactlessCPU_Debug
    main.o(i.App2_Page4Func) refers to flash_debug.o(i.Flash_Debug) for Flash_Debug
    main.o(i.App2_Page4Func) refers to version_debug.o(i.Version_Debug) for Version_Debug
    main.o(i.App2_Page4Func) refers to main.o(.data) for g_laohua_sign
    main.o(i.App2_Page4Menu) refers to com.o(i.COM1_SendNBytes) for COM1_SendNBytes
    main.o(i.App2_Page4Menu) refers to main.o(i.SendToPC) for SendToPC
    main.o(i.App2_Page4Menu) refers to main.o(.data) for LANGUAGE
    main.o(i.App3_Init) refers to appif.o(i.SYS_Init) for SYS_Init
    main.o(i.App3_Init) refers to gps.o(i.GPS_Init) for GPS_Init
    main.o(i.App3_Init) refers to system.o(i.Uart_SetSysDebug) for Uart_SetSysDebug
[...]
    0x08020280   0x00000848   Code   RO         2042    .text               P18.Lib_C.SVN486.170818.lib(mifare1_operate.o)
    0x08020ac8   0x00002ac8   Code   RO         2047    .text               P18.Lib_C.SVN486.170818.lib(cpu.o)
    0x08023590   0x0000019c   Code   RO         2054    .text               P18.Lib_C.SVN486.170818.lib(cpu_driver.o)
    0x0802372c   0x0000043c   Code   RO         2058    .text               P18.Lib_C.SVN486.170818.lib(bluetooth.o)
    0x08023b68   0x000003f0   Code   RO         4573    .text               P18.Lib_C.SVN486.170818.lib(time.o)
    0x08023f58   0x0000008c   Code   RO         4577    .text               P18.Lib_C.SVN486.170818.lib(sc7816_driver.o)
    0x08023fe4   0x00000558   Code   RO         4582    .text               P18.Lib_C.SVN486.170818.lib(gpio7816.o)
    0x0802453c   0x000000cc   Code   RO         4588    .text               P18.Lib_C.SVN486.170818.lib(bluetooth_port.o)
    0x08024608   0x00000024   Code   RO         5452    .text               mc_w.l(memcpya.o)
    0x0802462c   0x00000024   Code   RO         5454    .text               mc_w.l(memseta.o)
    0x08024650   0x00000024   Code   RO         5456    .text               mc_w.l(strstr.o)
    0x08024674   0x0000000e   Code   RO         5458    .text               mc_w.l(strlen.o)
    0x08024682   0x0000001a   Code   RO         5460    .text               mc_w.l(memcmp.o)
    0x0802469c   0x00000044   Code   RO         5464    .text               mc_w.l(strtok.o)
    0x080246e0   0x0000001a   Code   RO         5733    .text               mc_w.l(atoi.o)
    0x080246fa   0x0000014e   Code   RO         5735    .text               mf_w.l(dadd.o)
    0x08024848   0x000000e4   Code   RO         5737    .text               mf_w.l(dmul.o)
    0x0802492c   0x000000de   Code   RO         5739    .text               mf_w.l(ddiv.o)
    0x08024a0a   0x00000022   Code   RO         5741    .text               mf_w.l(dflti.o)
    0x08024a2c   0x0000003e   Code   RO         5743    .text               mf_w.l(dfixi.o)
    0x08024a6a   0x00000032   Code   RO         5745    .text               mf_w.l(dfixui.o)
    0x08024a9c   0x00000026   Code   RO         5747    .text               mf_w.l(f2d.o)
    0x08024ac2   0x0000002c   Code   RO         5764    .text               mc_w.l(uidiv.o)
    0x08024aee   0x00000062   Code   RO         5766    .text               mc_w.l(uldiv.o)
    0x08024b50   0x0000001e   Code   RO         5768    .text               mc_w.l(llshl.o)
    0x08024b6e   0x00000020   Code   RO         5770    .text               mc_w.l(llushr.o)
    0x08024b8e   0x00000024   Code   RO         5772    .text               mc_w.l(llsshr.o)
    0x08024bb2   0x00000002   PAD
    0x08024bb4   0x0000009c   Code   RO         5781    .text               mc_w.l(strtod.o)
    0x08024c50   0x00000070   Code   RO         5783    .text               mc_w.l(strtol.o)
    0x08024cc0   0x00000000   Code   RO         5785    .text               mc_w.l(iusefp.o)
    0x08024cc0   0x000000ba   Code   RO         5786    .text               mf_w.l(depilogue.o)
    0x08024d7a   0x00000030   Code   RO         5788    .text               mf_w.l(dfixul.o)
    0x08024daa   0x00000002   PAD
    0x08024dac   0x00000030   Code   RO         5790    .text               mf_w.l(cdrcmple.o)
    0x08024ddc   0x00000198   Code   RO         5795    .text               P18.Lib_C.SVN486.170818.lib(stm32f4xxappinit.o)
    0x08024f74   0x00000024   Code   RO         5797    .text               mc_w.l(init.o)
    0x08024f98   0x00000008   Code   RO         5801    .text               mc_w.l(ctype_o.o)
    0x08024fa0   0x00000012   Code   RO         5823    .text               mc_w.l(isspace_o.o)
    0x08024fb2   0x00000002   PAD
    0x08024fb4   0x00000338   Code   RO         5829    .text               mc_w.l(scanf_fp.o)
    0x080252ec   0x00000040   Code   RO         5833    .text               mc_w.l(_sgetc.o)
    0x0802532c   0x0000009e   Code   RO         5835    .text               mc_w.l(_strtoul.o)
    0x080253ca   0x0000001c   Code   RO         5840    .text               mc_w.l(_chval.o)
    0x080253e6   0x00000018   Code   RO         5842    .text               mf_w.l(dfltul.o)
    0x080253fe   0x00000038   Code   RO         5844    .text               mf_w.l(d2f.o)
    0x08025436   0x0000006e   Code   RO         5846    .text               mf_w.l(fepilogue.o)
    0x080254a4   0x00000056   Code   RO         5856    .text               mc_w.l(__dczerorl2.o)
    0x080254fa   0x00000002   PAD
    0x080254fc   0x00000090   Code   RO          265    i.ABC_memcmp        flash_debug.o
    0x0802558c   0x000007fc   Code   RO          737    i.AUTO_Debug        auto_debug.o
    0x08025d88   0x000000e8   Code   RO            1    i.App2_FirstMenu    main.o
    0x08025e70   0x000000b0   Code   RO            2    i.App2_Page0Func    main.o
    0x08025f20   0x00000118   Code   RO            3    i.App2_Page0Menu    main.o
    0x08026038   0x000000b0   Code   RO            4    i.App2_Page1Func    main.o
    0x080260e8   0x00000128   Code   RO            5    i.App2_Page1Menu    main.o
    0x08026210   0x000000b0   Code   RO            6    i.App2_Page2Func    main.o
    0x080262c0   0x00000108   Code   RO            7    i.App2_Page2Menu    main.o
    0x080263c8   0x000000b0   Code   RO            8    i.App2_Page3Func    main.o
    0x08026478   0x00000128   Code   RO            9    i.App2_Page3Menu    main.o
    0x080265a0   0x000000b0   Code   RO           10    i.App2_Page4Func    main.o
    0x08026650   0x00000110   Code   RO           11    i.App2_Page4Menu    main.o
    0x08026760   0x0000005c   Code   RO           12    i.App3_Init         main.o
    0x080267bc   0x000000a4   Code   RO          189    i.BEEP_Debug        beep_debug.o
    0x08026860   0x00000030   Code   RO         3220    i.BEEP_PortInit     P18.Lib_C.SVN486.170818.lib(beep.o)
    0x08026890   0x0000000c   Code   RO         3221    i.BEEP_Start        P18.Lib_C.SVN486.170818.lib(beep.o)
    0x0802689c   0x0000000c   Code   RO         3222    i.BEEP_Stop         P18.Lib_C.SVN486.170818.lib(beep.o)
    0x080268a8   0x00000028   Code   RO         4556    i.BSP_u8ConfigTypeC212  P18.Lib_C.SVN486.170818.lib(felica.o)
    0x080268d0   0x00000040   Code   RO         4557    i.BSP_u8ConfigTypeC424  P18.Lib_C.SVN486.170818.lib(felica.o)
    0x08026910   0x00000614   Code   RO          202    i.BT_Debug          bt_debug.o
    0x08026f24   0x00000048   Code   RO         1446    i.BusFault_Handler  P18.Lib_C.SVN486.170818.lib(ctrl0.o)
    0x08026f6c   0x00000012   Code   RO         2139    i.COM1_SendNBytes   P18.Lib_C.SVN486.170818.lib(com.o)
    0x08026f7e   0x00000002   PAD
    0x08026f80   0x0000000c   Code   RO         1447    i.COM1_SetCOM1CALLBACKFUNC  P18.Lib_C.SVN486.170818.lib(ctrl0.o)
    0x08026f8c   0x0000005c   Code   RO          431    i.COM3_ReceiveData  transmode_debug.o
    0x08026fe8   0x0000000c   Code   RO         1448    i.COM3_SetCOM3CALLBACKFUNC  P18.Lib_C.SVN486.170818.lib(ctrl0.o)
    0x08026ff4   0x0000005c   Code   RO         1007    i.COM4_AuxioInit    P18.Lib_C.SVN486.170818.lib(appif.o)
    0x08027050   0x0000000c   Code   RO         1449    i.COM4_SetCOM4CALLBACKFUNC  P18.Lib_C.SVN486.170818.lib(ctrl0.o)
    0x0802705c   0x0000005c   Code   RO         1010    i.COM5_AuxioInit    P18.Lib_C.SVN486.170818.lib(appif.o)
    0x080270b8   0x00000088   Code   RO         1011    i.COM5_AuxioSelect  P18.Lib_C.SVN486.170818.lib(appif.o)
    0x08027140   0x0000000c   Code   RO         1012    i.COM5_AuxioWhoseIsSelect  P18.Lib_C.SVN486.170818.lib(appif.o)
    0x0802714c   0x00000010   Code   RO         2162    i.COM5_ClearStore   P18.Lib_C.SVN486.170818.lib(com.o)
    0x0802715c   0x00000040   Code   RO         4715    i.COM5_IRQReceiveByte  P18.Lib_C.SVN486.170818.lib(irda_port.o)
    0x0802719c   0x0000000e   Code   RO         2168    i.COM5_SendByte     P18.Lib_C.SVN486.170818.lib(com.o)
    0x080271aa   0x00000002   PAD
    0x080271ac   0x0000000c   Code   RO         1450    i.COM5_SetCOM5CALLBACKFUNC  P18.Lib_C.SVN486.170818.lib(ctrl0.o)
    0x080271b8   0x0000005c   Code   RO         1013    i.COM6_AuxioInit    P18.Lib_C.SVN486.170818.lib(appif.o)
    0x08027214   0x00000058   Code   RO         1014    i.COM6_AuxioSelect  P18.Lib_C.SVN486.170818.lib(appif.o)
    0x0802726c   0x0000000c   Code   RO         1015    i.COM6_AuxioWhoseIsSelect  P18.Lib_C.SVN486.170818.lib(appif.o)
    0x08027278   0x00000248   Code   RO          432    i.COM_Debug         transmode_debug.o
    0x080274c0   0x00000010   Code   RO         2973    i.COM_SelectTCP     P18.Lib_C.SVN486.170818.lib(tcp_port.o)
    0x080274d0   0x0000002c   Code   RO         4592    i.COM_Select_24g    P18.Lib_C.SVN486.170818.lib(_24g_port.o)
    0x080274fc   0x00000084   Code   RO         1381    i.Calc_WeekDay      P18.Lib_C.SVN486.170818.lib(rtc.o)
    0x08027580   0x00000674   Code   RO          652    i.CatactlessCPU_Debug  catactlesscard_debug.o
    0x08027bf4   0x000000d0   Code   RO          242    i.Contact_Debug     contact_debug.o
    0x08027cc4   0x00000022   Code   RO         5121    i.DCD_DevDisconnect  P18.Lib_C.SVN486.170818.lib(usb_dcd.o)
    0x08027ce6   0x00000048   Code   RO         5123    i.DCD_EP_ClrStall   P18.Lib_C.SVN486.170818.lib(usb_dcd.o)
    0x08027d2e   0x00000068   Code   RO         5125    i.DCD_EP_Open       P18.Lib_C.SVN486.170818.lib(usb_dcd.o)
    0x08027d96   0x00000052   Code   RO         5126    i.DCD_EP_PrepareRx  P18.Lib_C.SVN486.170818.lib(usb_dcd.o)
    0x08027de8   0x0000001c   Code   RO         5127    i.DCD_EP_SetAddress  P18.Lib_C.SVN486.170818.lib(usb_dcd.o)
    0x08027e04   0x00000048   Code   RO         5128    i.DCD_EP_Stall      P18.Lib_C.SVN486.170818.lib(usb_dcd.o)
    0x08027e4c   0x0000004e   Code   RO         5129    i.DCD_EP_Tx         P18.Lib_C.SVN486.170818.lib(usb_dcd.o)
    0x08027e9a   0x00000066   Code   RO         3325    i.DCD_HandleEnumDone_ISR  P18.Lib_C.SVN486.170818.lib(usb_dcd_int.o)
    0x08027f00   0x00000144   Code   RO         3326    i.DCD_HandleInEP_ISR  P18.Lib_C.SVN486.170818.lib(usb_dcd_int.o)
    0x08028044   0x00000100   Code   RO         3327    i.DCD_HandleOutEP_ISR  P18.Lib_C.SVN486.170818.lib(usb_dcd_int.o)
    0x08028144   0x00000068   Code   RO         3328    i.DCD_HandleResume_ISR  P18.Lib_C.SVN486.170818.lib(usb_dcd_int.o)
    0x080281ac   0x000000b0   Code   RO         3329    i.DCD_HandleRxStatusQueueLevel_ISR  P18.Lib_C.SVN486.170818.lib(usb_dcd_int.o)
    0x0802825c   0x0000002c   Code   RO         3330    i.DCD_HandleSof_ISR  P18.Lib_C.SVN486.170818.lib(usb_dcd_int.o)
    0x08028288   0x000000a8   Code   RO         3331    i.DCD_HandleUSBSuspend_ISR  P18.Lib_C.SVN486.170818.lib(usb_dcd_int.o)
    0x08028330   0x00000104   Code   RO         3332    i.DCD_HandleUsbReset_ISR  P18.Lib_C.SVN486.170818.lib(usb_dcd_int.o)
    0x08028434   0x0000002c   Code   RO         3333    i.DCD_IsoINIncomplete_ISR  P18.Lib_C.SVN486.170818.lib(usb_dcd_int.o)
    0x08028460   0x0000002c   Code   RO         3334    i.DCD_IsoOUTIncomplete_ISR  P18.Lib_C.SVN486.170818.lib(usb_dcd_int.o)
    0x0802848c   0x0000002c   Code   RO         3335    i.DCD_OTG_ISR       P18.Lib_C.SVN486.170818.lib(usb_dcd_int.o)
    0x080284b8   0x00000028   Code   RO         3336    i.DCD_ReadDevInEP   P18.Lib_C.SVN486.170818.lib(usb_dcd_int.o)
    0x080284e0   0x0000002c   Code   RO         3337    i.DCD_SessionRequest_ISR  P18.Lib_C.SVN486.170818.lib(usb_dcd_int.o)
    0x0802850c   0x00000090   Code   RO         3338    i.DCD_WriteEmptyTxFifo  P18.Lib_C.SVN486.170818.lib(usb_dcd_int.o)
    0x0802859c   0x00000016   Code   RO         3371    i.DMA_Cmd           P18.Lib_C.SVN486.170818.lib(stm32f4xx_dma.o)
    0x080285b2   0x00000002   PAD
    0x080285b4   0x00000198   Code   RO         1670    i.DMA_Configuration  P18.Lib_C.SVN486.170818.lib(uart_dma.o)
    0x0802874c   0x00000158   Code   RO         3372    i.DMA_DeInit        P18.Lib_C.SVN486.170818.lib(stm32f4xx_dma.o)
    0x080288a4   0x00000008   Code   RO         3377    i.DMA_GetCurrDataCounter  P18.Lib_C.SVN486.170818.lib(stm32f4xx_dma.o)
    0x080288ac   0x00000058   Code   RO         3383    i.DMA_Init          P18.Lib_C.SVN486.170818.lib(stm32f4xx_dma.o)
    0x08028904   0x00000044   Code   RO         1451    i.DebugMon_Handler  P18.Lib_C.SVN486.170818.lib(ctrl0.o)
    0x08028948   0x0000000a   Code   RO         1359    i.ENABLE_INTERRUPT  P18.Lib_C.SVN486.170818.lib(miscfunc.o)
    0x08028952   0x00000002   PAD
    0x08028954   0x00000030   Code   RO         1452    i.EXTI15_10_IRQHandler  P18.Lib_C.SVN486.170818.lib(ctrl0.o)
    0x08028984   0x00000034   Code   RO         1453    i.EXTI1_IRQHandler  P18.Lib_C.SVN486.170818.lib(ctrl0.o)
    0x080289b8   0x00000038   Code   RO         1454    i.EXTI3_IRQHandler  P18.Lib_C.SVN486.170818.lib(ctrl0.o)
    0x080289f0   0x00000038   Code   RO         1455    i.EXTI9_5_IRQHandler  P18.Lib_C.SVN486.170818.lib(ctrl0.o)
    0x08028a28   0x0000000c   Code   RO         3410    i.EXTI_ClearITPendingBit  P18.Lib_C.SVN486.170818.lib(stm32f4xx_exti.o)
    0x08028a34   0x00000028   Code   RO         3414    i.EXTI_GetITStatus  P18.Lib_C.SVN486.170818.lib(stm32f4xx_exti.o)
    0x08028a5c   0x00000094   Code   RO         3415    i.EXTI_Init         P18.Lib_C.SVN486.170818.lib(stm32f4xx_exti.o)
    0x08028af0   0x0000000c   Code   RO         3427    i.FLASH_ClearFlag   P18.Lib_C.SVN486.170818.lib(stm32f4xx_flash.o)
    0x08028afc   0x00000024   Code   RO         3428    i.FLASH_DataCacheCmd  P18.Lib_C.SVN486.170818.lib(stm32f4xx_flash.o)
    0x08028b20   0x00000088   Code   RO         3431    i.FLASH_EraseSector  P18.Lib_C.SVN486.170818.lib(stm32f4xx_flash.o)
    0x08028ba8   0x00000048   Code   RO         3433    i.FLASH_GetStatus   P18.Lib_C.SVN486.170818.lib(stm32f4xx_flash.o)
    0x08028bf0   0x00000014   Code   RO         3437    i.FLASH_Lock        P18.Lib_C.SVN486.170818.lib(stm32f4xx_flash.o)
    0x08028c04   0x00000050   Code   RO         3453    i.FLASH_ProgramWord  P18.Lib_C.SVN486.170818.lib(stm32f4xx_flash.o)
    0x08028c54   0x00000024   Code   RO         3455    i.FLASH_Unlock      P18.Lib_C.SVN486.170818.lib(stm32f4xx_flash.o)
    0x08028c78   0x00000022   Code   RO         3456    i.FLASH_WaitForLastOperation  P18.Lib_C.SVN486.170818.lib(stm32f4xx_flash.o)
    0x08028c9a   0x00000002   PAD
    0x08028c9c   0x00000034   Code   RO         3500    i.FSMC_NORSRAMCmd   P18.Lib_C.SVN486.170818.lib(stm32f4xx_fsmc.o)
    0x08028cd0   0x000000e6   Code   RO         3502    i.FSMC_NORSRAMInit  P18.Lib_C.SVN486.170818.lib(stm32f4xx_fsmc.o)
    0x08028db6   0x00000016   Code   RO          266    i.Fill_Buffer_8     flash_debug.o
    0x08028dcc   0x00000030   Code   RO         1532    i.Flash_BusyState   P18.Lib_C.SVN486.170818.lib(flash.o)
    0x08028dfc   0x00000098   Code   RO         1533    i.Flash_Calc_Size   P18.Lib_C.SVN486.170818.lib(flash.o)
    0x08028e94   0x00000344   Code   RO          267    i.Flash_Debug       flash_debug.o
    0x080291d8   0x00000058   Code   RO         1536    i.Flash_EraseSector  P18.Lib_C.SVN486.170818.lib(flash.o)
    0x08029230   0x00000014   Code   RO         1537    i.Flash_Get_Size    P18.Lib_C.SVN486.170818.lib(flash.o)
    0x08029244   0x0000026c   Code   RO         1538    i.Flash_Init        P18.Lib_C.SVN486.170818.lib(flash.o)
    0x080294b0   0x00000044   Code   RO         1539    i.Flash_Prog_Con_Word  P18.Lib_C.SVN486.170818.lib(flash.o)
    0x080294f4   0x0000002a   Code   RO         1540    i.Flash_Read        P18.Lib_C.SVN486.170818.lib(flash.o)
    0x0802951e   0x00000002   PAD
    0x08029520   0x00000034   Code   RO         1541    i.Flash_ReadBuffer  P18.Lib_C.SVN486.170818.lib(flash.o)
    0x08029554   0x0000002c   Code   RO         1542    i.Flash_ReadID      P18.Lib_C.SVN486.170818.lib(flash.o)
    0x08029580   0x0000000c   Code   RO         1545    i.Flash_ReturnToReadMode  P18.Lib_C.SVN486.170818.lib(flash.o)
    0x0802958c   0x0000001e   Code   RO         1546    i.Flash_UserRead    P18.Lib_C.SVN486.170818.lib(flash.o)
    0x080295aa   0x0000001e   Code   RO         1547    i.Flash_UserWrite   P18.Lib_C.SVN486.170818.lib(flash.o)
    0x080295c8   0x0000014c   Code   RO         1548    i.Flash_Write       P18.Lib_C.SVN486.170818.lib(flash.o)
    0x08029714   0x00000030   Code   RO         1550    i.Flash_Write_OneWord  P18.Lib_C.SVN486.170818.lib(flash.o)
    0x08029744   0x000001a0   Code   RO          268    i.Fram_Debug        flash_debug.o
    0x080298e4   0x00000090   Code   RO         3530    i.GPIO_Init         P18.Lib_C.SVN486.170818.lib(stm32f4xx_gpio.o)
    0x08029974   0x00000046   Code   RO         3531    i.GPIO_PinAFConfig  P18.Lib_C.SVN486.170818.lib(stm32f4xx_gpio.o)
    0x080299ba   0x00000012   Code   RO         3534    i.GPIO_ReadInputDataBit  P18.Lib_C.SVN486.170818.lib(stm32f4xx_gpio.o)
    0x080299cc   0x00000004   Code   RO         3537    i.GPIO_ResetBits    P18.Lib_C.SVN486.170818.lib(stm32f4xx_gpio.o)
    0x080299d0   0x00000004   Code   RO         3538    i.GPIO_SetBits      P18.Lib_C.SVN486.170818.lib(stm32f4xx_gpio.o)
    0x080299d4   0x000002d4   Code   RO          609    i.GPS_Debug         gps.debug.o
    0x08029ca8   0x000004e0   Code   RO         2216    i.GPS_GetInformation  P18.Lib_C.SVN486.170818.lib(gps.o)
    0x0802a188   0x0000001a   Code   RO         2217    i.GPS_Init          P18.Lib_C.SVN486.170818.lib(gps.o)
    0x0802a1a2   0x00000002   PAD
    0x0802a1a4   0x00000048   Code   RO         2219    i.GPS_QueryLaLO     P18.Lib_C.SVN486.170818.lib(gps.o)
    0x0802a1ec   0x00000120   Code   RO         2220    i.GPS_dddmm_dd      P18.Lib_C.SVN486.170818.lib(gps.o)
    0x0802a30c   0x000001bc   Code   RO         1456    i.HardFault_Handler  P18.Lib_C.SVN486.170818.lib(ctrl0.o)
    0x0802a4c8   0x00000030   Code   RO         1419    i.IRQkey_Init       P18.Lib_C.SVN486.170818.lib(irqkey.o)
    0x0802a4f8   0x00000046   Code   RO         1420    i.IRQkey_IntExitInit  P18.Lib_C.SVN486.170818.lib(irqkey.o)
    0x0802a53e   0x00000002   PAD
    0x0802a540   0x00000060   Code   RO         1421    i.IRQkey_IntGPIOConfig  P18.Lib_C.SVN486.170818.lib(irqkey.o)
    0x0802a5a0   0x00000040   Code   RO         1423    i.IRQkey_NVICInterruptConfig  P18.Lib_C.SVN486.170818.lib(irqkey.o)
    0x0802a5e0   0x00000010   Code   RO         3559    i.IWDG_Enable       P18.Lib_C.SVN486.170818.lib(stm32f4xx_iwdg.o)
    0x0802a5f0   0x00000010   Code   RO         3561    i.IWDG_ReloadCounter  P18.Lib_C.SVN486.170818.lib(stm32f4xx_iwdg.o)
    0x0802a600   0x0000000c   Code   RO         3562    i.IWDG_SetPrescaler  P18.Lib_C.SVN486.170818.lib(stm32f4xx_iwdg.o)
    0x0802a60c   0x0000000c   Code   RO         3563    i.IWDG_SetReload    P18.Lib_C.SVN486.170818.lib(stm32f4xx_iwdg.o)
    0x0802a618   0x0000000c   Code   RO         3564    i.IWDG_WriteAccessCmd  P18.Lib_C.SVN486.170818.lib(stm32f4xx_iwdg.o)
    0x0802a624   0x0000003c   Code   RO         4716    i.IrDA_Configuration  P18.Lib_C.SVN486.170818.lib(irda_port.o)
    0x0802a660   0x00000208   Code   RO          717    i.IrDA_Debug        irda_debug.o
    0x0802a868   0x00000018   Code   RO         2392    i.IrDA_Init         P18.Lib_C.SVN486.170818.lib(irda.o)
    0x0802a880   0x00000088   Code   RO         2393    i.IrDA_ReadData     P18.Lib_C.SVN486.170818.lib(irda.o)
    0x0802a908   0x00000038   Code   RO         2394    i.IrDA_SendNBytes   P18.Lib_C.SVN486.170818.lib(irda.o)
    0x0802a940   0x00000110   Code   RO          308    i.KEY_Debug         key_debug.o
    0x0802aa50   0x00000014   Code   RO         3283    i.Kernel_GetTExtFlashType  P18.Lib_C.SVN486.170818.lib(kernel.o)
    0x0802aa64   0x00000014   Code   RO         3284    i.Kernel_GetTExtRamType  P18.Lib_C.SVN486.170818.lib(kernel.o)
    0x0802aa78   0x00000068   Code   RO         4830    i.LCD_Clear_y       P18.Lib_C.SVN486.170818.lib(lcd_port.o)
    0x0802aae0   0x0000007c   Code   RO         2554    i.LCD_Clrscr        P18.Lib_C.SVN486.170818.lib(lcd.o)
    0x0802ab5c   0x000000dc   Code   RO          333    i.LCD_Debug         lcd_debug.o
    0x0802ac38   0x000002b8   Code   RO         2558    i.LCD_Display_Row   P18.Lib_C.SVN486.170818.lib(lcd.o)
    0x0802aef0   0x0000007c   Code   RO         2561    i.LCD_Eliminate     P18.Lib_C.SVN486.170818.lib(lcd.o)
    0x0802af6c   0x0000006c   Code   RO         4831    i.LCD_GPIO_Config   P18.Lib_C.SVN486.170818.lib(lcd_port.o)
    0x0802afd8   0x00000028   Code   RO         4832    i.LCD_HardwareReset  P18.Lib_C.SVN486.170818.lib(lcd_port.o)
    0x0802b000   0x000000d4   Code   RO         2563    i.LCD_Init          P18.Lib_C.SVN486.170818.lib(lcd.o)
    0x0802b0d4   0x00000050   Code   RO         4833    i.LCD_SendByte      P18.Lib_C.SVN486.170818.lib(lcd_port.o)
    0x0802b124   0x00000044   Code   RO         4835    i.LCD_W_Com         P18.Lib_C.SVN486.170818.lib(lcd_port.o)
    0x0802b168   0x0000002c   Code   RO         4836    i.LCD_W_Data        P18.Lib_C.SVN486.170818.lib(lcd_port.o)
    0x0802b194   0x00000010   Code   RO         4446    i.LEDSEG_ClkPinHigh  P18.Lib_C.SVN486.170818.lib(ledseg_driver.o)
    0x0802b1a4   0x00000010   Code   RO         4447    i.LEDSEG_ClkPinLow  P18.Lib_C.SVN486.170818.lib(ledseg_driver.o)
    0x0802b1b4   0x00000014   Code   RO         1576    i.LEDSEG_ClkSet     P18.Lib_C.SVN486.170818.lib(led_seg.o)
    0x0802b1c8   0x00000024   Code   RO         4449    i.LEDSEG_DataOutput  P18.Lib_C.SVN486.170818.lib(ledseg_driver.o)
    0x0802b1ec   0x00000098   Code   RO         1577    i.LEDSEG_Display    P18.Lib_C.SVN486.170818.lib(led_seg.o)
    0x0802b284   0x0000002e   Code   RO         1580    i.LEDSEG_I2CStart   P18.Lib_C.SVN486.170818.lib(led_seg.o)
    0x0802b2b2   0x00000028   Code   RO         1581    i.LEDSEG_I2CStop    P18.Lib_C.SVN486.170818.lib(led_seg.o)
    0x0802b2da   0x0000001e   Code   RO         1582    i.LEDSEG_Init       P18.Lib_C.SVN486.170818.lib(led_seg.o)
    0x0802b2f8   0x0000008c   Code   RO         1583    i.LEDSEG_ModeSelect  P18.Lib_C.SVN486.170818.lib(led_seg.o)
    0x0802b384   0x00000050   Code   RO         4450    i.LEDSEG_PortInit   P18.Lib_C.SVN486.170818.lib(ledseg_driver.o)
    0x0802b3d4   0x00000002   Code   RO         4451    i.LEDSEG_RowSelect  P18.Lib_C.SVN486.170818.lib(ledseg_driver.o)
    0x0802b3d6   0x00000002   PAD
    0x0802b3d8   0x00000010   Code   RO         4452    i.LEDSEG_SdaPinHigh  P18.Lib_C.SVN486.170818.lib(ledseg_driver.o)
    0x0802b3e8   0x00000010   Code   RO         4453    i.LEDSEG_SdaPinLow  P18.Lib_C.SVN486.170818.lib(ledseg_driver.o)
    0x0802b3f8   0x00000014   Code   RO         1586    i.LEDSEG_SdaSet     P18.Lib_C.SVN486.170818.lib(led_seg.o)
    0x0802b40c   0x0000001a   Code   RO         1587    i.LEDSEG_Write      P18.Lib_C.SVN486.170818.lib(led_seg.o)
    0x0802b426   0x0000006c   Code   RO         1588    i.LEDSEG_WriteByte  P18.Lib_C.SVN486.170818.lib(led_seg.o)
    0x0802b492   0x00000002   PAD
    0x0802b494   0x00000218   Code   RO          376    i.LEDSeg_Debug      ledseg_debug.o
    0x0802b6ac   0x000001c0   Code   RO          350    i.LED_Debug         led_debug.o
    0x0802b86c   0x00000354   Code   RO         1702    i.LED_Display       P18.Lib_C.SVN486.170818.lib(led.o)
    0x0802bbc0   0x00000084   Code   RO         1704    i.LED_Init          P18.Lib_C.SVN486.170818.lib(led.o)
    0x0802bc44   0x0000015c   Code   RO         1458    i.LED_Process       P18.Lib_C.SVN486.170818.lib(ctrl0.o)
    0x0802bda0   0x0000033c   Code   RO         1608    i.MXFLASH_CheckSectorLock  P18.Lib_C.SVN486.170818.lib(mxflash.o)
    0x0802c0dc   0x000001c0   Code   RO         1609    i.MXFLASH_Config    P18.Lib_C.SVN486.170818.lib(mxflash.o)
    0x0802c29c   0x0000003c   Code   RO         1612    i.MXFLASH_Erase     P18.Lib_C.SVN486.170818.lib(mxflash.o)
    0x0802c2d8   0x00000044   Code   RO         1615    i.MXFLASH_EraseSector  P18.Lib_C.SVN486.170818.lib(mxflash.o)
    0x0802c31c   0x00000064   Code   RO         1616    i.MXFLASH_FReadNByte  P18.Lib_C.SVN486.170818.lib(mxflash.o)
    0x0802c380   0x0000000c   Code   RO         1617    i.MXFLASH_GetSize   P18.Lib_C.SVN486.170818.lib(mxflash.o)
    0x0802c38c   0x00000012   Code   RO         1618    i.MXFLASH_Init      P18.Lib_C.SVN486.170818.lib(mxflash.o)
    0x0802c39e   0x00000002   PAD
    0x0802c3a0   0x0000017c   Code   RO         1619    i.MXFLASH_PortInit  P18.Lib_C.SVN486.170818.lib(mxflash.o)
    0x0802c51c   0x0000005c   Code   RO         1620    i.MXFLASH_ProgramPage  P18.Lib_C.SVN486.170818.lib(mxflash.o)
    0x0802c578   0x00000030   Code   RO         1621    i.MXFLASH_Read      P18.Lib_C.SVN486.170818.lib(mxflash.o)
    0x0802c5a8   0x00000044   Code   RO         1622    i.MXFLASH_ReadID    P18.Lib_C.SVN486.170818.lib(mxflash.o)
    0x0802c5ec   0x00000034   Code   RO         1625    i.MXFLASH_ReadStatus  P18.Lib_C.SVN486.170818.lib(mxflash.o)
    0x0802c620   0x000000a8   Code   RO         1628    i.MXFLASH_SPISendReceiveByte  P18.Lib_C.SVN486.170818.lib(mxflash.o)
    0x0802c6c8   0x000000ac   Code   RO         1629    i.MXFLASH_Select    P18.Lib_C.SVN486.170818.lib(mxflash.o)
    0x0802c774   0x00000024   Code   RO         1630    i.MXFLASH_WaitReady  P18.Lib_C.SVN486.170818.lib(mxflash.o)
    0x0802c798   0x00000248   Code   RO         1631    i.MXFLASH_Write     P18.Lib_C.SVN486.170818.lib(mxflash.o)
    0x0802c9e0   0x0000002c   Code   RO         1633    i.MXFLASH_WriteEnable  P18.Lib_C.SVN486.170818.lib(mxflash.o)
    0x0802ca0c   0x00000040   Code   RO         4500    i.Mafire_u8AuthenParse  P18.Lib_C.SVN486.170818.lib(pcsc.o)
    0x0802ca4c   0x00000074   Code   RO         5398    i.Mafire_u8Authentication  P18.Lib_C.SVN486.170818.lib(mifare.o)
    0x0802cac0   0x0000007c   Code   RO         4501    i.Mafire_u8GeneralAuthenticateCommand  P18.Lib_C.SVN486.170818.lib(pcsc.o)
    0x0802cb3c   0x0000001e   Code   RO         4502    i.Mafire_u8GetAuthenBlock  P18.Lib_C.SVN486.170818.lib(pcsc.o)
    0x0802cb5a   0x00000002   PAD
    0x0802cb5c   0x000000e4   Code   RO         4503    i.Mafire_u8GetDataCommand  P18.Lib_C.SVN486.170818.lib(pcsc.o)
    0x0802cc40   0x00000042   Code   RO         5399    i.Mafire_u8InitValueBlock  P18.Lib_C.SVN486.170818.lib(mifare.o)
    0x0802cc82   0x00000002   PAD
    0x0802cc84   0x00000078   Code   RO         4504    i.Mafire_u8LoadKeysCommand  P18.Lib_C.SVN486.170818.lib(pcsc.o)
    0x0802ccfc   0x00000056   Code   RO         5400    i.Mafire_u8Read     P18.Lib_C.SVN486.170818.lib(mifare.o)
    0x0802cd52   0x00000002   PAD
    0x0802cd54   0x000000d4   Code   RO         4505    i.Mafire_u8ReadBinaryCommand  P18.Lib_C.SVN486.170818.lib(pcsc.o)
    0x0802ce28   0x00000070   Code   RO         4506    i.Mafire_u8ReadValueCommand  P18.Lib_C.SVN486.170818.lib(pcsc.o)
    0x0802ce98   0x0000008c   Code   RO         4507    i.Mafire_u8UpdateBinaryCommand  P18.Lib_C.SVN486.170818.lib(pcsc.o)
    0x0802cf24   0x000000bc   Code   RO         4508    i.Mafire_u8UpdateValueCommand  P18.Lib_C.SVN486.170818.lib(pcsc.o)
    0x0802cfe0   0x000000ee   Code   RO         4509    i.Mafire_u8ValueIncDecCommand  P18.Lib_C.SVN486.170818.lib(pcsc.o)
    0x0802d0ce   0x000000ca   Code   RO         5401    i.Mafire_u8ValueOperation  P18.Lib_C.SVN486.170818.lib(mifare.o)
    0x0802d198   0x000000e2   Code   RO         5402    i.Mafire_u8Write    P18.Lib_C.SVN486.170818.lib(mifare.o)
    0x0802d27a   0x00000002   PAD
    0x0802d27c   0x0000000c   Code   RO         4511    i.Mafire_vResetAuthenParam  P18.Lib_C.SVN486.170818.lib(pcsc.o)
    0x0802d288   0x00000048   Code   RO         1459    i.MemManage_Handler  P18.Lib_C.SVN486.170818.lib(ctrl0.o)
    0x0802d2d0   0x00000a20   Code   RO          653    i.Mifare1_Debug     catactlesscard_debug.o
    0x0802dcf0   0x00000264   Code   RO          269    i.MxFlash_Debug     flash_debug.o
    0x0802df54   0x00000044   Code   RO         1460    i.NMI_Handler       P18.Lib_C.SVN486.170818.lib(ctrl0.o)
    0x0802df98   0x0000004c   Code   RO         4538    i.NTAG_u8GetVersion  P18.Lib_C.SVN486.170818.lib(ntag21x.o)
    0x0802dfe4   0x0000001e   Code   RO         4539    i.NTAG_u8IsNtag     P18.Lib_C.SVN486.170818.lib(ntag21x.o)
    0x0802e002   0x00000016   Code   RO         1363    i.NVIC_EnableIRQ    P18.Lib_C.SVN486.170818.lib(miscfunc.o)
    0x0802e018   0x00000078   Code   RO         3357    i.NVIC_Init         P18.Lib_C.SVN486.170818.lib(misc.o)
    0x0802e090   0x00000014   Code   RO         3358    i.NVIC_PriorityGroupConfig  P18.Lib_C.SVN486.170818.lib(misc.o)
    0x0802e0a4   0x00000028   Code   RO         3232    i.NVIC_SetPriority  P18.Lib_C.SVN486.170818.lib(systick.o)
    0x0802e0cc   0x00000014   Code   RO         3359    i.NVIC_SetVectorTable  P18.Lib_C.SVN486.170818.lib(misc.o)
    0x0802e0e0   0x00000014   Code   RO         1462    i.OTG_FS_IRQHandler  P18.Lib_C.SVN486.170818.lib(ctrl0.o)
    0x0802e0f4   0x00000030   Code   RO         4512    i.PCSC_u8GeneralCommand  P18.Lib_C.SVN486.170818.lib(pcsc.o)
    0x0802e124   0x00000110   Code   RO         4513    i.PCSC_u8MafireCmd  P18.Lib_C.SVN486.170818.lib(pcsc.o)
    0x0802e234   0x00000042   Code   RO         4514    i.PCSC_u8TagAnalyse  P18.Lib_C.SVN486.170818.lib(pcsc.o)
    0x0802e276   0x00000002   PAD
    0x0802e278   0x00000084   Code   RO         4515    i.PCSC_u8ValueIncDecCommand  P18.Lib_C.SVN486.170818.lib(pcsc.o)
    0x0802e2fc   0x00000068   Code   RO         4463    i.PICC_RC523InterfaceInit  P18.Lib_C.SVN486.170818.lib(rc523.o)
    0x0802e364   0x00000028   Code   RO         1900    i.PICC_u16GetRevBits  P18.Lib_C.SVN486.170818.lib(iso14443.o)
    0x0802e38c   0x0000005c   Code   RO         1902    i.PICC_u8AbsentPolling  P18.Lib_C.SVN486.170818.lib(iso14443.o)
    0x0802e3e8   0x000000a4   Code   RO         1903    i.PICC_u8ActiveTransferErrCheckWait  P18.Lib_C.SVN486.170818.lib(iso14443.o)
    0x0802e48c   0x000001e0   Code   RO         1904    i.PICC_u8ChinaIDTranscive  P18.Lib_C.SVN486.170818.lib(iso14443.o)
    0x0802e66c   0x00000006   Code   RO         4464    i.PICC_u8GetFIFOLevel  P18.Lib_C.SVN486.170818.lib(rc523.o)
    0x0802e672   0x00000002   PAD
    0x0802e674   0x0000000c   Code   RO         1910    i.PICC_u8GetPiccSAK  P18.Lib_C.SVN486.170818.lib(iso14443.o)
    0x0802e680   0x0000002c   Code   RO         1912    i.PICC_u8GetPiccType  P18.Lib_C.SVN486.170818.lib(iso14443.o)
    0x0802e6ac   0x00000050   Code   RO         1913    i.PICC_u8GetPiccUid  P18.Lib_C.SVN486.170818.lib(iso14443.o)
    0x0802e6fc   0x00000020   Code   RO         4558    i.PICC_u8GetTypeCNFCID  P18.Lib_C.SVN486.170818.lib(felica.o)
    0x0802e71c   0x000000ac   Code   RO         1914    i.PICC_u8MifareSelect  P18.Lib_C.SVN486.170818.lib(iso14443.o)
    0x0802e7c8   0x00000058   Code   RO         1915    i.PICC_u8ParseRate  P18.Lib_C.SVN486.170818.lib(iso14443.o)
    0x0802e820   0x00000164   Code   RO         1916    i.PICC_u8PcdAPUDTcl  P18.Lib_C.SVN486.170818.lib(iso14443.o)
    0x0802e984   0x00000014   Code   RO         1917    i.PICC_u8PcdBlockNumCheck  P18.Lib_C.SVN486.170818.lib(iso14443.o)
    0x0802e998   0x00000034   Code   RO         1918    i.PICC_u8PcdChinaIDAPUDTcl  P18.Lib_C.SVN486.170818.lib(iso14443.o)
    0x0802e9cc   0x000000f8   Code   RO         1919    i.PICC_u8PcdCmd     P18.Lib_C.SVN486.170818.lib(iso14443.o)
    0x0802eac4   0x00000020   Code   RO         1923    i.PICC_u8PcdInit    P18.Lib_C.SVN486.170818.lib(iso14443.o)
    0x0802eae4   0x00000068   Code   RO         1924    i.PICC_u8PcdRBlockTransceive  P18.Lib_C.SVN486.170818.lib(iso14443.o)
    0x0802eb4c   0x00000036   Code   RO         1925    i.PICC_u8PcdSBlockParamParse  P18.Lib_C.SVN486.170818.lib(iso14443.o)
    0x0802eb82   0x00000002   PAD
    0x0802eb84   0x00000068   Code   RO         1926    i.PICC_u8PcdSBlockTransceive  P18.Lib_C.SVN486.170818.lib(iso14443.o)
    0x0802ebec   0x00000110   Code   RO         1927    i.PICC_u8PcdTclErrCheckParse  P18.Lib_C.SVN486.170818.lib(iso14443.o)
    0x0802ecfc   0x00000258   Code   RO         1928    i.PICC_u8PcdTclTransceive  P18.Lib_C.SVN486.170818.lib(iso14443.o)
    0x0802ef54   0x00000070   Code   RO         1929    i.PICC_u8Pcd_I_BlockTransceive  P18.Lib_C.SVN486.170818.lib(iso14443.o)
    0x0802efc4   0x00000024   Code   RO         1930    i.PICC_u8PiccAbsentPolling  P18.Lib_C.SVN486.170818.lib(iso14443.o)
    0x0802efe8   0x000000bc   Code   RO         1932    i.PICC_u8PolligTypeB  P18.Lib_C.SVN486.170818.lib(iso14443.o)
    0x0802f0a4   0x00000018   Code   RO         4559    i.PICC_u8PolligTypeC  P18.Lib_C.SVN486.170818.lib(felica.o)
    0x0802f0bc   0x0000008c   Code   RO         1933    i.PICC_u8PollingTypeA  P18.Lib_C.SVN486.170818.lib(iso14443.o)
    0x0802f148   0x00000124   Code   RO         1934    i.PICC_u8PowerON    P18.Lib_C.SVN486.170818.lib(iso14443.o)
    0x0802f26c   0x00000024   Code   RO         4465    i.PICC_u8RC523ReadReg  P18.Lib_C.SVN486.170818.lib(rc523.o)
    0x0802f290   0x0000011c   Code   RO         4560    i.PICC_u8REQC       P18.Lib_C.SVN486.170818.lib(felica.o)
    0x0802f3ac   0x00000006   Code   RO         4467    i.PICC_u8ReadFIFO   P18.Lib_C.SVN486.170818.lib(rc523.o)
    0x0802f3b2   0x00000002   PAD
    0x0802f3b4   0x000000e4   Code   RO         1937    i.PICC_u8TypeAAnticoll  P18.Lib_C.SVN486.170818.lib(iso14443.o)
    0x0802f498   0x000001a4   Code   RO         1938    i.PICC_u8TypeAAnticollReq  P18.Lib_C.SVN486.170818.lib(iso14443.o)
    0x0802f63c   0x000000a0   Code   RO         1940    i.PICC_u8TypeAPPSReq  P18.Lib_C.SVN486.170818.lib(iso14443.o)
    0x0802f6dc   0x00000164   Code   RO         1941    i.PICC_u8TypeARatsReq  P18.Lib_C.SVN486.170818.lib(iso14443.o)
    0x0802f840   0x0000011c   Code   RO         1942    i.PICC_u8TypeARequest  P18.Lib_C.SVN486.170818.lib(iso14443.o)
    0x0802f95c   0x000000d4   Code   RO         1943    i.PICC_u8TypeASeleclt  P18.Lib_C.SVN486.170818.lib(iso14443.o)
    0x0802fa30   0x00000054   Code   RO         1944    i.PICC_u8TypeBATQBParamParse  P18.Lib_C.SVN486.170818.lib(iso14443.o)
    0x0802fa84   0x0000013c   Code   RO         1945    i.PICC_u8TypeBAttrib  P18.Lib_C.SVN486.170818.lib(iso14443.o)
    0x0802fbc0   0x00000110   Code   RO         1947    i.PICC_u8TypeBRequest  P18.Lib_C.SVN486.170818.lib(iso14443.o)
    0x0802fcd0   0x00000090   Code   RO         1948    i.PICC_u8TypeBSlotMarker  P18.Lib_C.SVN486.170818.lib(iso14443.o)
    0x0802fd60   0x00000040   Code   RO         4562    i.PICC_u8TypeCExchange  P18.Lib_C.SVN486.170818.lib(felica.o)
    0x0802fda0   0x00000046   Code   RO         1949    i.PICC_vCRCCtrl     P18.Lib_C.SVN486.170818.lib(iso14443.o)
    0x0802fde6   0x00000002   PAD
    0x0802fde8   0x00000024   Code   RO         1950    i.PICC_vFieldOff    P18.Lib_C.SVN486.170818.lib(iso14443.o)
    0x0802fe0c   0x00000032   Code   RO         1951    i.PICC_vFieldReset  P18.Lib_C.SVN486.170818.lib(iso14443.o)
    0x0802fe3e   0x00000002   PAD
    0x0802fe40   0x00000014   Code   RO         1953    i.PICC_vPcdBlockNumInvert  P18.Lib_C.SVN486.170818.lib(iso14443.o)
    0x0802fe54   0x00000018   Code   RO         4469    i.PICC_vPcdDelayMs  P18.Lib_C.SVN486.170818.lib(rc523.o)
    0x0802fe6c   0x0000007c   Code   RO         4470    i.PICC_vPcdDelayN100us  P18.Lib_C.SVN486.170818.lib(rc523.o)
    0x0802fee8   0x00000014   Code   RO         4471    i.PICC_vPcdDelayUs  P18.Lib_C.SVN486.170818.lib(rc523.o)
    0x0802fefc   0x0000002c   Code   RO         1954    i.PICC_vPcdParamInit  P18.Lib_C.SVN486.170818.lib(iso14443.o)
    0x0802ff28   0x00000082   Code   RO         1955    i.PICC_vPcdSFGTTimeDelay  P18.Lib_C.SVN486.170818.lib(iso14443.o)
    0x0802ffaa   0x00000002   PAD
    0x0802ffac   0x0000010c   Code   RO         1958    i.PICC_vPcdSetFWT   P18.Lib_C.SVN486.170818.lib(iso14443.o)
    0x080300b8   0x00000038   Code   RO         1960    i.PICC_vPcdSetTimeout  P18.Lib_C.SVN486.170818.lib(iso14443.o)
    0x080300f0   0x00000022   Code   RO         4472    i.PICC_vRC523WriteReg  P18.Lib_C.SVN486.170818.lib(rc523.o)
    0x08030112   0x00000002   PAD
    0x08030114   0x00000054   Code   RO         1965    i.PICC_vResetPiccParam  P18.Lib_C.SVN486.170818.lib(iso14443.o)
    0x08030168   0x00000008   Code   RO         4474    i.PICC_vWriteFIFO   P18.Lib_C.SVN486.170818.lib(rc523.o)
    0x08030170   0x0000001e   Code   RO         4128    i.POWER_GetChargingState  P18.Lib_C.SVN486.170818.lib(power.o)
    0x0803018e   0x00000002   PAD
    0x08030190   0x00000038   Code   RO         4129    i.POWER_GetIntStatus  P18.Lib_C.SVN486.170818.lib(power.o)
    0x080301c8   0x0000003c   Code   RO         4134    i.POWER_I2CNoAck    P18.Lib_C.SVN486.170818.lib(power.o)
    0x08030204   0x00000140   Code   RO         4135    i.POWER_I2CReadOneByte  P18.Lib_C.SVN486.170818.lib(power.o)
    0x08030344   0x00000034   Code   RO         4136    i.POWER_I2CReadPage  P18.Lib_C.SVN486.170818.lib(power.o)
    0x08030378   0x00000048   Code   RO         4137    i.POWER_I2CReceiveByte  P18.Lib_C.SVN486.170818.lib(power.o)
    0x080303c0   0x00000058   Code   RO         4138    i.POWER_I2CSendByte  P18.Lib_C.SVN486.170818.lib(power.o)
    0x08030418   0x00000060   Code   RO         4139    i.POWER_I2CStart    P18.Lib_C.SVN486.170818.lib(power.o)
    0x08030478   0x0000003c   Code   RO         4140    i.POWER_I2CStop     P18.Lib_C.SVN486.170818.lib(power.o)
    0x080304b4   0x00000044   Code   RO         4141    i.POWER_I2CWaitAck  P18.Lib_C.SVN486.170818.lib(power.o)
    0x080304f8   0x0000000c   Code   RO         3573    i.PWR_BackupAccessCmd  P18.Lib_C.SVN486.170818.lib(stm32f4xx_pwr.o)
    0x08030504   0x00000044   Code   RO         1463    i.PendSV_Handler    P18.Lib_C.SVN486.170818.lib(ctrl0.o)
    0x08030548   0x00000168   Code   RO          679    i.QR_Debug          qr_debug.o
    0x080306b0   0x00000014   Code   RO         1717    i.QR_Init           P18.Lib_C.SVN486.170818.lib(qr_collection.o)
    0x080306c4   0x00000108   Code   RO          680    i.QR_Scanning       qr_debug.o
    0x080307cc   0x000000c0   Code   RO         1720    i.QR_collection     P18.Lib_C.SVN486.170818.lib(qr_collection.o)
    0x0803088c   0x00000030   Code   RO         4475    i.RC523_u8ConfigTypeA  P18.Lib_C.SVN486.170818.lib(rc523.o)
    0x080308bc   0x00000044   Code   RO         4476    i.RC523_u8ConfigTypeABitRate  P18.Lib_C.SVN486.170818.lib(rc523.o)
    0x08030900   0x00000028   Code   RO         4477    i.RC523_u8ConfigTypeB  P18.Lib_C.SVN486.170818.lib(rc523.o)
    0x08030928   0x00000044   Code   RO         4478    i.RC523_u8ConfigTypeBBitRate  P18.Lib_C.SVN486.170818.lib(rc523.o)
    0x0803096c   0x00000020   Code   RO         3599    i.RCC_AHB1PeriphClockCmd  P18.Lib_C.SVN486.170818.lib(stm32f4xx_rcc.o)
    0x0803098c   0x00000020   Code   RO         3605    i.RCC_AHB3PeriphClockCmd  P18.Lib_C.SVN486.170818.lib(stm32f4xx_rcc.o)
    0x080309ac   0x00000020   Code   RO         3608    i.RCC_APB1PeriphClockCmd  P18.Lib_C.SVN486.170818.lib(stm32f4xx_rcc.o)
    0x080309cc   0x00000020   Code   RO         3610    i.RCC_APB1PeriphResetCmd  P18.Lib_C.SVN486.170818.lib(stm32f4xx_rcc.o)
    0x080309ec   0x00000020   Code   RO         3611    i.RCC_APB2PeriphClockCmd  P18.Lib_C.SVN486.170818.lib(stm32f4xx_rcc.o)
    0x08030a0c   0x00000020   Code   RO         3613    i.RCC_APB2PeriphResetCmd  P18.Lib_C.SVN486.170818.lib(stm32f4xx_rcc.o)
    0x08030a2c   0x000000e8   Code   RO         3620    i.RCC_GetClocksFreq  P18.Lib_C.SVN486.170818.lib(stm32f4xx_rcc.o)
    0x08030b14   0x00000040   Code   RO         3621    i.RCC_GetFlagStatus  P18.Lib_C.SVN486.170818.lib(stm32f4xx_rcc.o)
    0x08030b54   0x00000044   Code   RO         1464    i.RCC_IRQHandler    P18.Lib_C.SVN486.170818.lib(ctrl0.o)
    0x08030b98   0x0000002c   Code   RO         3629    i.RCC_LSEConfig     P18.Lib_C.SVN486.170818.lib(stm32f4xx_rcc.o)
    0x08030bc4   0x00000018   Code   RO         3633    i.RCC_PCLK1Config   P18.Lib_C.SVN486.170818.lib(stm32f4xx_rcc.o)
    0x08030bdc   0x0000000c   Code   RO         3639    i.RCC_RTCCLKCmd     P18.Lib_C.SVN486.170818.lib(stm32f4xx_rcc.o)
    0x08030be8   0x0000003c   Code   RO         3640    i.RCC_RTCCLKConfig  P18.Lib_C.SVN486.170818.lib(stm32f4xx_rcc.o)
    0x08030c24   0x0000026c   Code   RO         1382    i.RTC_AlarmClock    P18.Lib_C.SVN486.170818.lib(rtc.o)
    0x08030e90   0x00000074   Code   RO         3690    i.RTC_AlarmCmd      P18.Lib_C.SVN486.170818.lib(stm32f4xx_rtc.o)
    0x08030f04   0x00000034   Code   RO         1465    i.RTC_Alarm_IRQHandler  P18.Lib_C.SVN486.170818.lib(ctrl0.o)
    0x08030f38   0x00000016   Code   RO         3693    i.RTC_Bcd2ToByte    P18.Lib_C.SVN486.170818.lib(stm32f4xx_rtc.o)
    0x08030f4e   0x0000001c   Code   RO         3695    i.RTC_ByteToBcd2    P18.Lib_C.SVN486.170818.lib(stm32f4xx_rtc.o)
    0x08030f6a   0x00000002   PAD
    0x08030f6c   0x0000001c   Code   RO         3698    i.RTC_ClearFlag     P18.Lib_C.SVN486.170818.lib(stm32f4xx_rtc.o)
    0x08030f88   0x00000020   Code   RO         3699    i.RTC_ClearITPendingBit  P18.Lib_C.SVN486.170818.lib(stm32f4xx_rtc.o)
    0x08030fa8   0x00000150   Code   RO          389    i.RTC_DateModify    rtc_debug.o
    0x080310f8   0x00000180   Code   RO          390    i.RTC_Debug         rtc_debug.o
    0x08031278   0x00000230   Code   RO          391    i.RTC_Display       rtc_debug.o
    0x080314a8   0x00000050   Code   RO         3705    i.RTC_EnterInitMode  P18.Lib_C.SVN486.170818.lib(stm32f4xx_rtc.o)
    0x080314f8   0x00000014   Code   RO         3706    i.RTC_ExitInitMode  P18.Lib_C.SVN486.170818.lib(stm32f4xx_rtc.o)
    0x0803150c   0x00000220   Code   RO         1385    i.RTC_GetCounter    P18.Lib_C.SVN486.170818.lib(rtc.o)
    0x0803172c   0x0000004c   Code   RO         3709    i.RTC_GetDate       P18.Lib_C.SVN486.170818.lib(stm32f4xx_rtc.o)
    0x08031778   0x00000028   Code   RO         3710    i.RTC_GetFlagStatus  P18.Lib_C.SVN486.170818.lib(stm32f4xx_rtc.o)
    0x080317a0   0x0000003c   Code   RO         1387    i.RTC_GetSysDateTime  P18.Lib_C.SVN486.170818.lib(rtc.o)
    0x080317dc   0x00000050   Code   RO         3714    i.RTC_GetTime       P18.Lib_C.SVN486.170818.lib(stm32f4xx_rtc.o)
    0x0803182c   0x00000064   Code   RO         3718    i.RTC_ITConfig      P18.Lib_C.SVN486.170818.lib(stm32f4xx_rtc.o)
    0x08031890   0x00000064   Code   RO         3719    i.RTC_Init          P18.Lib_C.SVN486.170818.lib(stm32f4xx_rtc.o)
    0x080318f4   0x00000020   Code   RO         3722    i.RTC_ReadBackupRegister  P18.Lib_C.SVN486.170818.lib(stm32f4xx_rtc.o)
    0x08031914   0x000000ec   Code   RO         3724    i.RTC_SetAlarm      P18.Lib_C.SVN486.170818.lib(stm32f4xx_rtc.o)
    0x08031a00   0x000000b8   Code   RO         3725    i.RTC_SetDate       P18.Lib_C.SVN486.170818.lib(stm32f4xx_rtc.o)
    0x08031ab8   0x00000170   Code   RO         1389    i.RTC_SetSysDateTime  P18.Lib_C.SVN486.170818.lib(rtc.o)
    0x08031c28   0x000000c0   Code   RO         3726    i.RTC_SetTime       P18.Lib_C.SVN486.170818.lib(stm32f4xx_rtc.o)
    0x08031ce8   0x0000001c   Code   RO         3727    i.RTC_SetWakeUpCounter  P18.Lib_C.SVN486.170818.lib(stm32f4xx_rtc.o)
    0x08031d04   0x00000024   Code   RO         1390    i.RTC_Set_Date      P18.Lib_C.SVN486.170818.lib(rtc.o)
    0x08031d28   0x00000024   Code   RO         1391    i.RTC_Set_Time      P18.Lib_C.SVN486.170818.lib(rtc.o)
    0x08031d4c   0x00000072   Code   RO         1392    i.RTC_Set_WakeUp    P18.Lib_C.SVN486.170818.lib(rtc.o)
    0x08031dbe   0x0000002e   Code   RO         1393    i.RTC_SoftDateTimeInit  P18.Lib_C.SVN486.170818.lib(rtc.o)
    0x08031dec   0x00000144   Code   RO          392    i.RTC_TimeModify    rtc_debug.o
    0x08031f30   0x00000060   Code   RO         1394    i.RTC_USER_GetTime  P18.Lib_C.SVN486.170818.lib(rtc.o)
    0x08031f90   0x000000a8   Code   RO         1395    i.RTC_USER_Init     P18.Lib_C.SVN486.170818.lib(rtc.o)
    0x08032038   0x00000048   Code   RO         1467    i.RTC_WKUP_IRQHandler  P18.Lib_C.SVN486.170818.lib(ctrl0.o)
    0x08032080   0x00000060   Code   RO         3742    i.RTC_WaitForSynchro  P18.Lib_C.SVN486.170818.lib(stm32f4xx_rtc.o)
    0x080320e0   0x00000030   Code   RO         3743    i.RTC_WakeUpClockConfig  P18.Lib_C.SVN486.170818.lib(stm32f4xx_rtc.o)
    0x08032110   0x00000078   Code   RO         3744    i.RTC_WakeUpCmd     P18.Lib_C.SVN486.170818.lib(stm32f4xx_rtc.o)
    0x08032188   0x0000001c   Code   RO         3745    i.RTC_WriteBackupRegister  P18.Lib_C.SVN486.170818.lib(stm32f4xx_rtc.o)
    0x080321a4   0x00000620   Code   RO          243    i.SAM_Menu          contact_debug.o
    0x080327c4   0x00000018   Code   RO         3812    i.SPI_Cmd           P18.Lib_C.SVN486.170818.lib(stm32f4xx_spi.o)
    0x080327dc   0x00000012   Code   RO         3820    i.SPI_I2S_GetFlagStatus  P18.Lib_C.SVN486.170818.lib(stm32f4xx_spi.o)
    0x080327ee   0x00000006   Code   RO         3823    i.SPI_I2S_ReceiveData  P18.Lib_C.SVN486.170818.lib(stm32f4xx_spi.o)
    0x080327f4   0x00000004   Code   RO         3824    i.SPI_I2S_SendData  P18.Lib_C.SVN486.170818.lib(stm32f4xx_spi.o)
    0x080327f8   0x0000003c   Code   RO         3825    i.SPI_Init          P18.Lib_C.SVN486.170818.lib(stm32f4xx_spi.o)
    0x08032834   0x00000044   Code   RO         1468    i.SVC_Handler       P18.Lib_C.SVN486.170818.lib(ctrl0.o)
    0x08032878   0x00000040   Code   RO         3861    i.SYSCFG_EXTILineConfig  P18.Lib_C.SVN486.170818.lib(stm32f4xx_syscfg.o)
    0x080328b8   0x000000a0   Code   RO         1291    i.SYSTEM_GetFlashSector  P18.Lib_C.SVN486.170818.lib(system.o)
    0x08032958   0x0000000c   Code   RO         1293    i.SYSTEM_I2CDelay   P18.Lib_C.SVN486.170818.lib(system.o)
    0x08032964   0x00000040   Code   RO         1294    i.SYSTEM_I2CNoAck   P18.Lib_C.SVN486.170818.lib(system.o)
    0x080329a4   0x00000048   Code   RO         1295    i.SYSTEM_I2CPortInit  P18.Lib_C.SVN486.170818.lib(system.o)
    0x080329ec   0x00000008   Code   RO         1296    i.SYSTEM_I2CPortInitExt  P18.Lib_C.SVN486.170818.lib(system.o)
    0x080329f4   0x0000001c   Code   RO         1297    i.SYSTEM_I2CRead24C  P18.Lib_C.SVN486.170818.lib(system.o)
    0x08032a10   0x0000002e   Code   RO         1298    i.SYSTEM_I2CRead24CExt  P18.Lib_C.SVN486.170818.lib(system.o)
    0x08032a3e   0x00000140   Code   RO         1299    i.SYSTEM_I2CReadOneByte  P18.Lib_C.SVN486.170818.lib(system.o)
    0x08032b7e   0x00000002   PAD
    0x08032b80   0x00000048   Code   RO         1301    i.SYSTEM_I2CReceiveByte  P18.Lib_C.SVN486.170818.lib(system.o)
    0x08032bc8   0x0000005c   Code   RO         1302    i.SYSTEM_I2CSendByte  P18.Lib_C.SVN486.170818.lib(system.o)
    0x08032c24   0x00000060   Code   RO         1303    i.SYSTEM_I2CStart   P18.Lib_C.SVN486.170818.lib(system.o)
    0x08032c84   0x00000040   Code   RO         1304    i.SYSTEM_I2CStop    P18.Lib_C.SVN486.170818.lib(system.o)
    0x08032cc4   0x00000044   Code   RO         1305    i.SYSTEM_I2CWaitAck  P18.Lib_C.SVN486.170818.lib(system.o)
    0x08032d08   0x00000014   Code   RO         1306    i.SYSTEM_I2CWrite24C  P18.Lib_C.SVN486.170818.lib(system.o)
    0x08032d1c   0x00000044   Code   RO         1307    i.SYSTEM_I2CWrite24CExt  P18.Lib_C.SVN486.170818.lib(system.o)
    0x08032d60   0x0000010c   Code   RO         1308    i.SYSTEM_I2CWriteOneByte  P18.Lib_C.SVN486.170818.lib(system.o)
    0x08032e6c   0x000000c4   Code   RO         1310    i.SYSTEM_SPIInit    P18.Lib_C.SVN486.170818.lib(system.o)
    0x08032f30   0x00000038   Code   RO         1311    i.SYSTEM_SPISendReceiveByte  P18.Lib_C.SVN486.170818.lib(system.o)
    0x08032f68   0x00000028   Code   RO         1312    i.SYSTEM_SectorRead  P18.Lib_C.SVN486.170818.lib(system.o)
    0x08032f90   0x000000b8   Code   RO         1313    i.SYSTEM_SectorWrite  P18.Lib_C.SVN486.170818.lib(system.o)
    0x08033048   0x00000034   Code   RO         1314    i.SYSTEM_UserRead   P18.Lib_C.SVN486.170818.lib(system.o)
    0x0803307c   0x0000005c   Code   RO         1315    i.SYSTEM_UserWrite  P18.Lib_C.SVN486.170818.lib(system.o)
    0x080330d8   0x00000008   Code   RO         1316    i.SYSTEM_WatchDogClear  P18.Lib_C.SVN486.170818.lib(system.o)
    0x080330e0   0x000000a6   Code   RO         1317    i.SYSTEM_WatchDogInit  P18.Lib_C.SVN486.170818.lib(system.o)
    0x08033186   0x00000002   PAD
    0x08033188   0x000000a8   Code   RO         3234    i.SYSTICK_Init      P18.Lib_C.SVN486.170818.lib(systick.o)
    0x08033230   0x00000018   Code   RO         1016    i.SYS_Beep          P18.Lib_C.SVN486.170818.lib(appif.o)
    0x08033248   0x00000022   Code   RO         1017    i.SYS_BeepCtrl      P18.Lib_C.SVN486.170818.lib(appif.o)
    0x0803326a   0x00000008   Code   RO         1019    i.SYS_CLS           P18.Lib_C.SVN486.170818.lib(appif.o)
    0x08033272   0x00000002   PAD
    0x08033274   0x00000048   Code   RO         1022    i.SYS_CheckKeyBoard  P18.Lib_C.SVN486.170818.lib(appif.o)
    0x080332bc   0x00000002   Code   RO         1026    i.SYS_ClearKeyFIFO  P18.Lib_C.SVN486.170818.lib(appif.o)
    0x080332be   0x00000002   PAD
    0x080332c0   0x00000020   Code   RO         1318    i.SYS_ComSendByte   P18.Lib_C.SVN486.170818.lib(system.o)
    0x080332e0   0x0000001c   Code   RO         1031    i.SYS_DisplayCE     P18.Lib_C.SVN486.170818.lib(appif.o)
    0x080332fc   0x0000001c   Code   RO         1039    i.SYS_EditCPUAndLCDPreState  P18.Lib_C.SVN486.170818.lib(appif.o)
    0x08033318   0x00000030   Code   RO         1053    i.SYS_GetFiledMask  P18.Lib_C.SVN486.170818.lib(appif.o)
    0x08033348   0x00000024   Code   RO         1057    i.SYS_GetKeyBoardPara  P18.Lib_C.SVN486.170818.lib(appif.o)
    0x0803336c   0x00000024   Code   RO         1058    i.SYS_GetLCDPara    P18.Lib_C.SVN486.170818.lib(appif.o)
    0x08033390   0x00000098   Code   RO         1061    i.SYS_GetSYSPWRPara  P18.Lib_C.SVN486.170818.lib(appif.o)
    0x08033428   0x0000000c   Code   RO         1069    i.SYS_GetSysDateTime  P18.Lib_C.SVN486.170818.lib(appif.o)
    0x08033434   0x0000000c   Code   RO         1071    i.SYS_GetTickCount  P18.Lib_C.SVN486.170818.lib(appif.o)
    0x08033440   0x000000ec   Code   RO         1074    i.SYS_Init          P18.Lib_C.SVN486.170818.lib(appif.o)
    0x0803352c   0x000001c4   Code   RO         1076    i.SYS_InitParaTableInfo  P18.Lib_C.SVN486.170818.lib(appif.o)
    0x080336f0   0x00000012   Code   RO         1077    i.SYS_InitSysKeyborad  P18.Lib_C.SVN486.170818.lib(appif.o)
    0x08033702   0x00000002   PAD
    0x08033704   0x00000064   Code   RO         1078    i.SYS_InitTamperReg  P18.Lib_C.SVN486.170818.lib(appif.o)
    0x08033768   0x00000030   Code   RO         1081    i.SYS_KeyBoardRecvByte  P18.Lib_C.SVN486.170818.lib(appif.o)
    0x08033798   0x00000020   Code   RO         1082    i.SYS_KeyBoardSendByte  P18.Lib_C.SVN486.170818.lib(appif.o)
    0x080337b8   0x00000634   Code   RO         1094    i.SYS_OpenPort      P18.Lib_C.SVN486.170818.lib(appif.o)
    0x08033dec   0x00000068   Code   RO         1095    i.SYS_OpenPortExt   P18.Lib_C.SVN486.170818.lib(appif.o)
    0x08033e54   0x00000194   Code   RO         1098    i.SYS_PortReceive   P18.Lib_C.SVN486.170818.lib(appif.o)
    0x08033fe8   0x0000010c   Code   RO         1100    i.SYS_PortSend      P18.Lib_C.SVN486.170818.lib(appif.o)
    0x080340f4   0x00000140   Code   RO         1101    i.SYS_ReadKey       P18.Lib_C.SVN486.170818.lib(appif.o)
    0x08034234   0x0000001c   Code   RO         1102    i.SYS_ReadKeyExt    P18.Lib_C.SVN486.170818.lib(appif.o)
    0x08034250   0x0000002c   Code   RO         1106    i.SYS_Reset         P18.Lib_C.SVN486.170818.lib(appif.o)
    0x0803427c   0x00000036   Code   RO         1114    i.SYS_SetCOMReceiveCallBack  P18.Lib_C.SVN486.170818.lib(appif.o)
    0x080342b2   0x00000002   Code   RO         1118    i.SYS_SetKeyPromptSound  P18.Lib_C.SVN486.170818.lib(appif.o)
    0x080342b4   0x0000000c   Code   RO         1124    i.SYS_SetSysAlarmClock  P18.Lib_C.SVN486.170818.lib(appif.o)
    0x080342c0   0x0000000c   Code   RO         1131    i.SYS_SetTickBack   P18.Lib_C.SVN486.170818.lib(appif.o)
    0x080342cc   0x00000008   Code   RO         1141    i.SYS_USBDisconnection  P18.Lib_C.SVN486.170818.lib(appif.o)
    0x080342d4   0x00000118   Code   RO         1144    i.SYS_WaitKeyEvent  P18.Lib_C.SVN486.170818.lib(appif.o)
    0x080343ec   0x00000060   Code   RO         1145    i.SYS_WakeupCPU     P18.Lib_C.SVN486.170818.lib(appif.o)
    0x0803444c   0x00000038   Code   RO           14    i.SendToPC          main.o
    0x08034484   0x00000efc   Code   RO          762    i.Send_Buff_Init    P18.Lib_C.SVN486.170818.lib(tcp.o)
    0x08035380   0x000000ec   Code   RO         3308    i.SetSysClock       P18.Lib_C.SVN486.170818.lib(system_stm32f4xx.o)
    0x0803546c   0x00000198   Code   RO         4838    i.Show_0816         P18.Lib_C.SVN486.170818.lib(lcd_port.o)
    0x08035604   0x0000019c   Code   RO         4840    i.Show_1616         P18.Lib_C.SVN486.170818.lib(lcd_port.o)
    0x080357a0   0x000005d8   Code   RO          456    i.Sound_Debug       sound_debug.o
    0x08035d78   0x0000003c   Code   RO         1469    i.SysTick_Handler   P18.Lib_C.SVN486.170818.lib(ctrl0.o)
    0x08035db4   0x00000018   Code   RO         1364    i.Sys_Delay_MS      P18.Lib_C.SVN486.170818.lib(miscfunc.o)
    0x08035dcc   0x00000012   Code   RO         1365    i.Sys_Delay_NS      P18.Lib_C.SVN486.170818.lib(miscfunc.o)
    0x08035dde   0x00000018   Code   RO         1367    i.Sys_Delay_US      P18.Lib_C.SVN486.170818.lib(miscfunc.o)
    0x08035df6   0x00000002   PAD
    0x08035df8   0x00000068   Code   RO         3310    i.SystemInit        P18.Lib_C.SVN486.170818.lib(system_stm32f4xx.o)
    0x08035e60   0x0000002e   Code   RO         3270    i.TAMPER_BackupWriteByte  P18.Lib_C.SVN486.170818.lib(tamper.o)
    0x08035e8e   0x0000002c   Code   RO         3271    i.TAMPER_BackupWriteNBytes  P18.Lib_C.SVN486.170818.lib(tamper.o)
    0x08035eba   0x00000002   PAD
    0x08035ebc   0x0000000c   Code   RO          766    i.TCP_Connection_Mode  P18.Lib_C.SVN486.170818.lib(tcp.o)
    0x08035ec8   0x0000000c   Code   RO          767    i.TCP_Connection_Time_MAX  P18.Lib_C.SVN486.170818.lib(tcp.o)
    0x08035ed4   0x00000f6c   Code   RO          768    i.TCP_Connections   P18.Lib_C.SVN486.170818.lib(tcp.o)
    0x08036e40   0x000007f0   Code   RO          770    i.TCP_Data_SR       P18.Lib_C.SVN486.170818.lib(tcp.o)
    0x08037630   0x00000e8c   Code   RO          473    i.TCP_Debug         tcp_debug.o
    0x080384bc   0x00000034   Code   RO         2974    i.TCP_IO_Init       P18.Lib_C.SVN486.170818.lib(tcp_port.o)
    0x080384f0   0x0000005c   Code   RO          771    i.TCP_Init          P18.Lib_C.SVN486.170818.lib(tcp.o)
    0x0803854c   0x00000010   Code   RO          772    i.TCP_Interactive_Mode_Set  P18.Lib_C.SVN486.170818.lib(tcp.o)
    0x0803855c   0x000000bc   Code   RO          773    i.TCP_NetworkPara_Set  P18.Lib_C.SVN486.170818.lib(tcp.o)
    0x08038618   0x00000090   Code   RO          775    i.TCP_Production_Evaluation  P18.Lib_C.SVN486.170818.lib(tcp.o)
    0x080386a8   0x0000000c   Code   RO         2976    i.TCP_PwrON         P18.Lib_C.SVN486.170818.lib(tcp_port.o)
    0x080386b4   0x00000018   Code   RO          779    i.TCP_QueryConnectionSchedule  P18.Lib_C.SVN486.170818.lib(tcp.o)
    0x080386cc   0x0000001c   Code   RO          780    i.TCP_QueryIPAdd    P18.Lib_C.SVN486.170818.lib(tcp.o)
    0x080386e8   0x0000000c   Code   RO          782    i.TCP_QuerySignal   P18.Lib_C.SVN486.170818.lib(tcp.o)
    0x080386f4   0x00000040   Code   RO          784    i.TCP_Reconnection  P18.Lib_C.SVN486.170818.lib(tcp.o)
    0x08038734   0x000003bc   Code   RO          785    i.TCP_RecvData1     P18.Lib_C.SVN486.170818.lib(tcp.o)
    0x08038af0   0x0000005c   Code   RO          786    i.TCP_RecvNETData   P18.Lib_C.SVN486.170818.lib(tcp.o)
    0x08038b4c   0x00000180   Code   RO          790    i.TCP_SendData1     P18.Lib_C.SVN486.170818.lib(tcp.o)
    0x08038ccc   0x00000018   Code   RO          791    i.TCP_SendNETData   P18.Lib_C.SVN486.170818.lib(tcp.o)
    0x08038ce4   0x0000000c   Code   RO          792    i.TCP_SetCallBackFlag  P18.Lib_C.SVN486.170818.lib(tcp.o)
    0x08038cf0   0x0000000c   Code   RO         1475    i.TICK_SetCALLBACKFUNC  P18.Lib_C.SVN486.170818.lib(ctrl0.o)
    0x08038cfc   0x00000030   Code   RO         1476    i.TIM3_IRQHandler   P18.Lib_C.SVN486.170818.lib(ctrl0.o)
    0x08038d2c   0x00000030   Code   RO         1478    i.TIM4_IRQHandler   P18.Lib_C.SVN486.170818.lib(ctrl0.o)
    0x08038d5c   0x00000006   Code   RO         3882    i.TIM_ClearFlag     P18.Lib_C.SVN486.170818.lib(stm32f4xx_tim.o)
    0x08038d62   0x00000006   Code   RO         3883    i.TIM_ClearITPendingBit  P18.Lib_C.SVN486.170818.lib(stm32f4xx_tim.o)
    0x08038d68   0x00000018   Code   RO         3888    i.TIM_Cmd           P18.Lib_C.SVN486.170818.lib(stm32f4xx_tim.o)
    0x08038d80   0x00000190   Code   RO         3893    i.TIM_DeInit        P18.Lib_C.SVN486.170818.lib(stm32f4xx_tim.o)
    0x08038f10   0x00000022   Code   RO         3909    i.TIM_GetITStatus   P18.Lib_C.SVN486.170818.lib(stm32f4xx_tim.o)
    0x08038f32   0x00000012   Code   RO         3913    i.TIM_ITConfig      P18.Lib_C.SVN486.170818.lib(stm32f4xx_tim.o)
    0x08038f44   0x00000004   Code   RO         3954    i.TIM_SetCounter    P18.Lib_C.SVN486.170818.lib(stm32f4xx_tim.o)
    0x08038f48   0x00000084   Code   RO         3960    i.TIM_TimeBaseInit  P18.Lib_C.SVN486.170818.lib(stm32f4xx_tim.o)
    0x08038fcc   0x00000024   Code   RO         2810    i.TTSInit           P18.Lib_C.SVN486.170818.lib(tts.o)
    0x08038ff0   0x000000e4   Code   RO         2811    i.TTSPlay           P18.Lib_C.SVN486.170818.lib(tts.o)
    0x080390d4   0x0000002c   Code   RO         2812    i.TTSPower          P18.Lib_C.SVN486.170818.lib(tts.o)
    0x08039100   0x00000034   Code   RO         2813    i.TTSSet            P18.Lib_C.SVN486.170818.lib(tts.o)
    0x08039134   0x00000060   Code   RO         5025    i.TTS_IO_Init       P18.Lib_C.SVN486.170818.lib(tts_port.o)
    0x08039194   0x0000000c   Code   RO         2814    i.TTS_SetTTSDebug   P18.Lib_C.SVN486.170818.lib(tts.o)
    0x080391a0   0x0000012c   Code   RO          433    i.TransMode_Debug   transmode_debug.o
    0x080392cc   0x00000044   Code   RO         1480    i.UART4_IRQHandler  P18.Lib_C.SVN486.170818.lib(ctrl0.o)
    0x08039310   0x00000038   Code   RO         1481    i.UART5_IRQHandler  P18.Lib_C.SVN486.170818.lib(ctrl0.o)
    0x08039348   0x0000005c   Code   RO         1482    i.USART1_IRQHandler  P18.Lib_C.SVN486.170818.lib(ctrl0.o)
    0x080393a4   0x00000044   Code   RO         1483    i.USART3_IRQHandler  P18.Lib_C.SVN486.170818.lib(ctrl0.o)
    0x080393e8   0x00000068   Code   RO         1672    i.USART4_DMA_ReceiveDatas  P18.Lib_C.SVN486.170818.lib(uart_dma.o)
    0x08039450   0x00000012   Code   RO         4058    i.USART_ClearFlag   P18.Lib_C.SVN486.170818.lib(stm32f4xx_usart.o)
    0x08039462   0x00000020   Code   RO         4060    i.USART_ClockInit   P18.Lib_C.SVN486.170818.lib(stm32f4xx_usart.o)
    0x08039482   0x00000018   Code   RO         4062    i.USART_Cmd         P18.Lib_C.SVN486.170818.lib(stm32f4xx_usart.o)
    0x0803949a   0x00000012   Code   RO         4063    i.USART_DMACmd      P18.Lib_C.SVN486.170818.lib(stm32f4xx_usart.o)
    0x080394ac   0x000000b4   Code   RO         4064    i.USART_DeInit      P18.Lib_C.SVN486.170818.lib(stm32f4xx_usart.o)
    0x08039560   0x0000001a   Code   RO         4065    i.USART_GetFlagStatus  P18.Lib_C.SVN486.170818.lib(stm32f4xx_usart.o)
    0x0803957a   0x00000054   Code   RO         4066    i.USART_GetITStatus  P18.Lib_C.SVN486.170818.lib(stm32f4xx_usart.o)
    0x080395ce   0x0000004a   Code   RO         4068    i.USART_ITConfig    P18.Lib_C.SVN486.170818.lib(stm32f4xx_usart.o)
    0x08039618   0x000000d4   Code   RO         4069    i.USART_Init        P18.Lib_C.SVN486.170818.lib(stm32f4xx_usart.o)
    0x080396ec   0x00000018   Code   RO         4070    i.USART_IrDACmd     P18.Lib_C.SVN486.170818.lib(stm32f4xx_usart.o)
    0x08039704   0x00000012   Code   RO         4071    i.USART_IrDAConfig  P18.Lib_C.SVN486.170818.lib(stm32f4xx_usart.o)
    0x08039716   0x0000000a   Code   RO         4076    i.USART_ReceiveData  P18.Lib_C.SVN486.170818.lib(stm32f4xx_usart.o)
    0x08039720   0x00000008   Code   RO         4079    i.USART_SendData    P18.Lib_C.SVN486.170818.lib(stm32f4xx_usart.o)
    0x08039728   0x00000010   Code   RO         4082    i.USART_SetPrescaler  P18.Lib_C.SVN486.170818.lib(stm32f4xx_usart.o)
    0x08039738   0x00000018   Code   RO         4083    i.USART_SmartCardCmd  P18.Lib_C.SVN486.170818.lib(stm32f4xx_usart.o)
    0x08039750   0x00000016   Code   RO         5226    i.USBD_ClrCfg       P18.Lib_C.SVN486.170818.lib(usbd_core.o)
    0x08039766   0x00000048   Code   RO         5409    i.USBD_ClrFeature   P18.Lib_C.SVN486.170818.lib(usbd_req.o)
    0x080397ae   0x0000001e   Code   RO         5261    i.USBD_CtlContinueRx  P18.Lib_C.SVN486.170818.lib(usbd_ioreq.o)
    0x080397cc   0x0000001e   Code   RO         5262    i.USBD_CtlContinueSendData  P18.Lib_C.SVN486.170818.lib(usbd_ioreq.o)
    0x080397ea   0x0000001e   Code   RO         5410    i.USBD_CtlError     P18.Lib_C.SVN486.170818.lib(usbd_req.o)
    0x08039808   0x00000024   Code   RO         5264    i.USBD_CtlReceiveStatus  P18.Lib_C.SVN486.170818.lib(usbd_ioreq.o)
    0x0803982c   0x0000002e   Code   RO         5265    i.USBD_CtlSendData  P18.Lib_C.SVN486.170818.lib(usbd_ioreq.o)
    0x0803985a   0x00000024   Code   RO         5266    i.USBD_CtlSendStatus  P18.Lib_C.SVN486.170818.lib(usbd_ioreq.o)
    0x0803987e   0x000000d0   Code   RO         5227    i.USBD_DataInStage  P18.Lib_C.SVN486.170818.lib(usbd_core.o)
    0x0803994e   0x00000096   Code   RO         5228    i.USBD_DataOutStage  P18.Lib_C.SVN486.170818.lib(usbd_core.o)
    0x080399e4   0x00000018   Code   RO         5230    i.USBD_DevConnected  P18.Lib_C.SVN486.170818.lib(usbd_core.o)
    0x080399fc   0x00000024   Code   RO         5231    i.USBD_DevDisconnected  P18.Lib_C.SVN486.170818.lib(usbd_core.o)
    0x08039a20   0x00000054   Code   RO         5411    i.USBD_GetConfig    P18.Lib_C.SVN486.170818.lib(usbd_req.o)
    0x08039a74   0x00000122   Code   RO         5412    i.USBD_GetDescriptor  P18.Lib_C.SVN486.170818.lib(usbd_req.o)
    0x08039b96   0x00000002   PAD
    0x08039b98   0x00000050   Code   RO         5414    i.USBD_GetStatus    P18.Lib_C.SVN486.170818.lib(usbd_req.o)
    0x08039be8   0x00000012   Code   RO         5233    i.USBD_IsoINIncomplete  P18.Lib_C.SVN486.170818.lib(usbd_core.o)
    0x08039bfa   0x00000012   Code   RO         5234    i.USBD_IsoOUTIncomplete  P18.Lib_C.SVN486.170818.lib(usbd_core.o)
    0x08039c0c   0x00000100   Code   RO         3339    i.USBD_OTG_ISR_Handler  P18.Lib_C.SVN486.170818.lib(usb_dcd_int.o)
    0x08039d0c   0x00000048   Code   RO         5416    i.USBD_ParseSetupRequest  P18.Lib_C.SVN486.170818.lib(usbd_req.o)
    0x08039d54   0x00000032   Code   RO         5235    i.USBD_Reset        P18.Lib_C.SVN486.170818.lib(usbd_core.o)
    0x08039d86   0x0000001e   Code   RO         5236    i.USBD_Resume       P18.Lib_C.SVN486.170818.lib(usbd_core.o)
    0x08039da4   0x00000014   Code   RO         5237    i.USBD_RunTestMode  P18.Lib_C.SVN486.170818.lib(usbd_core.o)
    0x08039db8   0x0000001a   Code   RO         5238    i.USBD_SOF          P18.Lib_C.SVN486.170818.lib(usbd_core.o)
    0x08039dd2   0x0000005c   Code   RO         5417    i.USBD_SetAddress   P18.Lib_C.SVN486.170818.lib(usbd_req.o)
    0x08039e2e   0x0000001e   Code   RO         5239    i.USBD_SetCfg       P18.Lib_C.SVN486.170818.lib(usbd_core.o)
    0x08039e4c   0x000000d0   Code   RO         5418    i.USBD_SetConfig    P18.Lib_C.SVN486.170818.lib(usbd_req.o)
    0x08039f1c   0x000000a4   Code   RO         5419    i.USBD_SetFeature   P18.Lib_C.SVN486.170818.lib(usbd_req.o)
    0x08039fc0   0x00000054   Code   RO         5240    i.USBD_SetupStage   P18.Lib_C.SVN486.170818.lib(usbd_core.o)
    0x0803a014   0x00000072   Code   RO         5420    i.USBD_StdDevReq    P18.Lib_C.SVN486.170818.lib(usbd_req.o)
    0x0803a086   0x00000002   PAD
    0x0803a088   0x0000015c   Code   RO         5421    i.USBD_StdEPReq     P18.Lib_C.SVN486.170818.lib(usbd_req.o)
    0x0803a1e4   0x0000004c   Code   RO         5422    i.USBD_StdItfReq    P18.Lib_C.SVN486.170818.lib(usbd_req.o)
    0x0803a230   0x00000020   Code   RO         5241    i.USBD_Suspend      P18.Lib_C.SVN486.170818.lib(usbd_core.o)
    0x0803a250   0x00000024   Code   RO         4246    i.USB_Cable_Config  P18.Lib_C.SVN486.170818.lib(usb_bsp.o)
    0x0803a274   0x00000024   Code   RO         4248    i.USB_Disconnect    P18.Lib_C.SVN486.170818.lib(usb_bsp.o)
    0x0803a298   0x00000024   Code   RO         4251    i.USB_OTG_BSP_DisableInterrupt  P18.Lib_C.SVN486.170818.lib(usb_bsp.o)
    0x0803a2bc   0x00000012   Code   RO         4254    i.USB_OTG_BSP_mDelay  P18.Lib_C.SVN486.170818.lib(usb_bsp.o)
    0x0803a2ce   0x00000016   Code   RO         4255    i.USB_OTG_BSP_uDelay  P18.Lib_C.SVN486.170818.lib(usb_bsp.o)
    0x0803a2e4   0x0000006a   Code   RO         5051    i.USB_OTG_EP0Activate  P18.Lib_C.SVN486.170818.lib(usb_core.o)
    0x0803a34e   0x00000156   Code   RO         5052    i.USB_OTG_EP0StartXfer  P18.Lib_C.SVN486.170818.lib(usb_core.o)
    0x0803a4a4   0x00000062   Code   RO         5053    i.USB_OTG_EP0_OutStart  P18.Lib_C.SVN486.170818.lib(usb_core.o)
    0x0803a506   0x00000098   Code   RO         5054    i.USB_OTG_EPActivate  P18.Lib_C.SVN486.170818.lib(usb_core.o)
    0x0803a59e   0x00000050   Code   RO         5055    i.USB_OTG_EPClearStall  P18.Lib_C.SVN486.170818.lib(usb_core.o)
    0x0803a5ee   0x00000064   Code   RO         5057    i.USB_OTG_EPSetStall  P18.Lib_C.SVN486.170818.lib(usb_core.o)
    0x0803a652   0x000001f6   Code   RO         5058    i.USB_OTG_EPStartXfer  P18.Lib_C.SVN486.170818.lib(usb_core.o)
    0x0803a848   0x00000054   Code   RO         5063    i.USB_OTG_FlushTxFifo  P18.Lib_C.SVN486.170818.lib(usb_core.o)
    0x0803a89c   0x00000034   Code   RO         5064    i.USB_OTG_GetDeviceSpeed  P18.Lib_C.SVN486.170818.lib(usb_core.o)
    0x0803a8d0   0x0000000c   Code   RO         5066    i.USB_OTG_GetMode   P18.Lib_C.SVN486.170818.lib(usb_core.o)
    0x0803a8dc   0x00000016   Code   RO         5068    i.USB_OTG_IsDeviceMode  P18.Lib_C.SVN486.170818.lib(usb_core.o)
    0x0803a8f2   0x00000010   Code   RO         5070    i.USB_OTG_ReadCoreItr  P18.Lib_C.SVN486.170818.lib(usb_core.o)
    0x0803a902   0x00000010   Code   RO         5071    i.USB_OTG_ReadDevAllInEPItr  P18.Lib_C.SVN486.170818.lib(usb_core.o)
    0x0803a912   0x00000010   Code   RO         5072    i.USB_OTG_ReadDevAllOutEp_itr  P18.Lib_C.SVN486.170818.lib(usb_core.o)
    0x0803a922   0x00000014   Code   RO         5073    i.USB_OTG_ReadDevOutEP_itr  P18.Lib_C.SVN486.170818.lib(usb_core.o)
    0x0803a936   0x00000028   Code   RO         5075    i.USB_OTG_ReadPacket  P18.Lib_C.SVN486.170818.lib(usb_core.o)
    0x0803a95e   0x00000040   Code   RO         5081    i.USB_OTG_WritePacket  P18.Lib_C.SVN486.170818.lib(usb_core.o)
    0x0803a99e   0x00000002   PAD
    0x0803a9a0   0x00000144   Code   RO         1319    i.Uart1_DumpData    P18.Lib_C.SVN486.170818.lib(system.o)
    0x0803aae4   0x000000f8   Code   RO         1676    i.Uart3_GetData_DMA  P18.Lib_C.SVN486.170818.lib(uart_dma.o)
    0x0803abdc   0x000000dc   Code   RO         1678    i.Uart4_GetCurrData_DMA  P18.Lib_C.SVN486.170818.lib(uart_dma.o)
    0x0803acb8   0x00000164   Code   RO         1679    i.Uart4_GetData_DMA  P18.Lib_C.SVN486.170818.lib(uart_dma.o)
    0x0803ae1c   0x0000015c   Code   RO         1681    i.Uart5_GetData_DMA  P18.Lib_C.SVN486.170818.lib(uart_dma.o)
    0x0803af78   0x0000015c   Code   RO         1682    i.Uart6_GetData_DMA  P18.Lib_C.SVN486.170818.lib(uart_dma.o)
    0x0803b0d4   0x00000090   Code   RO         1683    i.Uart_GetStatus_DMA  P18.Lib_C.SVN486.170818.lib(uart_dma.o)
    0x0803b164   0x00000094   Code   RO         1320    i.Uart_Printf       P18.Lib_C.SVN486.170818.lib(system.o)
    0x0803b1f8   0x0000000c   Code   RO         2221    i.Uart_SetGPSDebug  P18.Lib_C.SVN486.170818.lib(gps.o)
    0x0803b204   0x0000000c   Code   RO         1321    i.Uart_SetSysDebug  P18.Lib_C.SVN486.170818.lib(system.o)
    0x0803b210   0x0000000c   Code   RO          794    i.Uart_SetTCPDebug  P18.Lib_C.SVN486.170818.lib(tcp.o)
    0x0803b21c   0x00000048   Code   RO         1484    i.UsageFault_Handler  P18.Lib_C.SVN486.170818.lib(ctrl0.o)
    0x0803b264   0x00000144   Code   RO          701    i.Version_Debug     version_debug.o
    0x0803b3a8   0x00000174   Code   RO         2069    i._24G_ReadResponse  P18.Lib_C.SVN486.170818.lib(_24g_.o)
    0x0803b51c   0x00000114   Code   RO         2070    i._24G_SendCommand  P18.Lib_C.SVN486.170818.lib(_24g_.o)
    0x0803b630   0x0000000c   Code   RO         2071    i._24G_Set_Debug    P18.Lib_C.SVN486.170818.lib(_24g_.o)
    0x0803b63c   0x00000030   Code   RO         4593    i._24g_IO_Init      P18.Lib_C.SVN486.170818.lib(_24g_port.o)
    0x0803b66c   0x0000000c   Code   RO         2072    i._24g_Init         P18.Lib_C.SVN486.170818.lib(_24g_.o)
    0x0803b678   0x00000284   Code   RO          622    i._2_4G_Debug       2_4g_debug.o
    0x0803b8fc   0x00000020   Code   RO         5705    i.__0printf         mc_w.l(printfa.o)
    0x0803b91c   0x00000028   Code   RO         5707    i.__0sprintf        mc_w.l(printfa.o)
    0x0803b944   0x00000024   Code   RO         5711    i.__0vsprintf       mc_w.l(printfa.o)
    0x0803b968   0x00000008   Code   RO         5774    i.__aeabi_errno_addr  mc_w.l(errno.o)
    0x0803b970   0x00000038   Code   RO         5443    i.__hardfp_atof     m_wm.l(atof.o)
    0x0803b9a8   0x0000000c   Code   RO         5775    i.__read_errno      mc_w.l(errno.o)
    0x0803b9b4   0x0000000e   Code   RO         5850    i.__scatterload_copy  mc_w.l(handlers.o)
    0x0803b9c2   0x00000002   Code   RO         5851    i.__scatterload_null  mc_w.l(handlers.o)
    0x0803b9c4   0x0000000e   Code   RO         5852    i.__scatterload_zeroinit  mc_w.l(handlers.o)
    0x0803b9d2   0x00000002   PAD
    0x0803b9d4   0x0000000c   Code   RO         5776    i.__set_errno       mc_w.l(errno.o)
    0x0803b9e0   0x00000164   Code   RO         5712    i._fp_digits        mc_w.l(printfa.o)
    0x0803bb44   0x0000000e   Code   RO         5831    i._is_digit         mc_w.l(scanf_fp.o)
    0x0803bb52   0x00000002   PAD
    0x0803bb54   0x000006dc   Code   RO         5713    i._printf_core      mc_w.l(printfa.o)
    0x0803c230   0x00000024   Code   RO         5714    i._printf_post_padding  mc_w.l(printfa.o)
    0x0803c254   0x0000002e   Code   RO         5715    i._printf_pre_padding  mc_w.l(printfa.o)
    0x0803c282   0x0000000a   Code   RO         5717    i._sputc            mc_w.l(printfa.o)
    0x0803c28c   0x00000010   Code   RO           15    i.fputc             main.o
    0x0803c29c   0x0000012c   Code   RO           16    i.main              main.o
    0x0803c3c8   0x00000048   Code   RO          309    i.text1             key_debug.o
    0x0803c410   0x00000048   Code   RO          310    i.text2             key_debug.o
    0x0803c458   0x0000000c   Code   RO           17    i.text_laohua       main.o
    0x0803c464   0x0000002e   Code   RO         4516    i.u8Mifare_u8CheckSecter  P18.Lib_C.SVN486.170818.lib(pcsc.o)
    0x0803c492   0x00000002   PAD
    0x0803c494   0x00000048   Data   RO          395    .constdata          rtc_debug.o
    0x0803c4dc   0x00000014   Data   RO          474    .constdata          tcp_debug.o
    0x0803c4f0   0x00000008   Data   RO          655    .constdata          catactlesscard_debug.o
    0x0803c4f8   0x00000014   Data   RO          739    .constdata          auto_debug.o
    0x0803c50c   0x00000028   Data   RO          796    .constdata          P18.Lib_C.SVN486.170818.lib(tcp.o)
    0x0803c534   0x00000084   Data   RO         1147    .constdata          P18.Lib_C.SVN486.170818.lib(appif.o)
    0x0803c5b8   0x000000e4   Data   RO         1398    .constdata          P18.Lib_C.SVN486.170818.lib(rtc.o)
    0x0803c69c   0x000000af   Data   RO         1486    .constdata          P18.Lib_C.SVN486.170818.lib(ctrl0.o)
    0x0803c74b   0x0000003d   Data   RO         1590    .constdata          P18.Lib_C.SVN486.170818.lib(led_seg.o)
    0x0803c788   0x00000012   Data   RO         1969    .constdata          P18.Lib_C.SVN486.170818.lib(iso14443.o)
    0x0803c79a   0x00000002   PAD
    0x0803c79c   0x000000c0   Data   RO         2049    .constdata          P18.Lib_C.SVN486.170818.lib(cpu.o)
    0x0803c85c   0x00000004   Data   RO         2073    .constdata          P18.Lib_C.SVN486.170818.lib(_24g_.o)
    0x0803c860   0x00000a64   Data   RO         2572    .constdata          P18.Lib_C.SVN486.170818.lib(lcd.o)
    0x0803d2c4   0x00000048   Data   RO         4584    .constdata          P18.Lib_C.SVN486.170818.lib(gpio7816.o)
    0x0803d30c   0x00000081   Data   RO         5802    .constdata          mc_w.l(ctype_o.o)
    0x0803d38d   0x00000003   PAD
    0x0803d390   0x00000004   Data   RO         5803    .constdata          mc_w.l(ctype_o.o)
    0x0803d394   0x000000b1   Data   RO          797    .conststring        P18.Lib_C.SVN486.170818.lib(tcp.o)
    0x0803d445   0x00000003   PAD
    0x0803d448   0x00000030   Data   RO         5848    Region$$Table       anon$$obj.o


    Execution Region RW_IRAM1 (Base: 0x20000000, Size: 0x0000d000, Max: 0x00010000, ABSOLUTE)

    Base Addr    Size         Type   Attr      Idx    E Section Name        Object

    0x20000000   0x0000d000   Zero   RW         5792    STACK               P18.Lib_C.SVN486.170818.lib(stm32f4xxappinit.o)


    Execution Region RW_RAM1 (Base: 0x68180000, Size: 0x00026c04, Max: 0x00200000, ABSOLUTE, COMPRESSED[0x00000828])

    Base Addr    Size         Type   Attr      Idx    E Section Name        Object

    0x68180000   0x00000004   Data   RW           18    .data               main.o
    0x68180004   0x00000005   Data   RW          396    .data               rtc_debug.o
    0x68180009   0x00000060   Data   RW          623    .data               2_4g_debug.o
    0x68180069   0x00000001   Data   RW          656    .data               catactlesscard_debug.o
    0x6818006a   0x00000030   Data   RW          740    .data               auto_debug.o
    0x6818009a   0x00000002   PAD
    0x6818009c   0x0000b9cc   Data   RW          798    .data               P18.Lib_C.SVN486.170818.lib(tcp.o)
    0x6818ba68   0x0000002e   Data   RW         1148    .data               P18.Lib_C.SVN486.170818.lib(appif.o)
    0x6818ba96   0x00000002   PAD
    0x6818ba98   0x00000004   Data   RW         1322    .data               P18.Lib_C.SVN486.170818.lib(system.o)
    0x6818ba9c   0x00000004   Data   RW         1399    .data               P18.Lib_C.SVN486.170818.lib(rtc.o)
    0x6818baa0   0x00000010   Data   RW         1430    .data               P18.Lib_C.SVN486.170818.lib(irqkey.o)
    0x6818bab0   0x00000098   Data   RW         1487    .data               P18.Lib_C.SVN486.170818.lib(ctrl0.o)
    0x6818bb48   0x00000006   Data   RW         1552    .data               P18.Lib_C.SVN486.170818.lib(flash.o)
    0x6818bb4e   0x00000002   PAD
    0x6818bb50   0x00000027   Data   RW         1638    .data               P18.Lib_C.SVN486.170818.lib(mxflash.o)
    0x6818bb77   0x00000001   PAD
    0x6818bb78   0x00000024   Data   RW         1685    .data               P18.Lib_C.SVN486.170818.lib(uart_dma.o)
    0x6818bb9c   0x00000001   Data   RW         1707    .data               P18.Lib_C.SVN486.170818.lib(led.o)
    0x6818bb9d   0x00000003   PAD
    0x6818bba0   0x0000000c   Data   RW         1722    .data               P18.Lib_C.SVN486.170818.lib(qr_collection.o)
    0x6818bbac   0x00000001   Data   RW         1895    .data               P18.Lib_C.SVN486.170818.lib(rc523_driver.o)
    0x6818bbad   0x00000003   PAD
    0x6818bbb0   0x00000008   Data   RW         1970    .data               P18.Lib_C.SVN486.170818.lib(iso14443.o)
    0x6818bbb8   0x000000dd   Data   RW         2043    .data               P18.Lib_C.SVN486.170818.lib(mifare1_operate.o)
    0x6818bc95   0x00000003   PAD
    0x6818bc98   0x00000017   Data   RW         2050    .data               P18.Lib_C.SVN486.170818.lib(cpu.o)
    0x6818bcaf   0x00000001   Data   RW         2074    .data               P18.Lib_C.SVN486.170818.lib(_24g_.o)
    0x6818bcb0   0x00006060   Data   RW         2171    .data               P18.Lib_C.SVN486.170818.lib(com.o)
    0x68191d10   0x00000008   Data   RW         2223    .data               P18.Lib_C.SVN486.170818.lib(gps.o)
    0x68191d18   0x00000001   Data   RW         2815    .data               P18.Lib_C.SVN486.170818.lib(tts.o)
    0x68191d19   0x00000001   Data   RW         3116    .data               P18.Lib_C.SVN486.170818.lib(ssl.o)
    0x68191d1a   0x00000001   Data   RW         3117    .data               P18.Lib_C.SVN486.170818.lib(ssl.o)
    0x68191d1b   0x00000001   PAD
    0x68191d1c   0x00000006   Data   RW         3118    .data               P18.Lib_C.SVN486.170818.lib(ssl.o)
    0x68191d22   0x00000001   Data   RW         3159    .data               P18.Lib_C.SVN486.170818.lib(https.o)
    0x68191d23   0x00000001   Data   RW         3160    .data               P18.Lib_C.SVN486.170818.lib(https.o)
    0x68191d24   0x00000008   Data   RW         3161    .data               P18.Lib_C.SVN486.170818.lib(https.o)
    0x68191d2c   0x00000014   Data   RW         3312    .data               P18.Lib_C.SVN486.170818.lib(system_stm32f4xx.o)
    0x68191d40   0x00000010   Data   RW         3643    .data               P18.Lib_C.SVN486.170818.lib(stm32f4xx_rcc.o)
    0x68191d50   0x00000070   Data   RW         4481    .data               P18.Lib_C.SVN486.170818.lib(rc523.o)
    0x68191dc0   0x00000010   Data   RW         4518    .data               P18.Lib_C.SVN486.170818.lib(pcsc.o)
    0x68191dd0   0x0000002a   Data   RW         4564    .data               P18.Lib_C.SVN486.170818.lib(felica.o)
    0x68191dfa   0x00000002   PAD
    0x68191dfc   0x00000016   Data   RW         4578    .data               P18.Lib_C.SVN486.170818.lib(sc7816_driver.o)
    0x68191e12   0x00000002   PAD
    0x68191e14   0x00000008   Data   RW         4846    .data               P18.Lib_C.SVN486.170818.lib(lcd_port.o)
    0x68191e1c   0x00000034   Data   RW         5242    .data               P18.Lib_C.SVN486.170818.lib(usbd_core.o)
    0x68191e50   0x0000000d   Data   RW         5424    .data               P18.Lib_C.SVN486.170818.lib(usbd_req.o)
    0x68191e5d   0x00000003   PAD
    0x68191e60   0x00000004   Data   RW         5465    .data               mc_w.l(strtok.o)
    0x68191e64   0x00000004   Data   RW         5763    .data               mc_w.l(stdout.o)
    0x68191e68   0x00000004   Data   RW         5777    .data               mc_w.l(errno.o)
    0x68191e6c   0x0000001c   Zero   RW          394    .bss                rtc_debug.o
    0x68191e88   0x0000003c   Zero   RW          654    .bss                catactlesscard_debug.o
    0x68191ec4   0x000005dc   Zero   RW          718    .bss                irda_debug.o
    0x681924a0   0x00000010   Zero   RW          738    .bss                auto_debug.o
    0x681924b0   0x000028be   Zero   RW          795    .bss                P18.Lib_C.SVN486.170818.lib(tcp.o)
    0x68194d6e   0x0000000a   Zero   RW         1397    .bss                P18.Lib_C.SVN486.170818.lib(rtc.o)
    0x68194d78   0x00000010   Zero   RW         1428    .bss                P18.Lib_C.SVN486.170818.lib(irqkey.o)
    0x68194d88   0x00000644   Zero   RW         1485    .bss                P18.Lib_C.SVN486.170818.lib(ctrl0.o)
    0x681953cc   0x00000064   Zero   RW         1589    .bss                P18.Lib_C.SVN486.170818.lib(led_seg.o)
    0x68195430   0x00000018   Zero   RW         1637    .bss                P18.Lib_C.SVN486.170818.lib(mxflash.o)
    0x68195448   0x0000f000   Zero   RW         1684    .bss                P18.Lib_C.SVN486.170818.lib(uart_dma.o)
    0x681a4448   0x00000800   Zero   RW         1721    .bss                P18.Lib_C.SVN486.170818.lib(qr_collection.o)
    0x681a4c48   0x0000012c   Zero   RW         1894    .bss                P18.Lib_C.SVN486.170818.lib(rc523_driver.o)
    0x681a4d74   0x0000006c   Zero   RW         1968    .bss                P18.Lib_C.SVN486.170818.lib(iso14443.o)
    0x681a4de0   0x00000644   Zero   RW         2048    .bss                P18.Lib_C.SVN486.170818.lib(cpu.o)
    0x681a5424   0x00000004   PAD
    0x681a5428   0x0000060c   Zero   RW         2222    .bss                P18.Lib_C.SVN486.170818.lib(gps.o)
    0x681a5a34   0x00000064   Zero   RW         3115    .bss                P18.Lib_C.SVN486.170818.lib(ssl.o)
    0x681a5a98   0x000004c8   Zero   RW         3157    .bss                P18.Lib_C.SVN486.170818.lib(https.o)
    0x681a5f60   0x00000013   Zero   RW         4563    .bss                P18.Lib_C.SVN486.170818.lib(felica.o)
    0x681a5f73   0x00000001   PAD
    0x681a5f74   0x00000010   Zero   RW         4583    .bss                P18.Lib_C.SVN486.170818.lib(gpio7816.o)
    0x681a5f84   0x00000c80   Zero   RW         4845    .bss                P18.Lib_C.SVN486.170818.lib(lcd_port.o)


==============================================================================

Image component sizes


      Code (inc. data)   RO Data    RW Data    ZI Data      Debug   Object Name

       644        110          0         96          0       1919   2_4g_debug.o
      2044        464         20         48         16       3160   auto_debug.o
       164         60          0          0          0        561   beep_debug.o
      1556        542          0          0          0       1343   bt_debug.o
      4244       1012          8          1         60       4462   catactlesscard_debug.o
      1776        336          0          0          0       2219   contact_debug.o
      2030        666          0          0          0       4843   flash_debug.o
       724        184          0          0          0       1128   gps.debug.o
       520        174          0          0       1500       1626   irda_debug.o
       416        142          0          0          0       1680   key_debug.o
       220         92          0          0          0        560   lcd_debug.o
       448        146          0          0          0        744   led_debug.o
       536        180          0          0          0        859   ledseg_debug.o
      2996       1012          0          4          0      19589   main.o
       624        166          0          0          0       1489   qr_debug.o
      1604        360         72          5         28       4156   rtc_debug.o
      1496        538          0          0          0       1118   sound_debug.o
      3724        942         20          0          0       3439   tcp_debug.o
       976        374          0          0          0       2816   transmode_debug.o
       324        130          0          0          0        712   version_debug.o

    ----------------------------------------------------------------------
     27066       7630        168        156       1604      58423   Object Totals
         0          0         48          0          0          0   (incl. Generated)
         0          0          0          2          0          0   (incl. Padding)

    ----------------------------------------------------------------------

      Code (inc. data)   RO Data    RW Data    ZI Data      Debug   Library Member Name

       672         64          4          1          0       4336   _24g_.o
        92         10          0          0          0       7260   _24g_port.o
      5122        416        132         46          0       4996   appif.o
        72         12          0          0          0        356   beep.o
      1084         70          0          0          0        488   bluetooth.o
       204         12          0          0          0        100   bluetooth_port.o
        48          6          0      24672          0        224   com.o
     10952        508        192         23       1604       2048   cpu.o
       412         30          0          0          0        240   cpu_driver.o
      2204        738        175        152       1604       3524   ctrl0.o
       508         38          0         42         19        476   felica.o
      1586         72          0          6          0       1792   flash.o
      1368         70         72          0         16       1172   gpio7816.o
      1646        290          0          8       1548       5447   gps.o
         0          0          0         10       1224       1082   https.o
       216          8          0          0          0       2922   irda.o
       124         12          0          0          0     211771   irda_port.o
       278         20          0         16         16        496   irqkey.o
      7016        312         18          8        108       3548   iso14443.o
        40          0          0          0          0        256   kernel.o
      1156         46       2660          0          0     213850   lcd.o
      1264         78          0          8       3200     221685   lcd_port.o
       984         40          0          1          0        252   led.o
       582         10         61          0        100       1128   led_seg.o
       182         24          0          0          0        860   ledseg_driver.o
       696          6          0          0          0        420   mifare.o
      2120         46          0        221          0        684   mifare1_operate.o
       160         32          0          0          0        360   misc.o
       122          0          0          0          0        820   miscfunc.o
      3178        258          0         39         24       2144   mxflash.o
       106          0          0          0          0        164   ntag21x.o
      2032         60          0         16          0       1356   pcsc.o
       902         44          0          0          0       1276   power.o
       212         22          0         12       2048       3314   qr_collection.o
       586         32          0        112          0        996   rc523.o
       204         22          0          1        300        312   rc523_driver.o
      2220         42        228          4         10       1448   rtc.o
       140         42          0         22          0        116   sc7816_driver.o
         0          0          0          8        100        892   ssl.o
       462         26          0          0          0        472   stm32f4xx_dma.o
       200         18          0          0          0        348   stm32f4xx_exti.o
       426         48          0          0          0        960   stm32f4xx_flash.o
       282          6          0          0          0        232   stm32f4xx_fsmc.o
       240          0          0          0          0        612   stm32f4xx_gpio.o
        68         30          0          0          0        580   stm32f4xx_iwdg.o
        12          6          0          0          0        116   stm32f4xx_pwr.o
       628         84          0         16          0       1416   stm32f4xx_rcc.o
      1686        110          0          0          0       2580   stm32f4xx_rtc.o
       112          0          0          0          0        588   stm32f4xx_spi.o
        64          4          0          0          0        128   stm32f4xx_syscfg.o
       624         82          0          0          0        948   stm32f4xx_tim.o
       768         32          0          0          0       1804   stm32f4xx_usart.o
       408        174        392          0      53248        276   stm32f4xxappinit.o
      2768        208          0          4          0       3616   system.o
       340         32          0         20          0        248   system_stm32f4xx.o
       208         18          0          0          0        256   systick.o
        90          0          0          0          0        256   tamper.o
     11888       2436        217      47564      10430      22718   tcp.o
        80          8          0          0          0       8346   tcp_port.o
      1008          8          0          0          0        516   time.o
       372         44          0          1          0      10408   tts.o
        96         10          0          0          0        538   tts_port.o
      2176        204          0         36      61440       1108   uart_dma.o
       148         10          0          0          0        616   usb_bsp.o
      1722          4          0          0          0       2120   usb_core.o
       470          0          0          0          0        904   usb_dcd.o
      2050         60          0          0          0       1932   usb_dcd_int.o
       748          6          0         52          0       1744   usbd_core.o
       178          0          0          0          0        652   usbd_ioreq.o
      1630         54          0         13          0       1536   usbd_req.o
        56         12          0          0          0        132   atof.o
        86          0          0          0          0          0   __dczerorl2.o
        28          0          0          0          0         68   _chval.o
        64          0          0          0          0         84   _sgetc.o
       158          0          0          0          0         92   _strtoul.o
        26          0          0          0          0         80   atoi.o
         8          4        133          0          0         68   ctype_o.o
         0          0          0          0          0          0   entry.o
         0          0          0          0          0          0   entry10a.o
         0          0          0          0          0          0   entry11a.o
         8          4          0          0          0          0   entry2.o
         4          0          0          0          0          0   entry5.o
         0          0          0          0          0          0   entry7b.o
         0          0          0          0          0          0   entry8b.o
         8          4          0          0          0          0   entry9a.o
        32         16          0          4          0        204   errno.o
        30          0          0          0          0          0   handlers.o
        36          8          0          0          0         68   init.o
        18          0          0          0          0         76   isspace_o.o
         0          0          0          0          0          0   iusefp.o
        30          0          0          0          0         68   llshl.o
        36          0          0          0          0         68   llsshr.o
        32          0          0          0          0         68   llushr.o
        26          0          0          0          0         80   memcmp.o
        36          0          0          0          0         68   memcpya.o
        36          0          0          0          0        108   memseta.o
      2312        102          0          0          0        676   printfa.o
       838         12          0          0          0        216   scanf_fp.o
         0          0          0          4          0          0   stdout.o
        14          0          0          0          0         68   strlen.o
        36          0          0          0          0         80   strstr.o
       156         14          0          0          0        120   strtod.o
        68          6          0          4          0         80   strtok.o
       112          0          0          0          0         88   strtol.o
        44          0          0          0          0         80   uidiv.o
        98          0          0          0          0         92   uldiv.o
        48          0          0          0          0         68   cdrcmple.o
        56          0          0          0          0         88   d2f.o
       334          0          0          0          0        148   dadd.o
       222          0          0          0          0        100   ddiv.o
       186          0          0          0          0        176   depilogue.o
        62          0          0          0          0         80   dfixi.o
        50          0          0          0          0         76   dfixui.o
        48          0          0          0          0         68   dfixul.o
        34          0          0          0          0         76   dflti.o
        24          0          0          0          0         76   dfltul.o
       228          0          0          0          0         96   dmul.o
        38          0          0          0          0         68   f2d.o
       110          0          0          0          0        168   fepilogue.o

    ----------------------------------------------------------------------
     88402       7396       4292      73168     137044     777305   Library Totals
        84          0          8         22          5          0   (incl. Padding)

    ----------------------------------------------------------------------

      Code (inc. data)   RO Data    RW Data    ZI Data      Debug   Library Name

     82442       7214       4151      73134     137039     773185   P18.Lib_C.SVN486.170818.lib
        56         12          0          0          0        132   m_wm.l
      4380        170        133         12          0       2700   mc_w.l
      1440          0          0          0          0       1288   mf_w.l

    ----------------------------------------------------------------------
     88402       7396       4292      73168     137044     777305   Library Totals

    ----------------------------------------------------------------------

==============================================================================


      Code (inc. data)   RO Data    RW Data    ZI Data      Debug   

    115468      15026       4460      73324     138648     781444   Grand Totals
    115468      15026       4460       2088     138648     781444   ELF Image Totals (compressed)
    115468      15026       4460       2088          0          0   ROM Totals

==============================================================================

    Total RO  Size (Code + RO Data)               119928 ( 117.12kB)
    Total RW  Size (RW Data + ZI Data)            211972 ( 207.00kB)
    Total ROM Size (Code + RO Data + RW Data)     122016 ( 119.16kB)

==============================================================================

