Component: ARM Compiler 5.06 update 2 (build 183) Tool: armlink [4d35b7]

==============================================================================

Section Cross References

    main.o(i.App2_FirstMenu) refers to com.o(i.COM1_SendNBytes) for COM1_SendNBytes
    main.o(i.App2_FirstMenu) refers to main.o(i.SendToPC) for SendToPC
    main.o(i.App2_FirstMenu) refers to main.o(.data) for LANGUAGE
    main.o(i.App2_Page0Func) refers to main.o(i.App2_Page0Menu) for App2_Page0Menu
    main.o(i.App2_Page0Func) refers to auto_debug.o(i.AUTO_Debug) for AUTO_Debug
    main.o(i.App2_Page0Func) refers to appif.o(i.SYS_ReadKey) for SYS_ReadKey
    main.o(i.App2_Page0Func) refers to lcd_debug.o(i.LCD_Debug) for LCD_Debug
    main.o(i.App2_Page0Func) refers to led_debug.o(i.LED_Debug) for LED_Debug
    main.o(i.App2_Page0Func) refers to ledseg_debug.o(i.LEDSeg_Debug) for LEDSeg_Debug
    main.o(i.App2_Page0Func) refers to key_debug.o(i.KEY_Debug) for KEY_Debug
    main.o(i.App2_Page0Func) refers to main.o(.data) for g_laohua_sign
    main.o(i.App2_Page0Menu) refers to com.o(i.COM1_SendNBytes) for COM1_SendNBytes
    main.o(i.App2_Page0Menu) refers to main.o(i.SendToPC) for SendToPC
    main.o(i.App2_Page0Menu) refers to main.o(.data) for LANGUAGE
    main.o(i.App2_Page1Func) refers to main.o(i.App2_Page1Menu) for App2_Page1Menu
    main.o(i.App2_Page1Func) refers to auto_debug.o(i.AUTO_Debug) for AUTO_Debug
    main.o(i.App2_Page1Func) refers to appif.o(i.SYS_ReadKey) for SYS_ReadKey
    main.o(i.App2_Page1Func) refers to beep_debug.o(i.BEEP_Debug) for BEEP_Debug
    main.o(i.App2_Page1Func) refers to sound_debug.o(i.Sound_Debug) for Sound_Debug
    main.o(i.App2_Page1Func) refers to rtc_debug.o(i.RTC_Debug) for RTC_Debug
    main.o(i.App2_Page1Func) refers to transmode_debug.o(i.TransMode_Debug) for TransMode_Debug
    main.o(i.App2_Page1Func) refers to main.o(.data) for g_laohua_sign
    main.o(i.App2_Page1Menu) refers to com.o(i.COM1_SendNBytes) for COM1_SendNBytes
    main.o(i.App2_Page1Menu) refers to main.o(i.SendToPC) for SendToPC
    main.o(i.App2_Page1Menu) refers to main.o(.data) for LANGUAGE
    main.o(i.App2_Page2Func) refers to main.o(i.App2_Page2Menu) for App2_Page2Menu
    main.o(i.App2_Page2Func) refers to auto_debug.o(i.AUTO_Debug) for AUTO_Debug
    main.o(i.App2_Page2Func) refers to appif.o(i.SYS_ReadKey) for SYS_ReadKey
    main.o(i.App2_Page2Func) refers to tcp_debug.o(i.TCP_Debug) for TCP_Debug
    main.o(i.App2_Page2Func) refers to gps.debug.o(i.GPS_Debug) for GPS_Debug
    main.o(i.App2_Page2Func) refers to bt_debug.o(i.BT_Debug) for BT_Debug
    main.o(i.App2_Page2Func) refers to irda_debug.o(i.IrDA_Debug) for IrDA_Debug
    main.o(i.App2_Page2Func) refers to main.o(.data) for g_laohua_sign
    main.o(i.App2_Page2Menu) refers to com.o(i.COM1_SendNBytes) for COM1_SendNBytes
    main.o(i.App2_Page2Menu) refers to main.o(i.SendToPC) for SendToPC
    main.o(i.App2_Page2Menu) refers to main.o(.data) for LANGUAGE
    main.o(i.App2_Page3Func) refers to main.o(i.App2_Page3Menu) for App2_Page3Menu
    main.o(i.App2_Page3Func) refers to auto_debug.o(i.AUTO_Debug) for AUTO_Debug
    main.o(i.App2_Page3Func) refers to appif.o(i.SYS_ReadKey) for SYS_ReadKey
    main.o(i.App2_Page3Func) refers to contact_debug.o(i.Contact_Debug) for Contact_Debug
    main.o(i.App2_Page3Func) refers to catactlesscard_debug.o(i.CatactlessCPU_Debug) for CatactlessCPU_Debug
    main.o(i.App2_Page3Func) refers to flash_debug.o(i.Flash_Debug) for Flash_Debug
    main.o(i.App2_Page3Func) refers to 2_4g_debug.o(i._2_4G_Debug) for _2_4G_Debug
    main.o(i.App2_Page3Func) refers to main.o(.data) for g_laohua_sign
    main.o(i.App2_Page3Menu) refers to com.o(i.COM1_SendNBytes) for COM1_SendNBytes
    main.o(i.App2_Page3Menu) refers to main.o(i.SendToPC) for SendToPC
    main.o(i.App2_Page3Menu) refers to main.o(.data) for LANGUAGE
    main.o(i.App2_Page4Func) refers to main.o(i.App2_Page4Menu) for App2_Page4Menu
    main.o(i.App2_Page4Func) refers to auto_debug.o(i.AUTO_Debug) for AUTO_Debug
    main.o(i.App2_Page4Func) refers to appif.o(i.SYS_ReadKey) for SYS_ReadKey
    main.o(i.App2_Page4Func) refers to qr_debug.o(i.QR_Debug) for QR_Debug
    main.o(i.App2_Page4Func) refers to catactlesscard_debug.o(i.CatactlessCPU_Debug) for CatactlessCPU_Debug
    main.o(i.App2_Page4Func) refers to flash_debug.o(i.Flash_Debug) for Flash_Debug
    main.o(i.App2_Page4Func) refers to version_debug.o(i.Version_Debug) for Version_Debug
    main.o(i.App2_Page4Func) refers to main.o(.data) for g_laohua_sign
    main.o(i.App2_Page4Menu) refers to com.o(i.COM1_SendNBytes) for COM1_SendNBytes
    main.o(i.App2_Page4Menu) refers to main.o(i.SendToPC) for SendToPC
    main.o(i.App2_Page4Menu) refers to main.o(.data) for LANGUAGE
    main.o(i.App3_Init) refers to appif.o(i.SYS_Init) for SYS_Init
    main.o(i.App3_Init) refers to tts.o(i.TTSInit) for TTSInit
    main.o(i.App3_Init) refers to tcp.o(i.TCP_Init) for TCP_Init
[...]
    0x080265cc   0x000000b0   Code   RO           10    i.App2_Page4Func    main.o
    0x0802667c   0x00000110   Code   RO           11    i.App2_Page4Menu    main.o
    0x0802678c   0x00000058   Code   RO           12    i.App3_Init         main.o
    0x080267e4   0x000000a4   Code   RO          189    i.BEEP_Debug        beep_debug.o
    0x08026888   0x00000030   Code   RO         3198    i.BEEP_PortInit     P18.Lib.0102.DC4.SVN402.170721.lib(beep.o)
    0x080268b8   0x0000000c   Code   RO         3199    i.BEEP_Start        P18.Lib.0102.DC4.SVN402.170721.lib(beep.o)
    0x080268c4   0x0000000c   Code   RO         3200    i.BEEP_Stop         P18.Lib.0102.DC4.SVN402.170721.lib(beep.o)
    0x080268d0   0x00000028   Code   RO         4595    i.BSP_u8ConfigTypeC212  P18.Lib.0102.DC4.SVN402.170721.lib(felica.o)
    0x080268f8   0x00000040   Code   RO         4596    i.BSP_u8ConfigTypeC424  P18.Lib.0102.DC4.SVN402.170721.lib(felica.o)
    0x08026938   0x00000614   Code   RO          202    i.BT_Debug          bt_debug.o
    0x08026f4c   0x00000048   Code   RO         1434    i.BusFault_Handler  P18.Lib.0102.DC4.SVN402.170721.lib(ctrl0.o)
    0x08026f94   0x00000012   Code   RO         2123    i.COM1_SendNBytes   P18.Lib.0102.DC4.SVN402.170721.lib(com.o)
    0x08026fa6   0x00000002   PAD
    0x08026fa8   0x0000000c   Code   RO         1435    i.COM1_SetCOM1CALLBACKFUNC  P18.Lib.0102.DC4.SVN402.170721.lib(ctrl0.o)
    0x08026fb4   0x0000005c   Code   RO          431    i.COM3_ReceiveData  transmode_debug.o
    0x08027010   0x0000000c   Code   RO         1436    i.COM3_SetCOM3CALLBACKFUNC  P18.Lib.0102.DC4.SVN402.170721.lib(ctrl0.o)
    0x0802701c   0x0000005c   Code   RO          995    i.COM4_AuxioInit    P18.Lib.0102.DC4.SVN402.170721.lib(appif.o)
    0x08027078   0x0000000c   Code   RO         1437    i.COM4_SetCOM4CALLBACKFUNC  P18.Lib.0102.DC4.SVN402.170721.lib(ctrl0.o)
    0x08027084   0x0000005c   Code   RO          998    i.COM5_AuxioInit    P18.Lib.0102.DC4.SVN402.170721.lib(appif.o)
    0x080270e0   0x00000088   Code   RO          999    i.COM5_AuxioSelect  P18.Lib.0102.DC4.SVN402.170721.lib(appif.o)
    0x08027168   0x0000000c   Code   RO         1000    i.COM5_AuxioWhoseIsSelect  P18.Lib.0102.DC4.SVN402.170721.lib(appif.o)
    0x08027174   0x00000010   Code   RO         2146    i.COM5_ClearStore   P18.Lib.0102.DC4.SVN402.170721.lib(com.o)
    0x08027184   0x00000040   Code   RO         4753    i.COM5_IRQReceiveByte  P18.Lib.0102.DC4.SVN402.170721.lib(irda_port.o)
    0x080271c4   0x0000000e   Code   RO         2152    i.COM5_SendByte     P18.Lib.0102.DC4.SVN402.170721.lib(com.o)
    0x080271d2   0x00000002   PAD
    0x080271d4   0x0000000c   Code   RO         1438    i.COM5_SetCOM5CALLBACKFUNC  P18.Lib.0102.DC4.SVN402.170721.lib(ctrl0.o)
    0x080271e0   0x0000005c   Code   RO         1001    i.COM6_AuxioInit    P18.Lib.0102.DC4.SVN402.170721.lib(appif.o)
    0x0802723c   0x00000248   Code   RO          432    i.COM_Debug         transmode_debug.o
    0x08027484   0x00000014   Code   RO         2957    i.COM_SelectTCP     P18.Lib.0102.DC4.SVN402.170721.lib(tcp_port.o)
    0x08027498   0x0000002c   Code   RO         4630    i.COM_Select_24g    P18.Lib.0102.DC4.SVN402.170721.lib(_24g_port.o)
    0x080274c4   0x00000084   Code   RO         1369    i.Calc_WeekDay      P18.Lib.0102.DC4.SVN402.170721.lib(rtc.o)
    0x08027548   0x00000674   Code   RO          529    i.CatactlessCPU_Debug  catactlesscard_debug.o
    0x08027bbc   0x000000d0   Code   RO          242    i.Contact_Debug     contact_debug.o
    0x08027c8c   0x00000022   Code   RO         5159    i.DCD_DevDisconnect  P18.Lib.0102.DC4.SVN402.170721.lib(usb_dcd.o)
    0x08027cae   0x00000048   Code   RO         5161    i.DCD_EP_ClrStall   P18.Lib.0102.DC4.SVN402.170721.lib(usb_dcd.o)
    0x08027cf6   0x00000068   Code   RO         5163    i.DCD_EP_Open       P18.Lib.0102.DC4.SVN402.170721.lib(usb_dcd.o)
    0x08027d5e   0x00000052   Code   RO         5164    i.DCD_EP_PrepareRx  P18.Lib.0102.DC4.SVN402.170721.lib(usb_dcd.o)
    0x08027db0   0x0000001c   Code   RO         5165    i.DCD_EP_SetAddress  P18.Lib.0102.DC4.SVN402.170721.lib(usb_dcd.o)
    0x08027dcc   0x00000048   Code   RO         5166    i.DCD_EP_Stall      P18.Lib.0102.DC4.SVN402.170721.lib(usb_dcd.o)
    0x08027e14   0x0000004e   Code   RO         5167    i.DCD_EP_Tx         P18.Lib.0102.DC4.SVN402.170721.lib(usb_dcd.o)
    0x08027e62   0x00000066   Code   RO         3303    i.DCD_HandleEnumDone_ISR  P18.Lib.0102.DC4.SVN402.170721.lib(usb_dcd_int.o)
    0x08027ec8   0x00000144   Code   RO         3304    i.DCD_HandleInEP_ISR  P18.Lib.0102.DC4.SVN402.170721.lib(usb_dcd_int.o)
    0x0802800c   0x00000100   Code   RO         3305    i.DCD_HandleOutEP_ISR  P18.Lib.0102.DC4.SVN402.170721.lib(usb_dcd_int.o)
    0x0802810c   0x00000068   Code   RO         3306    i.DCD_HandleResume_ISR  P18.Lib.0102.DC4.SVN402.170721.lib(usb_dcd_int.o)
    0x08028174   0x000000b0   Code   RO         3307    i.DCD_HandleRxStatusQueueLevel_ISR  P18.Lib.0102.DC4.SVN402.170721.lib(usb_dcd_int.o)
    0x08028224   0x0000002c   Code   RO         3308    i.DCD_HandleSof_ISR  P18.Lib.0102.DC4.SVN402.170721.lib(usb_dcd_int.o)
    0x08028250   0x000000a8   Code   RO         3309    i.DCD_HandleUSBSuspend_ISR  P18.Lib.0102.DC4.SVN402.170721.lib(usb_dcd_int.o)
    0x080282f8   0x00000104   Code   RO         3310    i.DCD_HandleUsbReset_ISR  P18.Lib.0102.DC4.SVN402.170721.lib(usb_dcd_int.o)
    0x080283fc   0x0000002c   Code   RO         3311    i.DCD_IsoINIncomplete_ISR  P18.Lib.0102.DC4.SVN402.170721.lib(usb_dcd_int.o)
    0x08028428   0x0000002c   Code   RO         3312    i.DCD_IsoOUTIncomplete_ISR  P18.Lib.0102.DC4.SVN402.170721.lib(usb_dcd_int.o)
    0x08028454   0x0000002c   Code   RO         3313    i.DCD_OTG_ISR       P18.Lib.0102.DC4.SVN402.170721.lib(usb_dcd_int.o)
    0x08028480   0x00000028   Code   RO         3314    i.DCD_ReadDevInEP   P18.Lib.0102.DC4.SVN402.170721.lib(usb_dcd_int.o)
    0x080284a8   0x0000002c   Code   RO         3315    i.DCD_SessionRequest_ISR  P18.Lib.0102.DC4.SVN402.170721.lib(usb_dcd_int.o)
    0x080284d4   0x00000090   Code   RO         3316    i.DCD_WriteEmptyTxFifo  P18.Lib.0102.DC4.SVN402.170721.lib(usb_dcd_int.o)
    0x08028564   0x00000008   Code   RO         4096    i.DISP_Init         P18.Lib.0102.DC4.SVN402.170721.lib(disp.o)
    0x0802856c   0x00000058   Code   RO         4100    i.DISP_LcdClear     P18.Lib.0102.DC4.SVN402.170721.lib(disp.o)
    0x080285c4   0x0000003c   Code   RO         4107    i.DISP_LcdGotoXYBasic  P18.Lib.0102.DC4.SVN402.170721.lib(disp.o)
    0x08028600   0x00000002   Code   RO         4111    i.DISP_LcdPower     P18.Lib.0102.DC4.SVN402.170721.lib(disp.o)
    0x08028602   0x00000002   PAD
    0x08028604   0x00000040   Code   RO         4112    i.DISP_LcdSetContrast  P18.Lib.0102.DC4.SVN402.170721.lib(disp.o)
    0x08028644   0x00000016   Code   RO         3349    i.DMA_Cmd           P18.Lib.0102.DC4.SVN402.170721.lib(stm32f4xx_dma.o)
    0x0802865a   0x00000002   PAD
    0x0802865c   0x00000198   Code   RO         1660    i.DMA_Configuration  P18.Lib.0102.DC4.SVN402.170721.lib(uart_dma.o)
    0x080287f4   0x00000158   Code   RO         3350    i.DMA_DeInit        P18.Lib.0102.DC4.SVN402.170721.lib(stm32f4xx_dma.o)
    0x0802894c   0x00000008   Code   RO         3355    i.DMA_GetCurrDataCounter  P18.Lib.0102.DC4.SVN402.170721.lib(stm32f4xx_dma.o)
    0x08028954   0x00000058   Code   RO         3361    i.DMA_Init          P18.Lib.0102.DC4.SVN402.170721.lib(stm32f4xx_dma.o)
    0x080289ac   0x00000044   Code   RO         1439    i.DebugMon_Handler  P18.Lib.0102.DC4.SVN402.170721.lib(ctrl0.o)
    0x080289f0   0x00000030   Code   RO         1440    i.EXTI15_10_IRQHandler  P18.Lib.0102.DC4.SVN402.170721.lib(ctrl0.o)
    0x08028a20   0x00000034   Code   RO         1441    i.EXTI1_IRQHandler  P18.Lib.0102.DC4.SVN402.170721.lib(ctrl0.o)
    0x08028a54   0x00000038   Code   RO         1442    i.EXTI3_IRQHandler  P18.Lib.0102.DC4.SVN402.170721.lib(ctrl0.o)
    0x08028a8c   0x00000038   Code   RO         1443    i.EXTI9_5_IRQHandler  P18.Lib.0102.DC4.SVN402.170721.lib(ctrl0.o)
    0x08028ac4   0x0000000c   Code   RO         3388    i.EXTI_ClearITPendingBit  P18.Lib.0102.DC4.SVN402.170721.lib(stm32f4xx_exti.o)
    0x08028ad0   0x00000028   Code   RO         3392    i.EXTI_GetITStatus  P18.Lib.0102.DC4.SVN402.170721.lib(stm32f4xx_exti.o)
    0x08028af8   0x00000094   Code   RO         3393    i.EXTI_Init         P18.Lib.0102.DC4.SVN402.170721.lib(stm32f4xx_exti.o)
    0x08028b8c   0x0000000c   Code   RO         3405    i.FLASH_ClearFlag   P18.Lib.0102.DC4.SVN402.170721.lib(stm32f4xx_flash.o)
    0x08028b98   0x00000024   Code   RO         3406    i.FLASH_DataCacheCmd  P18.Lib.0102.DC4.SVN402.170721.lib(stm32f4xx_flash.o)
    0x08028bbc   0x00000088   Code   RO         3409    i.FLASH_EraseSector  P18.Lib.0102.DC4.SVN402.170721.lib(stm32f4xx_flash.o)
    0x08028c44   0x00000048   Code   RO         3411    i.FLASH_GetStatus   P18.Lib.0102.DC4.SVN402.170721.lib(stm32f4xx_flash.o)
    0x08028c8c   0x00000014   Code   RO         3415    i.FLASH_Lock        P18.Lib.0102.DC4.SVN402.170721.lib(stm32f4xx_flash.o)
    0x08028ca0   0x00000050   Code   RO         3431    i.FLASH_ProgramWord  P18.Lib.0102.DC4.SVN402.170721.lib(stm32f4xx_flash.o)
    0x08028cf0   0x00000024   Code   RO         3433    i.FLASH_Unlock      P18.Lib.0102.DC4.SVN402.170721.lib(stm32f4xx_flash.o)
    0x08028d14   0x00000022   Code   RO         3434    i.FLASH_WaitForLastOperation  P18.Lib.0102.DC4.SVN402.170721.lib(stm32f4xx_flash.o)
    0x08028d36   0x00000002   PAD
    0x08028d38   0x00000034   Code   RO         3478    i.FSMC_NORSRAMCmd   P18.Lib.0102.DC4.SVN402.170721.lib(stm32f4xx_fsmc.o)
    0x08028d6c   0x000000e0   Code   RO         3480    i.FSMC_NORSRAMInit  P18.Lib.0102.DC4.SVN402.170721.lib(stm32f4xx_fsmc.o)
    0x08028e4c   0x00000016   Code   RO          266    i.Fill_Buffer_8     flash_debug.o
    0x08028e62   0x00000002   PAD
    0x08028e64   0x00000030   Code   RO         1522    i.Flash_BusyState   P18.Lib.0102.DC4.SVN402.170721.lib(flash.o)
    0x08028e94   0x00000094   Code   RO         1523    i.Flash_Calc_Size   P18.Lib.0102.DC4.SVN402.170721.lib(flash.o)
    0x08028f28   0x00000344   Code   RO          267    i.Flash_Debug       flash_debug.o
    0x0802926c   0x0000005c   Code   RO         1526    i.Flash_EraseSector  P18.Lib.0102.DC4.SVN402.170721.lib(flash.o)
    0x080292c8   0x00000014   Code   RO         1527    i.Flash_Get_Size    P18.Lib.0102.DC4.SVN402.170721.lib(flash.o)
    0x080292dc   0x0000026c   Code   RO         1528    i.Flash_Init        P18.Lib.0102.DC4.SVN402.170721.lib(flash.o)
    0x08029548   0x00000044   Code   RO         1529    i.Flash_Prog_Con_Word  P18.Lib.0102.DC4.SVN402.170721.lib(flash.o)
    0x0802958c   0x0000002a   Code   RO         1530    i.Flash_Read        P18.Lib.0102.DC4.SVN402.170721.lib(flash.o)
    0x080295b6   0x00000002   PAD
    0x080295b8   0x00000034   Code   RO         1531    i.Flash_ReadBuffer  P18.Lib.0102.DC4.SVN402.170721.lib(flash.o)
    0x080295ec   0x0000002c   Code   RO         1532    i.Flash_ReadID      P18.Lib.0102.DC4.SVN402.170721.lib(flash.o)
    0x08029618   0x0000000c   Code   RO         1535    i.Flash_ReturnToReadMode  P18.Lib.0102.DC4.SVN402.170721.lib(flash.o)
    0x08029624   0x0000001e   Code   RO         1536    i.Flash_UserRead    P18.Lib.0102.DC4.SVN402.170721.lib(flash.o)
    0x08029642   0x0000001e   Code   RO         1537    i.Flash_UserWrite   P18.Lib.0102.DC4.SVN402.170721.lib(flash.o)
    0x08029660   0x0000014c   Code   RO         1538    i.Flash_Write       P18.Lib.0102.DC4.SVN402.170721.lib(flash.o)
    0x080297ac   0x00000030   Code   RO         1540    i.Flash_Write_OneWord  P18.Lib.0102.DC4.SVN402.170721.lib(flash.o)
    0x080297dc   0x000001a0   Code   RO          268    i.Fram_Debug        flash_debug.o
    0x0802997c   0x00000090   Code   RO         3508    i.GPIO_Init         P18.Lib.0102.DC4.SVN402.170721.lib(stm32f4xx_gpio.o)
    0x08029a0c   0x00000046   Code   RO         3509    i.GPIO_PinAFConfig  P18.Lib.0102.DC4.SVN402.170721.lib(stm32f4xx_gpio.o)
    0x08029a52   0x00000012   Code   RO         3512    i.GPIO_ReadInputDataBit  P18.Lib.0102.DC4.SVN402.170721.lib(stm32f4xx_gpio.o)
    0x08029a64   0x00000004   Code   RO         3515    i.GPIO_ResetBits    P18.Lib.0102.DC4.SVN402.170721.lib(stm32f4xx_gpio.o)
    0x08029a68   0x00000004   Code   RO         3516    i.GPIO_SetBits      P18.Lib.0102.DC4.SVN402.170721.lib(stm32f4xx_gpio.o)
    0x08029a6c   0x000002d4   Code   RO          486    i.GPS_Debug         gps.debug.o
    0x08029d40   0x000004e0   Code   RO         2200    i.GPS_GetInformation  P18.Lib.0102.DC4.SVN402.170721.lib(gps.o)
    0x0802a220   0x0000001a   Code   RO         2201    i.GPS_Init          P18.Lib.0102.DC4.SVN402.170721.lib(gps.o)
    0x0802a23a   0x00000002   PAD
    0x0802a23c   0x00000048   Code   RO         2203    i.GPS_QueryLaLO     P18.Lib.0102.DC4.SVN402.170721.lib(gps.o)
    0x0802a284   0x00000120   Code   RO         2204    i.GPS_dddmm_dd      P18.Lib.0102.DC4.SVN402.170721.lib(gps.o)
    0x0802a3a4   0x000001bc   Code   RO         1444    i.HardFault_Handler  P18.Lib.0102.DC4.SVN402.170721.lib(ctrl0.o)
    0x0802a560   0x00000030   Code   RO         1407    i.IRQkey_Init       P18.Lib.0102.DC4.SVN402.170721.lib(irqkey.o)
    0x0802a590   0x00000046   Code   RO         1408    i.IRQkey_IntExitInit  P18.Lib.0102.DC4.SVN402.170721.lib(irqkey.o)
    0x0802a5d6   0x00000002   PAD
    0x0802a5d8   0x00000060   Code   RO         1409    i.IRQkey_IntGPIOConfig  P18.Lib.0102.DC4.SVN402.170721.lib(irqkey.o)
    0x0802a638   0x0000003c   Code   RO         1411    i.IRQkey_NVICInterruptConfig  P18.Lib.0102.DC4.SVN402.170721.lib(irqkey.o)
    0x0802a674   0x00000010   Code   RO         3537    i.IWDG_Enable       P18.Lib.0102.DC4.SVN402.170721.lib(stm32f4xx_iwdg.o)
    0x0802a684   0x00000010   Code   RO         3539    i.IWDG_ReloadCounter  P18.Lib.0102.DC4.SVN402.170721.lib(stm32f4xx_iwdg.o)
    0x0802a694   0x0000000c   Code   RO         3540    i.IWDG_SetPrescaler  P18.Lib.0102.DC4.SVN402.170721.lib(stm32f4xx_iwdg.o)
    0x0802a6a0   0x0000000c   Code   RO         3541    i.IWDG_SetReload    P18.Lib.0102.DC4.SVN402.170721.lib(stm32f4xx_iwdg.o)
    0x0802a6ac   0x0000000c   Code   RO         3542    i.IWDG_WriteAccessCmd  P18.Lib.0102.DC4.SVN402.170721.lib(stm32f4xx_iwdg.o)
    0x0802a6b8   0x0000003c   Code   RO         4754    i.IrDA_Configuration  P18.Lib.0102.DC4.SVN402.170721.lib(irda_port.o)
    0x0802a6f4   0x00000208   Code   RO          713    i.IrDA_Debug        irda_debug.o
    0x0802a8fc   0x00000018   Code   RO         2376    i.IrDA_Init         P18.Lib.0102.DC4.SVN402.170721.lib(irda.o)
    0x0802a914   0x00000088   Code   RO         2377    i.IrDA_ReadData     P18.Lib.0102.DC4.SVN402.170721.lib(irda.o)
    0x0802a99c   0x00000038   Code   RO         2378    i.IrDA_SendNBytes   P18.Lib.0102.DC4.SVN402.170721.lib(irda.o)
    0x0802a9d4   0x00000110   Code   RO          308    i.KEY_Debug         key_debug.o
    0x0802aae4   0x00000014   Code   RO         3261    i.Kernel_GetTExtFlashType  P18.Lib.0102.DC4.SVN402.170721.lib(kernel.o)
    0x0802aaf8   0x00000014   Code   RO         3262    i.Kernel_GetTExtRamType  P18.Lib.0102.DC4.SVN402.170721.lib(kernel.o)
    0x0802ab0c   0x00000068   Code   RO         4868    i.LCD_Clear_y       P18.Lib.0102.DC4.SVN402.170721.lib(lcd_port.o)
    0x0802ab74   0x0000007c   Code   RO         2538    i.LCD_Clrscr        P18.Lib.0102.DC4.SVN402.170721.lib(lcd.o)
    0x0802abf0   0x000000dc   Code   RO          333    i.LCD_Debug         lcd_debug.o
    0x0802accc   0x000002b8   Code   RO         2542    i.LCD_Display_Row   P18.Lib.0102.DC4.SVN402.170721.lib(lcd.o)
    0x0802af84   0x0000007c   Code   RO         2545    i.LCD_Eliminate     P18.Lib.0102.DC4.SVN402.170721.lib(lcd.o)
    0x0802b000   0x0000006c   Code   RO         4869    i.LCD_GPIO_Config   P18.Lib.0102.DC4.SVN402.170721.lib(lcd_port.o)
    0x0802b06c   0x00000028   Code   RO         4870    i.LCD_HardwareReset  P18.Lib.0102.DC4.SVN402.170721.lib(lcd_port.o)
    0x0802b094   0x000000d4   Code   RO         2547    i.LCD_Init          P18.Lib.0102.DC4.SVN402.170721.lib(lcd.o)
    0x0802b168   0x00000050   Code   RO         4871    i.LCD_SendByte      P18.Lib.0102.DC4.SVN402.170721.lib(lcd_port.o)
    0x0802b1b8   0x00000044   Code   RO         4873    i.LCD_W_Com         P18.Lib.0102.DC4.SVN402.170721.lib(lcd_port.o)
    0x0802b1fc   0x0000002c   Code   RO         4874    i.LCD_W_Data        P18.Lib.0102.DC4.SVN402.170721.lib(lcd_port.o)
    0x0802b228   0x00000010   Code   RO         4485    i.LEDSEG_ClkPinHigh  P18.Lib.0102.DC4.SVN402.170721.lib(ledseg_driver.o)
    0x0802b238   0x00000010   Code   RO         4486    i.LEDSEG_ClkPinLow  P18.Lib.0102.DC4.SVN402.170721.lib(ledseg_driver.o)
    0x0802b248   0x00000014   Code   RO         1566    i.LEDSEG_ClkSet     P18.Lib.0102.DC4.SVN402.170721.lib(led_seg.o)
    0x0802b25c   0x00000024   Code   RO         4488    i.LEDSEG_DataOutput  P18.Lib.0102.DC4.SVN402.170721.lib(ledseg_driver.o)
    0x0802b280   0x00000098   Code   RO         1567    i.LEDSEG_Display    P18.Lib.0102.DC4.SVN402.170721.lib(led_seg.o)
    0x0802b318   0x0000002e   Code   RO         1570    i.LEDSEG_I2CStart   P18.Lib.0102.DC4.SVN402.170721.lib(led_seg.o)
    0x0802b346   0x00000028   Code   RO         1571    i.LEDSEG_I2CStop    P18.Lib.0102.DC4.SVN402.170721.lib(led_seg.o)
    0x0802b36e   0x0000001e   Code   RO         1572    i.LEDSEG_Init       P18.Lib.0102.DC4.SVN402.170721.lib(led_seg.o)
    0x0802b38c   0x0000008c   Code   RO         1573    i.LEDSEG_ModeSelect  P18.Lib.0102.DC4.SVN402.170721.lib(led_seg.o)
    0x0802b418   0x00000050   Code   RO         4489    i.LEDSEG_PortInit   P18.Lib.0102.DC4.SVN402.170721.lib(ledseg_driver.o)
    0x0802b468   0x00000002   Code   RO         4490    i.LEDSEG_RowSelect  P18.Lib.0102.DC4.SVN402.170721.lib(ledseg_driver.o)
    0x0802b46a   0x00000002   PAD
    0x0802b46c   0x00000010   Code   RO         4491    i.LEDSEG_SdaPinHigh  P18.Lib.0102.DC4.SVN402.170721.lib(ledseg_driver.o)
    0x0802b47c   0x00000010   Code   RO         4492    i.LEDSEG_SdaPinLow  P18.Lib.0102.DC4.SVN402.170721.lib(ledseg_driver.o)
    0x0802b48c   0x00000014   Code   RO         1576    i.LEDSEG_SdaSet     P18.Lib.0102.DC4.SVN402.170721.lib(led_seg.o)
    0x0802b4a0   0x0000001a   Code   RO         1577    i.LEDSEG_Write      P18.Lib.0102.DC4.SVN402.170721.lib(led_seg.o)
    0x0802b4ba   0x0000006c   Code   RO         1578    i.LEDSEG_WriteByte  P18.Lib.0102.DC4.SVN402.170721.lib(led_seg.o)
    0x0802b526   0x00000002   PAD
    0x0802b528   0x00000218   Code   RO          376    i.LEDSeg_Debug      ledseg_debug.o
    0x0802b740   0x000001c0   Code   RO          350    i.LED_Debug         led_debug.o
    0x0802b900   0x00000354   Code   RO         1692    i.LED_Display       P18.Lib.0102.DC4.SVN402.170721.lib(led.o)
    0x0802bc54   0x00000084   Code   RO         1694    i.LED_Init          P18.Lib.0102.DC4.SVN402.170721.lib(led.o)
    0x0802bcd8   0x0000015c   Code   RO         1446    i.LED_Process       P18.Lib.0102.DC4.SVN402.170721.lib(ctrl0.o)
    0x0802be34   0x0000033c   Code   RO         1598    i.MXFLASH_CheckSectorLock  P18.Lib.0102.DC4.SVN402.170721.lib(mxflash.o)
    0x0802c170   0x000001c0   Code   RO         1599    i.MXFLASH_Config    P18.Lib.0102.DC4.SVN402.170721.lib(mxflash.o)
    0x0802c330   0x0000003c   Code   RO         1602    i.MXFLASH_Erase     P18.Lib.0102.DC4.SVN402.170721.lib(mxflash.o)
    0x0802c36c   0x00000044   Code   RO         1605    i.MXFLASH_EraseSector  P18.Lib.0102.DC4.SVN402.170721.lib(mxflash.o)
    0x0802c3b0   0x00000064   Code   RO         1606    i.MXFLASH_FReadNByte  P18.Lib.0102.DC4.SVN402.170721.lib(mxflash.o)
    0x0802c414   0x0000000c   Code   RO         1607    i.MXFLASH_GetSize   P18.Lib.0102.DC4.SVN402.170721.lib(mxflash.o)
    0x0802c420   0x00000012   Code   RO         1608    i.MXFLASH_Init      P18.Lib.0102.DC4.SVN402.170721.lib(mxflash.o)
    0x0802c432   0x00000002   PAD
    0x0802c434   0x00000178   Code   RO         1609    i.MXFLASH_PortInit  P18.Lib.0102.DC4.SVN402.170721.lib(mxflash.o)
    0x0802c5ac   0x0000005c   Code   RO         1610    i.MXFLASH_ProgramPage  P18.Lib.0102.DC4.SVN402.170721.lib(mxflash.o)
    0x0802c608   0x00000030   Code   RO         1611    i.MXFLASH_Read      P18.Lib.0102.DC4.SVN402.170721.lib(mxflash.o)
    0x0802c638   0x00000044   Code   RO         1612    i.MXFLASH_ReadID    P18.Lib.0102.DC4.SVN402.170721.lib(mxflash.o)
    0x0802c67c   0x00000034   Code   RO         1615    i.MXFLASH_ReadStatus  P18.Lib.0102.DC4.SVN402.170721.lib(mxflash.o)
    0x0802c6b0   0x000000a8   Code   RO         1618    i.MXFLASH_SPISendReceiveByte  P18.Lib.0102.DC4.SVN402.170721.lib(mxflash.o)
    0x0802c758   0x000000ac   Code   RO         1619    i.MXFLASH_Select    P18.Lib.0102.DC4.SVN402.170721.lib(mxflash.o)
    0x0802c804   0x00000024   Code   RO         1620    i.MXFLASH_WaitReady  P18.Lib.0102.DC4.SVN402.170721.lib(mxflash.o)
    0x0802c828   0x00000248   Code   RO         1621    i.MXFLASH_Write     P18.Lib.0102.DC4.SVN402.170721.lib(mxflash.o)
    0x0802ca70   0x0000002c   Code   RO         1623    i.MXFLASH_WriteEnable  P18.Lib.0102.DC4.SVN402.170721.lib(mxflash.o)
    0x0802ca9c   0x00000040   Code   RO         4539    i.Mafire_u8AuthenParse  P18.Lib.0102.DC4.SVN402.170721.lib(pcsc.o)
    0x0802cadc   0x00000074   Code   RO         5456    i.Mafire_u8Authentication  P18.Lib.0102.DC4.SVN402.170721.lib(mifare.o)
    0x0802cb50   0x0000007c   Code   RO         4540    i.Mafire_u8GeneralAuthenticateCommand  P18.Lib.0102.DC4.SVN402.170721.lib(pcsc.o)
    0x0802cbcc   0x0000001e   Code   RO         4541    i.Mafire_u8GetAuthenBlock  P18.Lib.0102.DC4.SVN402.170721.lib(pcsc.o)
    0x0802cbea   0x00000002   PAD
    0x0802cbec   0x000000e4   Code   RO         4542    i.Mafire_u8GetDataCommand  P18.Lib.0102.DC4.SVN402.170721.lib(pcsc.o)
    0x0802ccd0   0x00000042   Code   RO         5457    i.Mafire_u8InitValueBlock  P18.Lib.0102.DC4.SVN402.170721.lib(mifare.o)
    0x0802cd12   0x00000002   PAD
    0x0802cd14   0x00000078   Code   RO         4543    i.Mafire_u8LoadKeysCommand  P18.Lib.0102.DC4.SVN402.170721.lib(pcsc.o)
    0x0802cd8c   0x00000056   Code   RO         5458    i.Mafire_u8Read     P18.Lib.0102.DC4.SVN402.170721.lib(mifare.o)
    0x0802cde2   0x00000002   PAD
    0x0802cde4   0x000000d4   Code   RO         4544    i.Mafire_u8ReadBinaryCommand  P18.Lib.0102.DC4.SVN402.170721.lib(pcsc.o)
    0x0802ceb8   0x00000070   Code   RO         4545    i.Mafire_u8ReadValueCommand  P18.Lib.0102.DC4.SVN402.170721.lib(pcsc.o)
    0x0802cf28   0x0000008c   Code   RO         4546    i.Mafire_u8UpdateBinaryCommand  P18.Lib.0102.DC4.SVN402.170721.lib(pcsc.o)
    0x0802cfb4   0x000000bc   Code   RO         4547    i.Mafire_u8UpdateValueCommand  P18.Lib.0102.DC4.SVN402.170721.lib(pcsc.o)
    0x0802d070   0x000000ee   Code   RO         4548    i.Mafire_u8ValueIncDecCommand  P18.Lib.0102.DC4.SVN402.170721.lib(pcsc.o)
    0x0802d15e   0x000000ca   Code   RO         5459    i.Mafire_u8ValueOperation  P18.Lib.0102.DC4.SVN402.170721.lib(mifare.o)
    0x0802d228   0x000000e2   Code   RO         5460    i.Mafire_u8Write    P18.Lib.0102.DC4.SVN402.170721.lib(mifare.o)
    0x0802d30a   0x00000002   PAD
    0x0802d30c   0x0000000c   Code   RO         4550    i.Mafire_vResetAuthenParam  P18.Lib.0102.DC4.SVN402.170721.lib(pcsc.o)
    0x0802d318   0x00000048   Code   RO         1447    i.MemManage_Handler  P18.Lib.0102.DC4.SVN402.170721.lib(ctrl0.o)
    0x0802d360   0x00000a20   Code   RO          530    i.Mifare1_Debug     catactlesscard_debug.o
    0x0802dd80   0x00000264   Code   RO          269    i.MxFlash_Debug     flash_debug.o
    0x0802dfe4   0x00000044   Code   RO         1448    i.NMI_Handler       P18.Lib.0102.DC4.SVN402.170721.lib(ctrl0.o)
    0x0802e028   0x0000004c   Code   RO         4577    i.NTAG_u8GetVersion  P18.Lib.0102.DC4.SVN402.170721.lib(ntag21x.o)
    0x0802e074   0x0000001e   Code   RO         4578    i.NTAG_u8IsNtag     P18.Lib.0102.DC4.SVN402.170721.lib(ntag21x.o)
    0x0802e092   0x00000002   PAD
    0x0802e094   0x00000078   Code   RO         3335    i.NVIC_Init         P18.Lib.0102.DC4.SVN402.170721.lib(misc.o)
    0x0802e10c   0x00000028   Code   RO         1449    i.NVIC_Patch        P18.Lib.0102.DC4.SVN402.170721.lib(ctrl0.o)
    0x0802e134   0x00000014   Code   RO         3336    i.NVIC_PriorityGroupConfig  P18.Lib.0102.DC4.SVN402.170721.lib(misc.o)
    0x0802e148   0x0000002c   Code   RO         1450    i.NVIC_SetPriority  P18.Lib.0102.DC4.SVN402.170721.lib(ctrl0.o)
    0x0802e174   0x00000028   Code   RO         3210    i.NVIC_SetPriority  P18.Lib.0102.DC4.SVN402.170721.lib(systick.o)
    0x0802e19c   0x00000014   Code   RO         3337    i.NVIC_SetVectorTable  P18.Lib.0102.DC4.SVN402.170721.lib(misc.o)
    0x0802e1b0   0x00000014   Code   RO         1451    i.OTG_FS_IRQHandler  P18.Lib.0102.DC4.SVN402.170721.lib(ctrl0.o)
    0x0802e1c4   0x00000030   Code   RO         4551    i.PCSC_u8GeneralCommand  P18.Lib.0102.DC4.SVN402.170721.lib(pcsc.o)
    0x0802e1f4   0x00000110   Code   RO         4552    i.PCSC_u8MafireCmd  P18.Lib.0102.DC4.SVN402.170721.lib(pcsc.o)
    0x0802e304   0x00000042   Code   RO         4553    i.PCSC_u8TagAnalyse  P18.Lib.0102.DC4.SVN402.170721.lib(pcsc.o)
    0x0802e346   0x00000002   PAD
    0x0802e348   0x00000084   Code   RO         4554    i.PCSC_u8ValueIncDecCommand  P18.Lib.0102.DC4.SVN402.170721.lib(pcsc.o)
    0x0802e3cc   0x00000068   Code   RO         4502    i.PICC_RC523InterfaceInit  P18.Lib.0102.DC4.SVN402.170721.lib(rc523.o)
    0x0802e434   0x00000028   Code   RO         1884    i.PICC_u16GetRevBits  P18.Lib.0102.DC4.SVN402.170721.lib(iso14443.o)
    0x0802e45c   0x0000005c   Code   RO         1886    i.PICC_u8AbsentPolling  P18.Lib.0102.DC4.SVN402.170721.lib(iso14443.o)
    0x0802e4b8   0x000000a4   Code   RO         1887    i.PICC_u8ActiveTransferErrCheckWait  P18.Lib.0102.DC4.SVN402.170721.lib(iso14443.o)
    0x0802e55c   0x000001e0   Code   RO         1888    i.PICC_u8ChinaIDTranscive  P18.Lib.0102.DC4.SVN402.170721.lib(iso14443.o)
    0x0802e73c   0x00000006   Code   RO         4503    i.PICC_u8GetFIFOLevel  P18.Lib.0102.DC4.SVN402.170721.lib(rc523.o)
    0x0802e742   0x00000002   PAD
    0x0802e744   0x0000000c   Code   RO         1894    i.PICC_u8GetPiccSAK  P18.Lib.0102.DC4.SVN402.170721.lib(iso14443.o)
    0x0802e750   0x0000002c   Code   RO         1896    i.PICC_u8GetPiccType  P18.Lib.0102.DC4.SVN402.170721.lib(iso14443.o)
    0x0802e77c   0x00000050   Code   RO         1897    i.PICC_u8GetPiccUid  P18.Lib.0102.DC4.SVN402.170721.lib(iso14443.o)
    0x0802e7cc   0x00000020   Code   RO         4597    i.PICC_u8GetTypeCNFCID  P18.Lib.0102.DC4.SVN402.170721.lib(felica.o)
    0x0802e7ec   0x000000ac   Code   RO         1898    i.PICC_u8MifareSelect  P18.Lib.0102.DC4.SVN402.170721.lib(iso14443.o)
    0x0802e898   0x00000058   Code   RO         1899    i.PICC_u8ParseRate  P18.Lib.0102.DC4.SVN402.170721.lib(iso14443.o)
    0x0802e8f0   0x00000164   Code   RO         1900    i.PICC_u8PcdAPUDTcl  P18.Lib.0102.DC4.SVN402.170721.lib(iso14443.o)
    0x0802ea54   0x00000014   Code   RO         1901    i.PICC_u8PcdBlockNumCheck  P18.Lib.0102.DC4.SVN402.170721.lib(iso14443.o)
    0x0802ea68   0x00000034   Code   RO         1902    i.PICC_u8PcdChinaIDAPUDTcl  P18.Lib.0102.DC4.SVN402.170721.lib(iso14443.o)
    0x0802ea9c   0x000000f8   Code   RO         1903    i.PICC_u8PcdCmd     P18.Lib.0102.DC4.SVN402.170721.lib(iso14443.o)
    0x0802eb94   0x00000020   Code   RO         1907    i.PICC_u8PcdInit    P18.Lib.0102.DC4.SVN402.170721.lib(iso14443.o)
    0x0802ebb4   0x00000068   Code   RO         1908    i.PICC_u8PcdRBlockTransceive  P18.Lib.0102.DC4.SVN402.170721.lib(iso14443.o)
    0x0802ec1c   0x00000036   Code   RO         1909    i.PICC_u8PcdSBlockParamParse  P18.Lib.0102.DC4.SVN402.170721.lib(iso14443.o)
    0x0802ec52   0x00000002   PAD
    0x0802ec54   0x00000068   Code   RO         1910    i.PICC_u8PcdSBlockTransceive  P18.Lib.0102.DC4.SVN402.170721.lib(iso14443.o)
    0x0802ecbc   0x00000110   Code   RO         1911    i.PICC_u8PcdTclErrCheckParse  P18.Lib.0102.DC4.SVN402.170721.lib(iso14443.o)
    0x0802edcc   0x00000258   Code   RO         1912    i.PICC_u8PcdTclTransceive  P18.Lib.0102.DC4.SVN402.170721.lib(iso14443.o)
    0x0802f024   0x00000070   Code   RO         1913    i.PICC_u8Pcd_I_BlockTransceive  P18.Lib.0102.DC4.SVN402.170721.lib(iso14443.o)
    0x0802f094   0x00000024   Code   RO         1914    i.PICC_u8PiccAbsentPolling  P18.Lib.0102.DC4.SVN402.170721.lib(iso14443.o)
    0x0802f0b8   0x000000bc   Code   RO         1916    i.PICC_u8PolligTypeB  P18.Lib.0102.DC4.SVN402.170721.lib(iso14443.o)
    0x0802f174   0x00000018   Code   RO         4598    i.PICC_u8PolligTypeC  P18.Lib.0102.DC4.SVN402.170721.lib(felica.o)
    0x0802f18c   0x0000008c   Code   RO         1917    i.PICC_u8PollingTypeA  P18.Lib.0102.DC4.SVN402.170721.lib(iso14443.o)
    0x0802f218   0x00000124   Code   RO         1918    i.PICC_u8PowerON    P18.Lib.0102.DC4.SVN402.170721.lib(iso14443.o)
    0x0802f33c   0x00000024   Code   RO         4504    i.PICC_u8RC523ReadReg  P18.Lib.0102.DC4.SVN402.170721.lib(rc523.o)
    0x0802f360   0x0000011c   Code   RO         4599    i.PICC_u8REQC       P18.Lib.0102.DC4.SVN402.170721.lib(felica.o)
    0x0802f47c   0x00000006   Code   RO         4506    i.PICC_u8ReadFIFO   P18.Lib.0102.DC4.SVN402.170721.lib(rc523.o)
    0x0802f482   0x00000002   PAD
    0x0802f484   0x000000e4   Code   RO         1921    i.PICC_u8TypeAAnticoll  P18.Lib.0102.DC4.SVN402.170721.lib(iso14443.o)
    0x0802f568   0x000001a4   Code   RO         1922    i.PICC_u8TypeAAnticollReq  P18.Lib.0102.DC4.SVN402.170721.lib(iso14443.o)
    0x0802f70c   0x000000a0   Code   RO         1924    i.PICC_u8TypeAPPSReq  P18.Lib.0102.DC4.SVN402.170721.lib(iso14443.o)
    0x0802f7ac   0x00000164   Code   RO         1925    i.PICC_u8TypeARatsReq  P18.Lib.0102.DC4.SVN402.170721.lib(iso14443.o)
    0x0802f910   0x0000011c   Code   RO         1926    i.PICC_u8TypeARequest  P18.Lib.0102.DC4.SVN402.170721.lib(iso14443.o)
    0x0802fa2c   0x000000d4   Code   RO         1927    i.PICC_u8TypeASeleclt  P18.Lib.0102.DC4.SVN402.170721.lib(iso14443.o)
    0x0802fb00   0x00000054   Code   RO         1928    i.PICC_u8TypeBATQBParamParse  P18.Lib.0102.DC4.SVN402.170721.lib(iso14443.o)
    0x0802fb54   0x0000013c   Code   RO         1929    i.PICC_u8TypeBAttrib  P18.Lib.0102.DC4.SVN402.170721.lib(iso14443.o)
    0x0802fc90   0x00000110   Code   RO         1931    i.PICC_u8TypeBRequest  P18.Lib.0102.DC4.SVN402.170721.lib(iso14443.o)
    0x0802fda0   0x00000090   Code   RO         1932    i.PICC_u8TypeBSlotMarker  P18.Lib.0102.DC4.SVN402.170721.lib(iso14443.o)
    0x0802fe30   0x00000040   Code   RO         4601    i.PICC_u8TypeCExchange  P18.Lib.0102.DC4.SVN402.170721.lib(felica.o)
    0x0802fe70   0x00000046   Code   RO         1933    i.PICC_vCRCCtrl     P18.Lib.0102.DC4.SVN402.170721.lib(iso14443.o)
    0x0802feb6   0x00000002   PAD
    0x0802feb8   0x00000024   Code   RO         1934    i.PICC_vFieldOff    P18.Lib.0102.DC4.SVN402.170721.lib(iso14443.o)
    0x0802fedc   0x00000032   Code   RO         1935    i.PICC_vFieldReset  P18.Lib.0102.DC4.SVN402.170721.lib(iso14443.o)
    0x0802ff0e   0x00000002   PAD
    0x0802ff10   0x00000014   Code   RO         1937    i.PICC_vPcdBlockNumInvert  P18.Lib.0102.DC4.SVN402.170721.lib(iso14443.o)
    0x0802ff24   0x00000018   Code   RO         4508    i.PICC_vPcdDelayMs  P18.Lib.0102.DC4.SVN402.170721.lib(rc523.o)
    0x0802ff3c   0x0000007c   Code   RO         4509    i.PICC_vPcdDelayN100us  P18.Lib.0102.DC4.SVN402.170721.lib(rc523.o)
    0x0802ffb8   0x00000014   Code   RO         4510    i.PICC_vPcdDelayUs  P18.Lib.0102.DC4.SVN402.170721.lib(rc523.o)
    0x0802ffcc   0x0000002c   Code   RO         1938    i.PICC_vPcdParamInit  P18.Lib.0102.DC4.SVN402.170721.lib(iso14443.o)
    0x0802fff8   0x00000082   Code   RO         1939    i.PICC_vPcdSFGTTimeDelay  P18.Lib.0102.DC4.SVN402.170721.lib(iso14443.o)
    0x0803007a   0x00000002   PAD
    0x0803007c   0x0000010c   Code   RO         1942    i.PICC_vPcdSetFWT   P18.Lib.0102.DC4.SVN402.170721.lib(iso14443.o)
    0x08030188   0x00000038   Code   RO         1944    i.PICC_vPcdSetTimeout  P18.Lib.0102.DC4.SVN402.170721.lib(iso14443.o)
    0x080301c0   0x00000022   Code   RO         4511    i.PICC_vRC523WriteReg  P18.Lib.0102.DC4.SVN402.170721.lib(rc523.o)
    0x080301e2   0x00000002   PAD
    0x080301e4   0x00000054   Code   RO         1949    i.PICC_vResetPiccParam  P18.Lib.0102.DC4.SVN402.170721.lib(iso14443.o)
    0x08030238   0x00000008   Code   RO         4513    i.PICC_vWriteFIFO   P18.Lib.0102.DC4.SVN402.170721.lib(rc523.o)
    0x08030240   0x0000001e   Code   RO         4167    i.POWER_GetChargingState  P18.Lib.0102.DC4.SVN402.170721.lib(power.o)
    0x0803025e   0x00000002   PAD
    0x08030260   0x00000038   Code   RO         4168    i.POWER_GetIntStatus  P18.Lib.0102.DC4.SVN402.170721.lib(power.o)
    0x08030298   0x0000003c   Code   RO         4173    i.POWER_I2CNoAck    P18.Lib.0102.DC4.SVN402.170721.lib(power.o)
    0x080302d4   0x00000140   Code   RO         4174    i.POWER_I2CReadOneByte  P18.Lib.0102.DC4.SVN402.170721.lib(power.o)
    0x08030414   0x00000034   Code   RO         4175    i.POWER_I2CReadPage  P18.Lib.0102.DC4.SVN402.170721.lib(power.o)
    0x08030448   0x00000048   Code   RO         4176    i.POWER_I2CReceiveByte  P18.Lib.0102.DC4.SVN402.170721.lib(power.o)
    0x08030490   0x00000058   Code   RO         4177    i.POWER_I2CSendByte  P18.Lib.0102.DC4.SVN402.170721.lib(power.o)
    0x080304e8   0x00000060   Code   RO         4178    i.POWER_I2CStart    P18.Lib.0102.DC4.SVN402.170721.lib(power.o)
    0x08030548   0x0000003c   Code   RO         4179    i.POWER_I2CStop     P18.Lib.0102.DC4.SVN402.170721.lib(power.o)
    0x08030584   0x00000044   Code   RO         4180    i.POWER_I2CWaitAck  P18.Lib.0102.DC4.SVN402.170721.lib(power.o)
    0x080305c8   0x0000000c   Code   RO         3551    i.PWR_BackupAccessCmd  P18.Lib.0102.DC4.SVN402.170721.lib(stm32f4xx_pwr.o)
    0x080305d4   0x00000044   Code   RO         1452    i.PendSV_Handler    P18.Lib.0102.DC4.SVN402.170721.lib(ctrl0.o)
    0x08030618   0x0000001c   Code   RO         1704    i.QR_COM_SelectTTS  P18.Lib.0102.DC4.SVN402.170721.lib(qr_collection.o)
    0x08030634   0x00000168   Code   RO          675    i.QR_Debug          qr_debug.o
    0x0803079c   0x00000048   Code   RO         1705    i.QR_IO_Init        P18.Lib.0102.DC4.SVN402.170721.lib(qr_collection.o)
    0x080307e4   0x00000018   Code   RO         1706    i.QR_Init           P18.Lib.0102.DC4.SVN402.170721.lib(qr_collection.o)
    0x080307fc   0x00000198   Code   RO          676    i.QR_Scanning       qr_debug.o
    0x08030994   0x000000b4   Code   RO         1709    i.QR_collection     P18.Lib.0102.DC4.SVN402.170721.lib(qr_collection.o)
    0x08030a48   0x00000030   Code   RO         4514    i.RC523_u8ConfigTypeA  P18.Lib.0102.DC4.SVN402.170721.lib(rc523.o)
    0x08030a78   0x00000044   Code   RO         4515    i.RC523_u8ConfigTypeABitRate  P18.Lib.0102.DC4.SVN402.170721.lib(rc523.o)
    0x08030abc   0x00000028   Code   RO         4516    i.RC523_u8ConfigTypeB  P18.Lib.0102.DC4.SVN402.170721.lib(rc523.o)
    0x08030ae4   0x00000044   Code   RO         4517    i.RC523_u8ConfigTypeBBitRate  P18.Lib.0102.DC4.SVN402.170721.lib(rc523.o)
    0x08030b28   0x00000020   Code   RO         3577    i.RCC_AHB1PeriphClockCmd  P18.Lib.0102.DC4.SVN402.170721.lib(stm32f4xx_rcc.o)
    0x08030b48   0x00000020   Code   RO         3583    i.RCC_AHB3PeriphClockCmd  P18.Lib.0102.DC4.SVN402.170721.lib(stm32f4xx_rcc.o)
    0x08030b68   0x00000020   Code   RO         3586    i.RCC_APB1PeriphClockCmd  P18.Lib.0102.DC4.SVN402.170721.lib(stm32f4xx_rcc.o)
    0x08030b88   0x00000020   Code   RO         3588    i.RCC_APB1PeriphResetCmd  P18.Lib.0102.DC4.SVN402.170721.lib(stm32f4xx_rcc.o)
    0x08030ba8   0x00000020   Code   RO         3589    i.RCC_APB2PeriphClockCmd  P18.Lib.0102.DC4.SVN402.170721.lib(stm32f4xx_rcc.o)
    0x08030bc8   0x00000020   Code   RO         3591    i.RCC_APB2PeriphResetCmd  P18.Lib.0102.DC4.SVN402.170721.lib(stm32f4xx_rcc.o)
    0x08030be8   0x000000e8   Code   RO         3598    i.RCC_GetClocksFreq  P18.Lib.0102.DC4.SVN402.170721.lib(stm32f4xx_rcc.o)
    0x08030cd0   0x00000040   Code   RO         3599    i.RCC_GetFlagStatus  P18.Lib.0102.DC4.SVN402.170721.lib(stm32f4xx_rcc.o)
    0x08030d10   0x00000044   Code   RO         1453    i.RCC_IRQHandler    P18.Lib.0102.DC4.SVN402.170721.lib(ctrl0.o)
    0x08030d54   0x0000002c   Code   RO         3607    i.RCC_LSEConfig     P18.Lib.0102.DC4.SVN402.170721.lib(stm32f4xx_rcc.o)
    0x08030d80   0x0000000c   Code   RO         3617    i.RCC_RTCCLKCmd     P18.Lib.0102.DC4.SVN402.170721.lib(stm32f4xx_rcc.o)
    0x08030d8c   0x0000003c   Code   RO         3618    i.RCC_RTCCLKConfig  P18.Lib.0102.DC4.SVN402.170721.lib(stm32f4xx_rcc.o)
    0x08030dc8   0x000001e0   Code   RO         1370    i.RTC_AlarmClock    P18.Lib.0102.DC4.SVN402.170721.lib(rtc.o)
    0x08030fa8   0x00000074   Code   RO         3668    i.RTC_AlarmCmd      P18.Lib.0102.DC4.SVN402.170721.lib(stm32f4xx_rtc.o)
    0x0803101c   0x00000034   Code   RO         1454    i.RTC_Alarm_IRQHandler  P18.Lib.0102.DC4.SVN402.170721.lib(ctrl0.o)
    0x08031050   0x00000016   Code   RO         3671    i.RTC_Bcd2ToByte    P18.Lib.0102.DC4.SVN402.170721.lib(stm32f4xx_rtc.o)
    0x08031066   0x0000001c   Code   RO         3673    i.RTC_ByteToBcd2    P18.Lib.0102.DC4.SVN402.170721.lib(stm32f4xx_rtc.o)
    0x08031082   0x00000002   PAD
    0x08031084   0x0000001c   Code   RO         3676    i.RTC_ClearFlag     P18.Lib.0102.DC4.SVN402.170721.lib(stm32f4xx_rtc.o)
    0x080310a0   0x00000020   Code   RO         3677    i.RTC_ClearITPendingBit  P18.Lib.0102.DC4.SVN402.170721.lib(stm32f4xx_rtc.o)
    0x080310c0   0x00000150   Code   RO          389    i.RTC_DateModify    rtc_debug.o
    0x08031210   0x00000180   Code   RO          390    i.RTC_Debug         rtc_debug.o
    0x08031390   0x00000230   Code   RO          391    i.RTC_Display       rtc_debug.o
    0x080315c0   0x00000050   Code   RO         3683    i.RTC_EnterInitMode  P18.Lib.0102.DC4.SVN402.170721.lib(stm32f4xx_rtc.o)
    0x08031610   0x00000014   Code   RO         3684    i.RTC_ExitInitMode  P18.Lib.0102.DC4.SVN402.170721.lib(stm32f4xx_rtc.o)
    0x08031624   0x00000220   Code   RO         1373    i.RTC_GetCounter    P18.Lib.0102.DC4.SVN402.170721.lib(rtc.o)
    0x08031844   0x0000004c   Code   RO         3687    i.RTC_GetDate       P18.Lib.0102.DC4.SVN402.170721.lib(stm32f4xx_rtc.o)
    0x08031890   0x00000024   Code   RO         3688    i.RTC_GetFlagStatus  P18.Lib.0102.DC4.SVN402.170721.lib(stm32f4xx_rtc.o)
    0x080318b4   0x0000003c   Code   RO         1375    i.RTC_GetSysDateTime  P18.Lib.0102.DC4.SVN402.170721.lib(rtc.o)
    0x080318f0   0x00000050   Code   RO         3692    i.RTC_GetTime       P18.Lib.0102.DC4.SVN402.170721.lib(stm32f4xx_rtc.o)
    0x08031940   0x00000064   Code   RO         3696    i.RTC_ITConfig      P18.Lib.0102.DC4.SVN402.170721.lib(stm32f4xx_rtc.o)
    0x080319a4   0x00000064   Code   RO         3697    i.RTC_Init          P18.Lib.0102.DC4.SVN402.170721.lib(stm32f4xx_rtc.o)
    0x08031a08   0x00000020   Code   RO         3700    i.RTC_ReadBackupRegister  P18.Lib.0102.DC4.SVN402.170721.lib(stm32f4xx_rtc.o)
    0x08031a28   0x000000ec   Code   RO         3702    i.RTC_SetAlarm      P18.Lib.0102.DC4.SVN402.170721.lib(stm32f4xx_rtc.o)
    0x08031b14   0x000000b8   Code   RO         3703    i.RTC_SetDate       P18.Lib.0102.DC4.SVN402.170721.lib(stm32f4xx_rtc.o)
    0x08031bcc   0x00000170   Code   RO         1377    i.RTC_SetSysDateTime  P18.Lib.0102.DC4.SVN402.170721.lib(rtc.o)
    0x08031d3c   0x000000c0   Code   RO         3704    i.RTC_SetTime       P18.Lib.0102.DC4.SVN402.170721.lib(stm32f4xx_rtc.o)
    0x08031dfc   0x0000001c   Code   RO         3705    i.RTC_SetWakeUpCounter  P18.Lib.0102.DC4.SVN402.170721.lib(stm32f4xx_rtc.o)
    0x08031e18   0x00000024   Code   RO         1378    i.RTC_Set_Date      P18.Lib.0102.DC4.SVN402.170721.lib(rtc.o)
    0x08031e3c   0x00000024   Code   RO         1379    i.RTC_Set_Time      P18.Lib.0102.DC4.SVN402.170721.lib(rtc.o)
    0x08031e60   0x00000072   Code   RO         1380    i.RTC_Set_WakeUp    P18.Lib.0102.DC4.SVN402.170721.lib(rtc.o)
    0x08031ed2   0x0000002e   Code   RO         1381    i.RTC_SoftDateTimeInit  P18.Lib.0102.DC4.SVN402.170721.lib(rtc.o)
    0x08031f00   0x00000144   Code   RO          392    i.RTC_TimeModify    rtc_debug.o
    0x08032044   0x00000060   Code   RO         1382    i.RTC_USER_GetTime  P18.Lib.0102.DC4.SVN402.170721.lib(rtc.o)
    0x080320a4   0x000000a8   Code   RO         1383    i.RTC_USER_Init     P18.Lib.0102.DC4.SVN402.170721.lib(rtc.o)
    0x0803214c   0x00000048   Code   RO         1456    i.RTC_WKUP_IRQHandler  P18.Lib.0102.DC4.SVN402.170721.lib(ctrl0.o)
    0x08032194   0x00000060   Code   RO         3720    i.RTC_WaitForSynchro  P18.Lib.0102.DC4.SVN402.170721.lib(stm32f4xx_rtc.o)
    0x080321f4   0x00000030   Code   RO         3721    i.RTC_WakeUpClockConfig  P18.Lib.0102.DC4.SVN402.170721.lib(stm32f4xx_rtc.o)
    0x08032224   0x00000078   Code   RO         3722    i.RTC_WakeUpCmd     P18.Lib.0102.DC4.SVN402.170721.lib(stm32f4xx_rtc.o)
    0x0803229c   0x0000001c   Code   RO         3723    i.RTC_WriteBackupRegister  P18.Lib.0102.DC4.SVN402.170721.lib(stm32f4xx_rtc.o)
    0x080322b8   0x00000620   Code   RO          243    i.SAM_Menu          contact_debug.o
    0x080328d8   0x00000058   Code   RO         5271    i.SPIST7565r_WriteReg  P18.Lib.0102.DC4.SVN402.170721.lib(spist7565r.o)
    0x08032930   0x00000018   Code   RO         3790    i.SPI_Cmd           P18.Lib.0102.DC4.SVN402.170721.lib(stm32f4xx_spi.o)
    0x08032948   0x00000012   Code   RO         3798    i.SPI_I2S_GetFlagStatus  P18.Lib.0102.DC4.SVN402.170721.lib(stm32f4xx_spi.o)
    0x0803295a   0x00000006   Code   RO         3801    i.SPI_I2S_ReceiveData  P18.Lib.0102.DC4.SVN402.170721.lib(stm32f4xx_spi.o)
    0x08032960   0x00000004   Code   RO         3802    i.SPI_I2S_SendData  P18.Lib.0102.DC4.SVN402.170721.lib(stm32f4xx_spi.o)
    0x08032964   0x0000003c   Code   RO         3803    i.SPI_Init          P18.Lib.0102.DC4.SVN402.170721.lib(stm32f4xx_spi.o)
    0x080329a0   0x00000044   Code   RO         1457    i.SVC_Handler       P18.Lib.0102.DC4.SVN402.170721.lib(ctrl0.o)
    0x080329e4   0x00000040   Code   RO         3839    i.SYSCFG_EXTILineConfig  P18.Lib.0102.DC4.SVN402.170721.lib(stm32f4xx_syscfg.o)
    0x08032a24   0x000000a0   Code   RO         1279    i.SYSTEM_GetFlashSector  P18.Lib.0102.DC4.SVN402.170721.lib(system.o)
    0x08032ac4   0x0000000c   Code   RO         1281    i.SYSTEM_I2CDelay   P18.Lib.0102.DC4.SVN402.170721.lib(system.o)
    0x08032ad0   0x00000040   Code   RO         1282    i.SYSTEM_I2CNoAck   P18.Lib.0102.DC4.SVN402.170721.lib(system.o)
    0x08032b10   0x00000048   Code   RO         1283    i.SYSTEM_I2CPortInit  P18.Lib.0102.DC4.SVN402.170721.lib(system.o)
    0x08032b58   0x00000008   Code   RO         1284    i.SYSTEM_I2CPortInitExt  P18.Lib.0102.DC4.SVN402.170721.lib(system.o)
    0x08032b60   0x0000001c   Code   RO         1285    i.SYSTEM_I2CRead24C  P18.Lib.0102.DC4.SVN402.170721.lib(system.o)
    0x08032b7c   0x0000002e   Code   RO         1286    i.SYSTEM_I2CRead24CExt  P18.Lib.0102.DC4.SVN402.170721.lib(system.o)
    0x08032baa   0x00000140   Code   RO         1287    i.SYSTEM_I2CReadOneByte  P18.Lib.0102.DC4.SVN402.170721.lib(system.o)
    0x08032cea   0x00000002   PAD
    0x08032cec   0x00000048   Code   RO         1289    i.SYSTEM_I2CReceiveByte  P18.Lib.0102.DC4.SVN402.170721.lib(system.o)
    0x08032d34   0x0000005c   Code   RO         1290    i.SYSTEM_I2CSendByte  P18.Lib.0102.DC4.SVN402.170721.lib(system.o)
    0x08032d90   0x00000060   Code   RO         1291    i.SYSTEM_I2CStart   P18.Lib.0102.DC4.SVN402.170721.lib(system.o)
    0x08032df0   0x00000040   Code   RO         1292    i.SYSTEM_I2CStop    P18.Lib.0102.DC4.SVN402.170721.lib(system.o)
    0x08032e30   0x00000044   Code   RO         1293    i.SYSTEM_I2CWaitAck  P18.Lib.0102.DC4.SVN402.170721.lib(system.o)
    0x08032e74   0x00000014   Code   RO         1294    i.SYSTEM_I2CWrite24C  P18.Lib.0102.DC4.SVN402.170721.lib(system.o)
    0x08032e88   0x00000044   Code   RO         1295    i.SYSTEM_I2CWrite24CExt  P18.Lib.0102.DC4.SVN402.170721.lib(system.o)
    0x08032ecc   0x0000010c   Code   RO         1296    i.SYSTEM_I2CWriteOneByte  P18.Lib.0102.DC4.SVN402.170721.lib(system.o)
    0x08032fd8   0x000000c4   Code   RO         1298    i.SYSTEM_SPIInit    P18.Lib.0102.DC4.SVN402.170721.lib(system.o)
    0x0803309c   0x00000038   Code   RO         1299    i.SYSTEM_SPISendReceiveByte  P18.Lib.0102.DC4.SVN402.170721.lib(system.o)
    0x080330d4   0x00000028   Code   RO         1300    i.SYSTEM_SectorRead  P18.Lib.0102.DC4.SVN402.170721.lib(system.o)
    0x080330fc   0x000000b8   Code   RO         1301    i.SYSTEM_SectorWrite  P18.Lib.0102.DC4.SVN402.170721.lib(system.o)
    0x080331b4   0x00000034   Code   RO         1302    i.SYSTEM_UserRead   P18.Lib.0102.DC4.SVN402.170721.lib(system.o)
    0x080331e8   0x0000005c   Code   RO         1303    i.SYSTEM_UserWrite  P18.Lib.0102.DC4.SVN402.170721.lib(system.o)
    0x08033244   0x00000008   Code   RO         1304    i.SYSTEM_WatchDogClear  P18.Lib.0102.DC4.SVN402.170721.lib(system.o)
    0x0803324c   0x000000a6   Code   RO         1305    i.SYSTEM_WatchDogInit  P18.Lib.0102.DC4.SVN402.170721.lib(system.o)
    0x080332f2   0x00000002   PAD
    0x080332f4   0x000000a8   Code   RO         3212    i.SYSTICK_Init      P18.Lib.0102.DC4.SVN402.170721.lib(systick.o)
    0x0803339c   0x00000018   Code   RO         1004    i.SYS_Beep          P18.Lib.0102.DC4.SVN402.170721.lib(appif.o)
    0x080333b4   0x00000022   Code   RO         1005    i.SYS_BeepCtrl      P18.Lib.0102.DC4.SVN402.170721.lib(appif.o)
    0x080333d6   0x00000008   Code   RO         1007    i.SYS_CLS           P18.Lib.0102.DC4.SVN402.170721.lib(appif.o)
    0x080333de   0x00000002   PAD
    0x080333e0   0x00000048   Code   RO         1010    i.SYS_CheckKeyBoard  P18.Lib.0102.DC4.SVN402.170721.lib(appif.o)
    0x08033428   0x00000002   Code   RO         1014    i.SYS_ClearKeyFIFO  P18.Lib.0102.DC4.SVN402.170721.lib(appif.o)
    0x0803342a   0x00000002   PAD
    0x0803342c   0x00000020   Code   RO         1306    i.SYS_ComSendByte   P18.Lib.0102.DC4.SVN402.170721.lib(system.o)
    0x0803344c   0x0000001c   Code   RO         1019    i.SYS_DisplayCE     P18.Lib.0102.DC4.SVN402.170721.lib(appif.o)
    0x08033468   0x0000000c   Code   RO         1020    i.SYS_DisplayContact  P18.Lib.0102.DC4.SVN402.170721.lib(appif.o)
    0x08033474   0x0000001c   Code   RO         1027    i.SYS_EditCPUAndLCDPreState  P18.Lib.0102.DC4.SVN402.170721.lib(appif.o)
    0x08033490   0x00000030   Code   RO         1041    i.SYS_GetFiledMask  P18.Lib.0102.DC4.SVN402.170721.lib(appif.o)
    0x080334c0   0x00000024   Code   RO         1045    i.SYS_GetKeyBoardPara  P18.Lib.0102.DC4.SVN402.170721.lib(appif.o)
    0x080334e4   0x00000024   Code   RO         1046    i.SYS_GetLCDPara    P18.Lib.0102.DC4.SVN402.170721.lib(appif.o)
    0x08033508   0x00000098   Code   RO         1049    i.SYS_GetSYSPWRPara  P18.Lib.0102.DC4.SVN402.170721.lib(appif.o)
    0x080335a0   0x0000000c   Code   RO         1057    i.SYS_GetSysDateTime  P18.Lib.0102.DC4.SVN402.170721.lib(appif.o)
    0x080335ac   0x0000000c   Code   RO         1059    i.SYS_GetTickCount  P18.Lib.0102.DC4.SVN402.170721.lib(appif.o)
    0x080335b8   0x000000f4   Code   RO         1062    i.SYS_Init          P18.Lib.0102.DC4.SVN402.170721.lib(appif.o)
    0x080336ac   0x000001c4   Code   RO         1064    i.SYS_InitParaTableInfo  P18.Lib.0102.DC4.SVN402.170721.lib(appif.o)
    0x08033870   0x00000012   Code   RO         1065    i.SYS_InitSysKeyborad  P18.Lib.0102.DC4.SVN402.170721.lib(appif.o)
    0x08033882   0x00000002   PAD
    0x08033884   0x00000064   Code   RO         1066    i.SYS_InitTamperReg  P18.Lib.0102.DC4.SVN402.170721.lib(appif.o)
    0x080338e8   0x00000030   Code   RO         1069    i.SYS_KeyBoardRecvByte  P18.Lib.0102.DC4.SVN402.170721.lib(appif.o)
    0x08033918   0x00000020   Code   RO         1070    i.SYS_KeyBoardSendByte  P18.Lib.0102.DC4.SVN402.170721.lib(appif.o)
    0x08033938   0x00000008   Code   RO         1076    i.SYS_LcdInit       P18.Lib.0102.DC4.SVN402.170721.lib(appif.o)
    0x08033940   0x0000001e   Code   RO         1077    i.SYS_LcdPowerCtrl  P18.Lib.0102.DC4.SVN402.170721.lib(appif.o)
    0x0803395e   0x00000002   PAD
    0x08033960   0x00000638   Code   RO         1082    i.SYS_OpenPort      P18.Lib.0102.DC4.SVN402.170721.lib(appif.o)
    0x08033f98   0x00000068   Code   RO         1083    i.SYS_OpenPortExt   P18.Lib.0102.DC4.SVN402.170721.lib(appif.o)
    0x08034000   0x00000190   Code   RO         1086    i.SYS_PortReceive   P18.Lib.0102.DC4.SVN402.170721.lib(appif.o)
    0x08034190   0x0000010c   Code   RO         1088    i.SYS_PortSend      P18.Lib.0102.DC4.SVN402.170721.lib(appif.o)
    0x0803429c   0x00000140   Code   RO         1089    i.SYS_ReadKey       P18.Lib.0102.DC4.SVN402.170721.lib(appif.o)
    0x080343dc   0x0000001c   Code   RO         1090    i.SYS_ReadKeyExt    P18.Lib.0102.DC4.SVN402.170721.lib(appif.o)
    0x080343f8   0x0000002c   Code   RO         1094    i.SYS_Reset         P18.Lib.0102.DC4.SVN402.170721.lib(appif.o)
    0x08034424   0x00000036   Code   RO         1102    i.SYS_SetCOMReceiveCallBack  P18.Lib.0102.DC4.SVN402.170721.lib(appif.o)
    0x0803445a   0x00000002   Code   RO         1106    i.SYS_SetKeyPromptSound  P18.Lib.0102.DC4.SVN402.170721.lib(appif.o)
    0x0803445c   0x0000000c   Code   RO         1112    i.SYS_SetSysAlarmClock  P18.Lib.0102.DC4.SVN402.170721.lib(appif.o)
    0x08034468   0x0000000c   Code   RO         1119    i.SYS_SetTickBack   P18.Lib.0102.DC4.SVN402.170721.lib(appif.o)
    0x08034474   0x00000008   Code   RO         1129    i.SYS_USBDisconnection  P18.Lib.0102.DC4.SVN402.170721.lib(appif.o)
    0x0803447c   0x00000118   Code   RO         1132    i.SYS_WaitKeyEvent  P18.Lib.0102.DC4.SVN402.170721.lib(appif.o)
    0x08034594   0x00000060   Code   RO         1133    i.SYS_WakeupCPU     P18.Lib.0102.DC4.SVN402.170721.lib(appif.o)
    0x080345f4   0x00000038   Code   RO           14    i.SendToPC          main.o
    0x0803462c   0x00000ee8   Code   RO          758    i.Send_Buff_Init    P18.Lib.0102.DC4.SVN402.170721.lib(tcp.o)
    0x08035514   0x000000ec   Code   RO         3286    i.SetSysClock       P18.Lib.0102.DC4.SVN402.170721.lib(system_stm32f4xx.o)
    0x08035600   0x00000198   Code   RO         4876    i.Show_0816         P18.Lib.0102.DC4.SVN402.170721.lib(lcd_port.o)
    0x08035798   0x0000019c   Code   RO         4878    i.Show_1616         P18.Lib.0102.DC4.SVN402.170721.lib(lcd_port.o)
    0x08035934   0x000005d8   Code   RO          456    i.Sound_Debug       sound_debug.o
    0x08035f0c   0x0000003c   Code   RO         1458    i.SysTick_Handler   P18.Lib.0102.DC4.SVN402.170721.lib(ctrl0.o)
    0x08035f48   0x00000018   Code   RO         1352    i.Sys_Delay_MS      P18.Lib.0102.DC4.SVN402.170721.lib(miscfunc.o)
    0x08035f60   0x00000012   Code   RO         1353    i.Sys_Delay_NS      P18.Lib.0102.DC4.SVN402.170721.lib(miscfunc.o)
    0x08035f72   0x00000018   Code   RO         1355    i.Sys_Delay_US      P18.Lib.0102.DC4.SVN402.170721.lib(miscfunc.o)
    0x08035f8a   0x00000002   PAD
    0x08035f8c   0x00000068   Code   RO         3288    i.SystemInit        P18.Lib.0102.DC4.SVN402.170721.lib(system_stm32f4xx.o)
    0x08035ff4   0x0000002e   Code   RO         3248    i.TAMPER_BackupWriteByte  P18.Lib.0102.DC4.SVN402.170721.lib(tamper.o)
    0x08036022   0x0000002c   Code   RO         3249    i.TAMPER_BackupWriteNBytes  P18.Lib.0102.DC4.SVN402.170721.lib(tamper.o)
    0x0803604e   0x00000002   PAD
    0x08036050   0x0000000c   Code   RO          762    i.TCP_Connection_Mode  P18.Lib.0102.DC4.SVN402.170721.lib(tcp.o)
    0x0803605c   0x0000000c   Code   RO          763    i.TCP_Connection_Time_MAX  P18.Lib.0102.DC4.SVN402.170721.lib(tcp.o)
    0x08036068   0x00001814   Code   RO          764    i.TCP_Connections   P18.Lib.0102.DC4.SVN402.170721.lib(tcp.o)
    0x0803787c   0x00000c34   Code   RO          766    i.TCP_Data_SR       P18.Lib.0102.DC4.SVN402.170721.lib(tcp.o)
    0x080384b0   0x00000ac8   Code   RO          472    i.TCP_Debug         tcp_debug.o
    0x08038f78   0x00000034   Code   RO         2958    i.TCP_IO_Init       P18.Lib.0102.DC4.SVN402.170721.lib(tcp_port.o)
    0x08038fac   0x000000a8   Code   RO          767    i.TCP_Init          P18.Lib.0102.DC4.SVN402.170721.lib(tcp.o)
    0x08039054   0x00000010   Code   RO          768    i.TCP_Interactive_Mode_Set  P18.Lib.0102.DC4.SVN402.170721.lib(tcp.o)
    0x08039064   0x000000d0   Code   RO          769    i.TCP_NetworkPara_Set  P18.Lib.0102.DC4.SVN402.170721.lib(tcp.o)
    0x08039134   0x000000c0   Code   RO          771    i.TCP_Production_Evaluation  P18.Lib.0102.DC4.SVN402.170721.lib(tcp.o)
    0x080391f4   0x00000010   Code   RO         2960    i.TCP_PwrON         P18.Lib.0102.DC4.SVN402.170721.lib(tcp_port.o)
    0x08039204   0x00000020   Code   RO          774    i.TCP_QueryConnectionSchedule  P18.Lib.0102.DC4.SVN402.170721.lib(tcp.o)
    0x08039224   0x0000001c   Code   RO          775    i.TCP_QueryIPAdd    P18.Lib.0102.DC4.SVN402.170721.lib(tcp.o)
    0x08039240   0x0000000c   Code   RO          777    i.TCP_QuerySignal   P18.Lib.0102.DC4.SVN402.170721.lib(tcp.o)
    0x0803924c   0x000000d8   Code   RO          779    i.TCP_Reconnection  P18.Lib.0102.DC4.SVN402.170721.lib(tcp.o)
    0x08039324   0x00000484   Code   RO          780    i.TCP_RecvData1     P18.Lib.0102.DC4.SVN402.170721.lib(tcp.o)
    0x080397a8   0x00000090   Code   RO          781    i.TCP_RecvNETData   P18.Lib.0102.DC4.SVN402.170721.lib(tcp.o)
    0x08039838   0x000001b4   Code   RO          785    i.TCP_SendData1     P18.Lib.0102.DC4.SVN402.170721.lib(tcp.o)
    0x080399ec   0x00000028   Code   RO          786    i.TCP_SendNETData   P18.Lib.0102.DC4.SVN402.170721.lib(tcp.o)
    0x08039a14   0x0000000c   Code   RO          787    i.TCP_SetCallBackFlag  P18.Lib.0102.DC4.SVN402.170721.lib(tcp.o)
    0x08039a20   0x0000000c   Code   RO         1464    i.TICK_SetCALLBACKFUNC  P18.Lib.0102.DC4.SVN402.170721.lib(ctrl0.o)
    0x08039a2c   0x00000030   Code   RO         1465    i.TIM3_IRQHandler   P18.Lib.0102.DC4.SVN402.170721.lib(ctrl0.o)
    0x08039a5c   0x00000030   Code   RO         1467    i.TIM4_IRQHandler   P18.Lib.0102.DC4.SVN402.170721.lib(ctrl0.o)
    0x08039a8c   0x00000006   Code   RO         3860    i.TIM_ClearFlag     P18.Lib.0102.DC4.SVN402.170721.lib(stm32f4xx_tim.o)
    0x08039a92   0x00000006   Code   RO         3861    i.TIM_ClearITPendingBit  P18.Lib.0102.DC4.SVN402.170721.lib(stm32f4xx_tim.o)
    0x08039a98   0x00000018   Code   RO         3866    i.TIM_Cmd           P18.Lib.0102.DC4.SVN402.170721.lib(stm32f4xx_tim.o)
    0x08039ab0   0x00000190   Code   RO         3871    i.TIM_DeInit        P18.Lib.0102.DC4.SVN402.170721.lib(stm32f4xx_tim.o)
    0x08039c40   0x00000022   Code   RO         3887    i.TIM_GetITStatus   P18.Lib.0102.DC4.SVN402.170721.lib(stm32f4xx_tim.o)
    0x08039c62   0x00000012   Code   RO         3891    i.TIM_ITConfig      P18.Lib.0102.DC4.SVN402.170721.lib(stm32f4xx_tim.o)
    0x08039c74   0x00000004   Code   RO         3932    i.TIM_SetCounter    P18.Lib.0102.DC4.SVN402.170721.lib(stm32f4xx_tim.o)
    0x08039c78   0x00000084   Code   RO         3938    i.TIM_TimeBaseInit  P18.Lib.0102.DC4.SVN402.170721.lib(stm32f4xx_tim.o)
    0x08039cfc   0x00000024   Code   RO         2794    i.TTSInit           P18.Lib.0102.DC4.SVN402.170721.lib(tts.o)
    0x08039d20   0x000000e4   Code   RO         2795    i.TTSPlay           P18.Lib.0102.DC4.SVN402.170721.lib(tts.o)
    0x08039e04   0x0000002c   Code   RO         2796    i.TTSPower          P18.Lib.0102.DC4.SVN402.170721.lib(tts.o)
    0x08039e30   0x00000034   Code   RO         2797    i.TTSSet            P18.Lib.0102.DC4.SVN402.170721.lib(tts.o)
    0x08039e64   0x00000060   Code   RO         5063    i.TTS_IO_Init       P18.Lib.0102.DC4.SVN402.170721.lib(tts_port.o)
    0x08039ec4   0x0000000c   Code   RO         2798    i.TTS_SetTTSDebug   P18.Lib.0102.DC4.SVN402.170721.lib(tts.o)
    0x08039ed0   0x0000012c   Code   RO          433    i.TransMode_Debug   transmode_debug.o
    0x08039ffc   0x00000044   Code   RO         1469    i.UART4_IRQHandler  P18.Lib.0102.DC4.SVN402.170721.lib(ctrl0.o)
    0x0803a040   0x00000038   Code   RO         1470    i.UART5_IRQHandler  P18.Lib.0102.DC4.SVN402.170721.lib(ctrl0.o)
    0x0803a078   0x0000005c   Code   RO         1471    i.USART1_IRQHandler  P18.Lib.0102.DC4.SVN402.170721.lib(ctrl0.o)
    0x0803a0d4   0x00000044   Code   RO         1472    i.USART3_IRQHandler  P18.Lib.0102.DC4.SVN402.170721.lib(ctrl0.o)
    0x0803a118   0x00000068   Code   RO         1662    i.USART4_DMA_ReceiveDatas  P18.Lib.0102.DC4.SVN402.170721.lib(uart_dma.o)
    0x0803a180   0x00000012   Code   RO         4036    i.USART_ClearFlag   P18.Lib.0102.DC4.SVN402.170721.lib(stm32f4xx_usart.o)
    0x0803a192   0x00000020   Code   RO         4038    i.USART_ClockInit   P18.Lib.0102.DC4.SVN402.170721.lib(stm32f4xx_usart.o)
    0x0803a1b2   0x00000018   Code   RO         4040    i.USART_Cmd         P18.Lib.0102.DC4.SVN402.170721.lib(stm32f4xx_usart.o)
    0x0803a1ca   0x00000012   Code   RO         4041    i.USART_DMACmd      P18.Lib.0102.DC4.SVN402.170721.lib(stm32f4xx_usart.o)
    0x0803a1dc   0x000000b4   Code   RO         4042    i.USART_DeInit      P18.Lib.0102.DC4.SVN402.170721.lib(stm32f4xx_usart.o)
    0x0803a290   0x0000001a   Code   RO         4043    i.USART_GetFlagStatus  P18.Lib.0102.DC4.SVN402.170721.lib(stm32f4xx_usart.o)
    0x0803a2aa   0x00000054   Code   RO         4044    i.USART_GetITStatus  P18.Lib.0102.DC4.SVN402.170721.lib(stm32f4xx_usart.o)
    0x0803a2fe   0x00000018   Code   RO         4045    i.USART_HalfDuplexCmd  P18.Lib.0102.DC4.SVN402.170721.lib(stm32f4xx_usart.o)
    0x0803a316   0x0000004a   Code   RO         4046    i.USART_ITConfig    P18.Lib.0102.DC4.SVN402.170721.lib(stm32f4xx_usart.o)
    0x0803a360   0x000000d4   Code   RO         4047    i.USART_Init        P18.Lib.0102.DC4.SVN402.170721.lib(stm32f4xx_usart.o)
    0x0803a434   0x00000018   Code   RO         4048    i.USART_IrDACmd     P18.Lib.0102.DC4.SVN402.170721.lib(stm32f4xx_usart.o)
    0x0803a44c   0x00000012   Code   RO         4049    i.USART_IrDAConfig  P18.Lib.0102.DC4.SVN402.170721.lib(stm32f4xx_usart.o)
    0x0803a45e   0x00000018   Code   RO         4051    i.USART_LINCmd      P18.Lib.0102.DC4.SVN402.170721.lib(stm32f4xx_usart.o)
    0x0803a476   0x0000000a   Code   RO         4054    i.USART_ReceiveData  P18.Lib.0102.DC4.SVN402.170721.lib(stm32f4xx_usart.o)
    0x0803a480   0x00000008   Code   RO         4057    i.USART_SendData    P18.Lib.0102.DC4.SVN402.170721.lib(stm32f4xx_usart.o)
    0x0803a488   0x00000010   Code   RO         4059    i.USART_SetGuardTime  P18.Lib.0102.DC4.SVN402.170721.lib(stm32f4xx_usart.o)
    0x0803a498   0x00000010   Code   RO         4060    i.USART_SetPrescaler  P18.Lib.0102.DC4.SVN402.170721.lib(stm32f4xx_usart.o)
    0x0803a4a8   0x00000018   Code   RO         4061    i.USART_SmartCardCmd  P18.Lib.0102.DC4.SVN402.170721.lib(stm32f4xx_usart.o)
    0x0803a4c0   0x00000018   Code   RO         4062    i.USART_SmartCardNACKCmd  P18.Lib.0102.DC4.SVN402.170721.lib(stm32f4xx_usart.o)
    0x0803a4d8   0x00000016   Code   RO         5284    i.USBD_ClrCfg       P18.Lib.0102.DC4.SVN402.170721.lib(usbd_core.o)
    0x0803a4ee   0x00000048   Code   RO         5467    i.USBD_ClrFeature   P18.Lib.0102.DC4.SVN402.170721.lib(usbd_req.o)
    0x0803a536   0x0000001e   Code   RO         5319    i.USBD_CtlContinueRx  P18.Lib.0102.DC4.SVN402.170721.lib(usbd_ioreq.o)
    0x0803a554   0x0000001e   Code   RO         5320    i.USBD_CtlContinueSendData  P18.Lib.0102.DC4.SVN402.170721.lib(usbd_ioreq.o)
    0x0803a572   0x0000001e   Code   RO         5468    i.USBD_CtlError     P18.Lib.0102.DC4.SVN402.170721.lib(usbd_req.o)
    0x0803a590   0x00000024   Code   RO         5322    i.USBD_CtlReceiveStatus  P18.Lib.0102.DC4.SVN402.170721.lib(usbd_ioreq.o)
    0x0803a5b4   0x0000002e   Code   RO         5323    i.USBD_CtlSendData  P18.Lib.0102.DC4.SVN402.170721.lib(usbd_ioreq.o)
    0x0803a5e2   0x00000024   Code   RO         5324    i.USBD_CtlSendStatus  P18.Lib.0102.DC4.SVN402.170721.lib(usbd_ioreq.o)
    0x0803a606   0x000000d0   Code   RO         5285    i.USBD_DataInStage  P18.Lib.0102.DC4.SVN402.170721.lib(usbd_core.o)
    0x0803a6d6   0x00000096   Code   RO         5286    i.USBD_DataOutStage  P18.Lib.0102.DC4.SVN402.170721.lib(usbd_core.o)
    0x0803a76c   0x00000018   Code   RO         5288    i.USBD_DevConnected  P18.Lib.0102.DC4.SVN402.170721.lib(usbd_core.o)
    0x0803a784   0x00000024   Code   RO         5289    i.USBD_DevDisconnected  P18.Lib.0102.DC4.SVN402.170721.lib(usbd_core.o)
    0x0803a7a8   0x00000054   Code   RO         5469    i.USBD_GetConfig    P18.Lib.0102.DC4.SVN402.170721.lib(usbd_req.o)
    0x0803a7fc   0x00000122   Code   RO         5470    i.USBD_GetDescriptor  P18.Lib.0102.DC4.SVN402.170721.lib(usbd_req.o)
    0x0803a91e   0x00000002   PAD
    0x0803a920   0x00000050   Code   RO         5472    i.USBD_GetStatus    P18.Lib.0102.DC4.SVN402.170721.lib(usbd_req.o)
    0x0803a970   0x00000012   Code   RO         5291    i.USBD_IsoINIncomplete  P18.Lib.0102.DC4.SVN402.170721.lib(usbd_core.o)
    0x0803a982   0x00000012   Code   RO         5292    i.USBD_IsoOUTIncomplete  P18.Lib.0102.DC4.SVN402.170721.lib(usbd_core.o)
    0x0803a994   0x00000100   Code   RO         3317    i.USBD_OTG_ISR_Handler  P18.Lib.0102.DC4.SVN402.170721.lib(usb_dcd_int.o)
    0x0803aa94   0x00000048   Code   RO         5474    i.USBD_ParseSetupRequest  P18.Lib.0102.DC4.SVN402.170721.lib(usbd_req.o)
    0x0803aadc   0x00000032   Code   RO         5293    i.USBD_Reset        P18.Lib.0102.DC4.SVN402.170721.lib(usbd_core.o)
    0x0803ab0e   0x0000001e   Code   RO         5294    i.USBD_Resume       P18.Lib.0102.DC4.SVN402.170721.lib(usbd_core.o)
    0x0803ab2c   0x00000014   Code   RO         5295    i.USBD_RunTestMode  P18.Lib.0102.DC4.SVN402.170721.lib(usbd_core.o)
    0x0803ab40   0x0000001a   Code   RO         5296    i.USBD_SOF          P18.Lib.0102.DC4.SVN402.170721.lib(usbd_core.o)
    0x0803ab5a   0x0000005c   Code   RO         5475    i.USBD_SetAddress   P18.Lib.0102.DC4.SVN402.170721.lib(usbd_req.o)
    0x0803abb6   0x0000001e   Code   RO         5297    i.USBD_SetCfg       P18.Lib.0102.DC4.SVN402.170721.lib(usbd_core.o)
    0x0803abd4   0x000000d0   Code   RO         5476    i.USBD_SetConfig    P18.Lib.0102.DC4.SVN402.170721.lib(usbd_req.o)
    0x0803aca4   0x000000a4   Code   RO         5477    i.USBD_SetFeature   P18.Lib.0102.DC4.SVN402.170721.lib(usbd_req.o)
    0x0803ad48   0x00000054   Code   RO         5298    i.USBD_SetupStage   P18.Lib.0102.DC4.SVN402.170721.lib(usbd_core.o)
    0x0803ad9c   0x00000072   Code   RO         5478    i.USBD_StdDevReq    P18.Lib.0102.DC4.SVN402.170721.lib(usbd_req.o)
    0x0803ae0e   0x00000002   PAD
    0x0803ae10   0x0000015c   Code   RO         5479    i.USBD_StdEPReq     P18.Lib.0102.DC4.SVN402.170721.lib(usbd_req.o)
    0x0803af6c   0x0000004c   Code   RO         5480    i.USBD_StdItfReq    P18.Lib.0102.DC4.SVN402.170721.lib(usbd_req.o)
    0x0803afb8   0x00000020   Code   RO         5299    i.USBD_Suspend      P18.Lib.0102.DC4.SVN402.170721.lib(usbd_core.o)
    0x0803afd8   0x00000024   Code   RO         4285    i.USB_Cable_Config  P18.Lib.0102.DC4.SVN402.170721.lib(usb_bsp.o)
    0x0803affc   0x00000024   Code   RO         4287    i.USB_Disconnect    P18.Lib.0102.DC4.SVN402.170721.lib(usb_bsp.o)
    0x0803b020   0x0000002c   Code   RO         4290    i.USB_OTG_BSP_DisableInterrupt  P18.Lib.0102.DC4.SVN402.170721.lib(usb_bsp.o)
    0x0803b04c   0x00000012   Code   RO         4293    i.USB_OTG_BSP_mDelay  P18.Lib.0102.DC4.SVN402.170721.lib(usb_bsp.o)
    0x0803b05e   0x00000016   Code   RO         4294    i.USB_OTG_BSP_uDelay  P18.Lib.0102.DC4.SVN402.170721.lib(usb_bsp.o)
    0x0803b074   0x0000006a   Code   RO         5089    i.USB_OTG_EP0Activate  P18.Lib.0102.DC4.SVN402.170721.lib(usb_core.o)
    0x0803b0de   0x00000156   Code   RO         5090    i.USB_OTG_EP0StartXfer  P18.Lib.0102.DC4.SVN402.170721.lib(usb_core.o)
    0x0803b234   0x00000062   Code   RO         5091    i.USB_OTG_EP0_OutStart  P18.Lib.0102.DC4.SVN402.170721.lib(usb_core.o)
    0x0803b296   0x00000098   Code   RO         5092    i.USB_OTG_EPActivate  P18.Lib.0102.DC4.SVN402.170721.lib(usb_core.o)
    0x0803b32e   0x00000050   Code   RO         5093    i.USB_OTG_EPClearStall  P18.Lib.0102.DC4.SVN402.170721.lib(usb_core.o)
    0x0803b37e   0x00000064   Code   RO         5095    i.USB_OTG_EPSetStall  P18.Lib.0102.DC4.SVN402.170721.lib(usb_core.o)
    0x0803b3e2   0x000001fa   Code   RO         5096    i.USB_OTG_EPStartXfer  P18.Lib.0102.DC4.SVN402.170721.lib(usb_core.o)
    0x0803b5dc   0x00000054   Code   RO         5101    i.USB_OTG_FlushTxFifo  P18.Lib.0102.DC4.SVN402.170721.lib(usb_core.o)
    0x0803b630   0x00000034   Code   RO         5102    i.USB_OTG_GetDeviceSpeed  P18.Lib.0102.DC4.SVN402.170721.lib(usb_core.o)
    0x0803b664   0x0000000c   Code   RO         5104    i.USB_OTG_GetMode   P18.Lib.0102.DC4.SVN402.170721.lib(usb_core.o)
    0x0803b670   0x00000016   Code   RO         5106    i.USB_OTG_IsDeviceMode  P18.Lib.0102.DC4.SVN402.170721.lib(usb_core.o)
    0x0803b686   0x00000010   Code   RO         5108    i.USB_OTG_ReadCoreItr  P18.Lib.0102.DC4.SVN402.170721.lib(usb_core.o)
    0x0803b696   0x00000010   Code   RO         5109    i.USB_OTG_ReadDevAllInEPItr  P18.Lib.0102.DC4.SVN402.170721.lib(usb_core.o)
    0x0803b6a6   0x00000010   Code   RO         5110    i.USB_OTG_ReadDevAllOutEp_itr  P18.Lib.0102.DC4.SVN402.170721.lib(usb_core.o)
    0x0803b6b6   0x00000014   Code   RO         5111    i.USB_OTG_ReadDevOutEP_itr  P18.Lib.0102.DC4.SVN402.170721.lib(usb_core.o)
    0x0803b6ca   0x00000028   Code   RO         5113    i.USB_OTG_ReadPacket  P18.Lib.0102.DC4.SVN402.170721.lib(usb_core.o)
    0x0803b6f2   0x00000040   Code   RO         5119    i.USB_OTG_WritePacket  P18.Lib.0102.DC4.SVN402.170721.lib(usb_core.o)
    0x0803b732   0x00000002   PAD
    0x0803b734   0x00000144   Code   RO         1307    i.Uart1_DumpData    P18.Lib.0102.DC4.SVN402.170721.lib(system.o)
    0x0803b878   0x000000f8   Code   RO         1666    i.Uart3_GetData_DMA  P18.Lib.0102.DC4.SVN402.170721.lib(uart_dma.o)
    0x0803b970   0x000000dc   Code   RO         1668    i.Uart4_GetCurrData_DMA  P18.Lib.0102.DC4.SVN402.170721.lib(uart_dma.o)
    0x0803ba4c   0x00000164   Code   RO         1669    i.Uart4_GetData_DMA  P18.Lib.0102.DC4.SVN402.170721.lib(uart_dma.o)
    0x0803bbb0   0x0000015c   Code   RO         1671    i.Uart5_GetData_DMA  P18.Lib.0102.DC4.SVN402.170721.lib(uart_dma.o)
    0x0803bd0c   0x0000015c   Code   RO         1672    i.Uart6_GetData_DMA  P18.Lib.0102.DC4.SVN402.170721.lib(uart_dma.o)
    0x0803be68   0x00000090   Code   RO         1673    i.Uart_GetStatus_DMA  P18.Lib.0102.DC4.SVN402.170721.lib(uart_dma.o)
    0x0803bef8   0x00000094   Code   RO         1308    i.Uart_Printf       P18.Lib.0102.DC4.SVN402.170721.lib(system.o)
    0x0803bf8c   0x0000000c   Code   RO         2205    i.Uart_SetGPSDebug  P18.Lib.0102.DC4.SVN402.170721.lib(gps.o)
    0x0803bf98   0x0000000c   Code   RO         1309    i.Uart_SetSysDebug  P18.Lib.0102.DC4.SVN402.170721.lib(system.o)
    0x0803bfa4   0x0000000c   Code   RO          789    i.Uart_SetTCPDebug  P18.Lib.0102.DC4.SVN402.170721.lib(tcp.o)
    0x0803bfb0   0x00000048   Code   RO         1473    i.UsageFault_Handler  P18.Lib.0102.DC4.SVN402.170721.lib(ctrl0.o)
    0x0803bff8   0x00000144   Code   RO          697    i.Version_Debug     version_debug.o
    0x0803c13c   0x00000174   Code   RO         2053    i._24G_ReadResponse  P18.Lib.0102.DC4.SVN402.170721.lib(_24g_.o)
    0x0803c2b0   0x00000114   Code   RO         2054    i._24G_SendCommand  P18.Lib.0102.DC4.SVN402.170721.lib(_24g_.o)
    0x0803c3c4   0x0000000c   Code   RO         2055    i._24G_Set_Debug    P18.Lib.0102.DC4.SVN402.170721.lib(_24g_.o)
    0x0803c3d0   0x00000030   Code   RO         4631    i._24g_IO_Init      P18.Lib.0102.DC4.SVN402.170721.lib(_24g_port.o)
    0x0803c400   0x0000000c   Code   RO         2056    i._24g_Init         P18.Lib.0102.DC4.SVN402.170721.lib(_24g_.o)
    0x0803c40c   0x00000284   Code   RO          499    i._2_4G_Debug       2_4g_debug.o
    0x0803c690   0x00000020   Code   RO         5763    i.__0printf         mc_w.l(printfa.o)
    0x0803c6b0   0x00000028   Code   RO         5765    i.__0sprintf        mc_w.l(printfa.o)
    0x0803c6d8   0x00000024   Code   RO         5769    i.__0vsprintf       mc_w.l(printfa.o)
    0x0803c6fc   0x00000008   Code   RO         5834    i.__aeabi_errno_addr  mc_w.l(errno.o)
    0x0803c704   0x00000004   PAD
    0x0803c708   0x00000038   Code   RO         5501    i.__hardfp_atof     m_wm.l(atof.o)
    0x0803c740   0x0000000c   Code   RO         5835    i.__read_errno      mc_w.l(errno.o)
    0x0803c74c   0x0000000e   Code   RO         5910    i.__scatterload_copy  mc_w.l(handlers.o)
    0x0803c75a   0x00000002   Code   RO         5911    i.__scatterload_null  mc_w.l(handlers.o)
    0x0803c75c   0x0000000e   Code   RO         5912    i.__scatterload_zeroinit  mc_w.l(handlers.o)
    0x0803c76a   0x00000002   PAD
    0x0803c76c   0x0000000c   Code   RO         5836    i.__set_errno       mc_w.l(errno.o)
    0x0803c778   0x00000164   Code   RO         5770    i._fp_digits        mc_w.l(printfa.o)
    0x0803c8dc   0x0000000e   Code   RO         5891    i._is_digit         mc_w.l(scanf_fp.o)
    0x0803c8ea   0x00000002   PAD
    0x0803c8ec   0x000006dc   Code   RO         5771    i._printf_core      mc_w.l(printfa.o)
    0x0803cfc8   0x00000024   Code   RO         5772    i._printf_post_padding  mc_w.l(printfa.o)
    0x0803cfec   0x0000002e   Code   RO         5773    i._printf_pre_padding  mc_w.l(printfa.o)
    0x0803d01a   0x0000000a   Code   RO         5775    i._sputc            mc_w.l(printfa.o)
    0x0803d024   0x00000010   Code   RO           15    i.fputc             main.o
    0x0803d034   0x0000012c   Code   RO           16    i.main              main.o
    0x0803d160   0x00000048   Code   RO          309    i.text1             key_debug.o
    0x0803d1a8   0x00000048   Code   RO          310    i.text2             key_debug.o
    0x0803d1f0   0x0000000c   Code   RO           17    i.text_laohua       main.o
    0x0803d1fc   0x0000002e   Code   RO         4555    i.u8Mifare_u8CheckSecter  P18.Lib.0102.DC4.SVN402.170721.lib(pcsc.o)
    0x0803d22a   0x00000002   PAD
    0x0803d22c   0x00000048   Data   RO          395    .constdata          rtc_debug.o
    0x0803d274   0x00000014   Data   RO          473    .constdata          tcp_debug.o
    0x0803d288   0x00000008   Data   RO          532    .constdata          catactlesscard_debug.o
    0x0803d290   0x00000014   Data   RO          735    .constdata          auto_debug.o
    0x0803d2a4   0x00000028   Data   RO          791    .constdata          P18.Lib.0102.DC4.SVN402.170721.lib(tcp.o)
    0x0803d2cc   0x00000188   Data   RO         1135    .constdata          P18.Lib.0102.DC4.SVN402.170721.lib(appif.o)
    0x0803d454   0x000000e4   Data   RO         1386    .constdata          P18.Lib.0102.DC4.SVN402.170721.lib(rtc.o)
    0x0803d538   0x000000af   Data   RO         1475    .constdata          P18.Lib.0102.DC4.SVN402.170721.lib(ctrl0.o)
    0x0803d5e7   0x0000003d   Data   RO         1580    .constdata          P18.Lib.0102.DC4.SVN402.170721.lib(led_seg.o)
    0x0803d624   0x00000012   Data   RO         1953    .constdata          P18.Lib.0102.DC4.SVN402.170721.lib(iso14443.o)
    0x0803d636   0x00000002   PAD
    0x0803d638   0x000000c0   Data   RO         2033    .constdata          P18.Lib.0102.DC4.SVN402.170721.lib(cpu.o)
    0x0803d6f8   0x00000004   Data   RO         2057    .constdata          P18.Lib.0102.DC4.SVN402.170721.lib(_24g_.o)
    0x0803d6fc   0x00000a64   Data   RO         2556    .constdata          P18.Lib.0102.DC4.SVN402.170721.lib(lcd.o)
    0x0803e160   0x00000081   Data   RO         5862    .constdata          mc_w.l(ctype_o.o)
    0x0803e1e1   0x00000003   PAD
    0x0803e1e4   0x00000004   Data   RO         5863    .constdata          mc_w.l(ctype_o.o)
    0x0803e1e8   0x000000b1   Data   RO          792    .conststring        P18.Lib.0102.DC4.SVN402.170721.lib(tcp.o)
    0x0803e299   0x00000003   PAD
    0x0803e29c   0x00000030   Data   RO         5908    Region$$Table       anon$$obj.o


    Execution Region RW_IRAM1 (Base: 0x20000000, Size: 0x0000d000, Max: 0x00010000, ABSOLUTE)

    Base Addr    Size         Type   Attr      Idx    E Section Name        Object

    0x20000000   0x0000d000   Zero   RW         5852    STACK               P18.Lib.0102.DC4.SVN402.170721.lib(stm32f4xxappinit.o)


    Execution Region RW_RAM1 (Base: 0x68180000, Size: 0x00027044, Max: 0x00200000, ABSOLUTE, COMPRESSED[0x00000850])

    Base Addr    Size         Type   Attr      Idx    E Section Name        Object

    0x68180000   0x00000004   Data   RW           18    .data               main.o
    0x68180004   0x00000005   Data   RW          396    .data               rtc_debug.o
    0x68180009   0x00000060   Data   RW          500    .data               2_4g_debug.o
    0x68180069   0x00000001   Data   RW          533    .data               catactlesscard_debug.o
    0x6818006a   0x00000030   Data   RW          736    .data               auto_debug.o
    0x6818009a   0x00000002   PAD
    0x6818009c   0x0000b9f8   Data   RW          793    .data               P18.Lib.0102.DC4.SVN402.170721.lib(tcp.o)
    0x6818ba94   0x0000002e   Data   RW         1136    .data               P18.Lib.0102.DC4.SVN402.170721.lib(appif.o)
    0x6818bac2   0x00000002   PAD
    0x6818bac4   0x00000004   Data   RW         1310    .data               P18.Lib.0102.DC4.SVN402.170721.lib(system.o)
    0x6818bac8   0x00000004   Data   RW         1387    .data               P18.Lib.0102.DC4.SVN402.170721.lib(rtc.o)
    0x6818bacc   0x00000010   Data   RW         1418    .data               P18.Lib.0102.DC4.SVN402.170721.lib(irqkey.o)
    0x6818badc   0x00000098   Data   RW         1476    .data               P18.Lib.0102.DC4.SVN402.170721.lib(ctrl0.o)
    0x6818bb74   0x00000006   Data   RW         1542    .data               P18.Lib.0102.DC4.SVN402.170721.lib(flash.o)
    0x6818bb7a   0x00000002   PAD
    0x6818bb7c   0x0000002a   Data   RW         1628    .data               P18.Lib.0102.DC4.SVN402.170721.lib(mxflash.o)
    0x6818bba6   0x00000002   PAD
    0x6818bba8   0x00000024   Data   RW         1675    .data               P18.Lib.0102.DC4.SVN402.170721.lib(uart_dma.o)
    0x6818bbcc   0x00000001   Data   RW         1697    .data               P18.Lib.0102.DC4.SVN402.170721.lib(led.o)
    0x6818bbcd   0x00000003   PAD
    0x6818bbd0   0x0000000c   Data   RW         1711    .data               P18.Lib.0102.DC4.SVN402.170721.lib(qr_collection.o)
    0x6818bbdc   0x00000001   Data   RW         1879    .data               P18.Lib.0102.DC4.SVN402.170721.lib(rc523_driver.o)
    0x6818bbdd   0x00000003   PAD
    0x6818bbe0   0x00000008   Data   RW         1954    .data               P18.Lib.0102.DC4.SVN402.170721.lib(iso14443.o)
    0x6818bbe8   0x000000dd   Data   RW         2027    .data               P18.Lib.0102.DC4.SVN402.170721.lib(mifare1_operate.o)
    0x6818bcc5   0x00000003   PAD
    0x6818bcc8   0x00000014   Data   RW         2034    .data               P18.Lib.0102.DC4.SVN402.170721.lib(cpu.o)
    0x6818bcdc   0x00000001   Data   RW         2058    .data               P18.Lib.0102.DC4.SVN402.170721.lib(_24g_.o)
    0x6818bcdd   0x00000003   PAD
    0x6818bce0   0x00006060   Data   RW         2155    .data               P18.Lib.0102.DC4.SVN402.170721.lib(com.o)
    0x68191d40   0x00000008   Data   RW         2207    .data               P18.Lib.0102.DC4.SVN402.170721.lib(gps.o)
    0x68191d48   0x00000001   Data   RW         2799    .data               P18.Lib.0102.DC4.SVN402.170721.lib(tts.o)
    0x68191d49   0x00000001   PAD
    0x68191d4a   0x00000007   Data   RW         3100    .data               P18.Lib.0102.DC4.SVN402.170721.lib(ssl.o)
    0x68191d51   0x00000003   PAD
    0x68191d54   0x00000008   Data   RW         3139    .data               P18.Lib.0102.DC4.SVN402.170721.lib(https.o)
    0x68191d5c   0x00000014   Data   RW         3290    .data               P18.Lib.0102.DC4.SVN402.170721.lib(system_stm32f4xx.o)
    0x68191d70   0x00000010   Data   RW         3621    .data               P18.Lib.0102.DC4.SVN402.170721.lib(stm32f4xx_rcc.o)
    0x68191d80   0x00000026   Data   RW         4126    .data               P18.Lib.0102.DC4.SVN402.170721.lib(disp.o)
    0x68191da6   0x00000002   PAD
    0x68191da8   0x00000070   Data   RW         4520    .data               P18.Lib.0102.DC4.SVN402.170721.lib(rc523.o)
    0x68191e18   0x00000010   Data   RW         4557    .data               P18.Lib.0102.DC4.SVN402.170721.lib(pcsc.o)
    0x68191e28   0x0000002a   Data   RW         4603    .data               P18.Lib.0102.DC4.SVN402.170721.lib(felica.o)
    0x68191e52   0x0000000d   Data   RW         4617    .data               P18.Lib.0102.DC4.SVN402.170721.lib(sc7816.o)
    0x68191e5f   0x00000001   PAD
    0x68191e60   0x00000016   Data   RW         4622    .data               P18.Lib.0102.DC4.SVN402.170721.lib(sc7816_driver.o)
    0x68191e76   0x00000002   PAD
    0x68191e78   0x00000008   Data   RW         4884    .data               P18.Lib.0102.DC4.SVN402.170721.lib(lcd_port.o)
    0x68191e80   0x00000034   Data   RW         5300    .data               P18.Lib.0102.DC4.SVN402.170721.lib(usbd_core.o)
    0x68191eb4   0x0000000d   Data   RW         5482    .data               P18.Lib.0102.DC4.SVN402.170721.lib(usbd_req.o)
    0x68191ec1   0x00000003   PAD
    0x68191ec4   0x00000004   Data   RW         5523    .data               mc_w.l(strtok.o)
    0x68191ec8   0x00000004   Data   RW         5823    .data               mc_w.l(stdout.o)
    0x68191ecc   0x00000004   Data   RW         5837    .data               mc_w.l(errno.o)
    0x68191ed0   0x0000001c   Zero   RW          394    .bss                rtc_debug.o
    0x68191eec   0x0000003c   Zero   RW          531    .bss                catactlesscard_debug.o
    0x68191f28   0x000005dc   Zero   RW          714    .bss                irda_debug.o
    0x68192504   0x00000010   Zero   RW          734    .bss                auto_debug.o
    0x68192514   0x000028be   Zero   RW          790    .bss                P18.Lib.0102.DC4.SVN402.170721.lib(tcp.o)
    0x68194dd2   0x0000000a   Zero   RW         1385    .bss                P18.Lib.0102.DC4.SVN402.170721.lib(rtc.o)
    0x68194ddc   0x00000010   Zero   RW         1416    .bss                P18.Lib.0102.DC4.SVN402.170721.lib(irqkey.o)
    0x68194dec   0x00000644   Zero   RW         1474    .bss                P18.Lib.0102.DC4.SVN402.170721.lib(ctrl0.o)
    0x68195430   0x00000064   Zero   RW         1579    .bss                P18.Lib.0102.DC4.SVN402.170721.lib(led_seg.o)
    0x68195494   0x00000018   Zero   RW         1627    .bss                P18.Lib.0102.DC4.SVN402.170721.lib(mxflash.o)
    0x681954ac   0x0000f000   Zero   RW         1674    .bss                P18.Lib.0102.DC4.SVN402.170721.lib(uart_dma.o)
    0x681a44ac   0x00000800   Zero   RW         1710    .bss                P18.Lib.0102.DC4.SVN402.170721.lib(qr_collection.o)
    0x681a4cac   0x0000012c   Zero   RW         1878    .bss                P18.Lib.0102.DC4.SVN402.170721.lib(rc523_driver.o)
    0x681a4dd8   0x0000006c   Zero   RW         1952    .bss                P18.Lib.0102.DC4.SVN402.170721.lib(iso14443.o)
    0x681a4e44   0x00000630   Zero   RW         2032    .bss                P18.Lib.0102.DC4.SVN402.170721.lib(cpu.o)
    0x681a5474   0x00000004   PAD
    0x681a5478   0x0000060c   Zero   RW         2206    .bss                P18.Lib.0102.DC4.SVN402.170721.lib(gps.o)
    0x681a5a84   0x00000064   Zero   RW         3099    .bss                P18.Lib.0102.DC4.SVN402.170721.lib(ssl.o)
    0x681a5ae8   0x000004c8   Zero   RW         3138    .bss                P18.Lib.0102.DC4.SVN402.170721.lib(https.o)
    0x681a5fb0   0x00000400   Zero   RW         4124    .bss                P18.Lib.0102.DC4.SVN402.170721.lib(disp.o)
    0x681a63b0   0x00000013   Zero   RW         4602    .bss                P18.Lib.0102.DC4.SVN402.170721.lib(felica.o)
    0x681a63c3   0x00000c80   Zero   RW         4883    .bss                P18.Lib.0102.DC4.SVN402.170721.lib(lcd_port.o)


==============================================================================

Image component sizes


      Code (inc. data)   RO Data    RW Data    ZI Data      Debug   Object Name

       644        110          0         96          0       1919   2_4g_debug.o
      2044        464         20         48         16       3160   auto_debug.o
       164         60          0          0          0        561   beep_debug.o
      1556        542          0          0          0       1343   bt_debug.o
      4244       1012          8          1         60       4462   catactlesscard_debug.o
      1776        336          0          0          0       2219   contact_debug.o
      2030        666          0          0          0       4843   flash_debug.o
       724        184          0          0          0       1128   gps.debug.o
       520        174          0          0       1500       1626   irda_debug.o
       416        142          0          0          0       1680   key_debug.o
       220         92          0          0          0        560   lcd_debug.o
       448        146          0          0          0        744   led_debug.o
       536        180          0          0          0        859   ledseg_debug.o
      2992       1014          0          4          0      19585   main.o
       768        210          0          0          0       1533   qr_debug.o
      1604        360         72          5         28       4156   rtc_debug.o
      1496        538          0          0          0       1118   sound_debug.o
      2760        756         20          0          0       2871   tcp_debug.o
       976        374          0          0          0       2816   transmode_debug.o
       324        130          0          0          0        712   version_debug.o

    ----------------------------------------------------------------------
     26244       7490        168        156       1604      57895   Object Totals
         0          0         48          0          0          0   (incl. Generated)
         2          0          0          2          0          0   (incl. Padding)

    ----------------------------------------------------------------------

      Code (inc. data)   RO Data    RW Data    ZI Data      Debug   Library Member Name

       672         64          4          1          0       4336   _24g_.o
        92         10          0          0          0       7260   _24g_port.o
      5080        398        392         46          0       5136   appif.o
        72         12          0          0          0        356   beep.o
      1084         70          0          0          0        488   bluetooth.o
       204         12          0          0          0        100   bluetooth_port.o
        48          6          0      24672          0        224   com.o
     10628        494        192         20       1584       1744   cpu.o
       340         16          0          0          0        144   cpu_driver.o
      2288        748        175        152       1604       3764   ctrl0.o
       222         26          0         38       1024        620   disp.o
       508         38          0         42         19        476   felica.o
      1586         72          0          6          0       1792   flash.o
      1646        290          0          8       1548       5447   gps.o
         0          0          0          8       1224       1004   https.o
       216          8          0          0          0       2922   irda.o
       124         12          0          0          0     211771   irda_port.o
       274         20          0         16         16        496   irqkey.o
      7016        312         18          8        108       3548   iso14443.o
        40          0          0          0          0        256   kernel.o
      1156         46       2660          0          0     213850   lcd.o
      1264         78          0          8       3200     221685   lcd_port.o
       984         40          0          1          0        252   led.o
       582         10         61          0        100       1128   led_seg.o
       182         24          0          0          0        860   ledseg_driver.o
       696          6          0          0          0        420   mifare.o
      2120         46          0        221          0        684   mifare1_operate.o
       160         30          0          0          0        360   misc.o
        90          0          0          0          0        580   miscfunc.o
      3174        256          0         42         24       2144   mxflash.o
       106          0          0          0          0        164   ntag21x.o
      2032         60          0         16          0       1356   pcsc.o
       902         44          0          0          0       1276   power.o
       304         28          0         12       2048      10630   qr_collection.o
       586         32          0        112          0        996   rc523.o
       204         22          0          1        300        312   rc523_driver.o
      2080         34        228          4         10       1436   rtc.o
      1808         78          0         13          0        668   sc7816.o
       140         42          0         22          0         68   sc7816_driver.o
        88         10          0          0          0        116   spist7565r.o
         0          0          0          7        100        892   ssl.o
       462         26          0          0          0        472   stm32f4xx_dma.o
       200         18          0          0          0        348   stm32f4xx_exti.o
       426         48          0          0          0        960   stm32f4xx_flash.o
       276          6          0          0          0        232   stm32f4xx_fsmc.o
       240          0          0          0          0        612   stm32f4xx_gpio.o
        68         30          0          0          0        580   stm32f4xx_iwdg.o
        12          6          0          0          0        116   stm32f4xx_pwr.o
       604         78          0         16          0       1300   stm32f4xx_rcc.o
      1682        108          0          0          0       2580   stm32f4xx_rtc.o
       112          0          0          0          0        588   stm32f4xx_spi.o
        64          4          0          0          0        128   stm32f4xx_syscfg.o
       624         82          0          0          0        948   stm32f4xx_tim.o
       856         32          0          0          0       2268   stm32f4xx_usart.o
       408        176        392          0      53248        276   stm32f4xxappinit.o
      2768        210          0          4          0       3616   system.o
       340         34          0         20          0        248   system_stm32f4xx.o
       208         18          0          0          0        256   systick.o
        90          0          0          0          0        256   tamper.o
     15800       3232        217      47608      10430      23674   tcp.o
        88          8          0          0          0       7754   tcp_port.o
      1008          8          0          0          0        468   time.o
       372         44          0          1          0      10408   tts.o
        96         10          0          0          0        538   tts_port.o
      2176        204          0         36      61440       1108   uart_dma.o
       156         10          0          0          0        616   usb_bsp.o
      1726          4          0          0          0       2120   usb_core.o
       470          0          0          0          0        904   usb_dcd.o
      2050         64          0          0          0       1932   usb_dcd_int.o
       748          6          0         52          0       1744   usbd_core.o
       178          0          0          0          0        652   usbd_ioreq.o
      1630         54          0         13          0       1536   usbd_req.o
        56         12          0          0          0        132   atof.o
        86          0          0          0          0          0   __dczerorl2.o
        28          0          0          0          0         68   _chval.o
        64          0          0          0          0         84   _sgetc.o
       158          0          0          0          0         92   _strtoul.o
        26          0          0          0          0         80   atoi.o
         8          4        133          0          0         68   ctype_o.o
         0          0          0          0          0          0   entry.o
         0          0          0          0          0          0   entry10a.o
         0          0          0          0          0          0   entry11a.o
         8          4          0          0          0          0   entry2.o
         4          0          0          0          0          0   entry5.o
         0          0          0          0          0          0   entry7b.o
         0          0          0          0          0          0   entry8b.o
         8          4          0          0          0          0   entry9a.o
        32         16          0          4          0        204   errno.o
        30          0          0          0          0          0   handlers.o
        36          8          0          0          0         68   init.o
        18          0          0          0          0         76   isspace_o.o
         0          0          0          0          0          0   iusefp.o
        30          0          0          0          0         68   llshl.o
        36          0          0          0          0         68   llsshr.o
        32          0          0          0          0         68   llushr.o
        26          0          0          0          0         80   memcmp.o
        36          0          0          0          0         68   memcpya.o
        36          0          0          0          0        108   memseta.o
      2312        102          0          0          0        676   printfa.o
       838         12          0          0          0        216   scanf_fp.o
         0          0          0          4          0          0   stdout.o
        14          0          0          0          0         68   strlen.o
        36          0          0          0          0         80   strstr.o
       156         14          0          0          0        120   strtod.o
        68          6          0          4          0         80   strtok.o
       112          0          0          0          0         88   strtol.o
        44          0          0          0          0         80   uidiv.o
        98          0          0          0          0         92   uldiv.o
        48          0          0          0          0         68   cdrcmple.o
        56          0          0          0          0         88   d2f.o
       334          0          0          0          0        148   dadd.o
       222          0          0          0          0        100   ddiv.o
       186          0          0          0          0        176   depilogue.o
        62          0          0          0          0         80   dfixi.o
        50          0          0          0          0         76   dfixui.o
        48          0          0          0          0         68   dfixul.o
        34          0          0          0          0         76   dflti.o
        24          0          0          0          0         76   dfltul.o
       228          0          0          0          0         96   dmul.o
        38          0          0          0          0         68   f2d.o
       110          0          0          0          0        168   fepilogue.o

    ----------------------------------------------------------------------
     92704       8200       4480      73268     138032     785119   Library Totals
        92          4          8         30          5          0   (incl. Padding)

    ----------------------------------------------------------------------

      Code (inc. data)   RO Data    RW Data    ZI Data      Debug   Library Name

     86736       8014       4339      73226     138027     780999   P18.Lib.0102.DC4.SVN402.170721.lib
        56         12          0          0          0        132   m_wm.l
      4380        170        133         12          0       2700   mc_w.l
      1440          0          0          0          0       1288   mf_w.l

    ----------------------------------------------------------------------
     92704       8200       4480      73268     138032     785119   Library Totals

    ----------------------------------------------------------------------

==============================================================================


      Code (inc. data)   RO Data    RW Data    ZI Data      Debug   

    118948      15690       4648      73424     139636     788162   Grand Totals
    118948      15690       4648       2128     139636     788162   ELF Image Totals (compressed)
    118948      15690       4648       2128          0          0   ROM Totals

==============================================================================

    Total RO  Size (Code + RO Data)               123596 ( 120.70kB)
    Total RW  Size (RW Data + ZI Data)            213060 ( 208.07kB)
    Total ROM Size (Code + RO Data + RW Data)     125724 ( 122.78kB)

==============================================================================

