Component: ARM Compiler 5.06 update 2 (build 183) Tool: armlink [4d35b7]

==============================================================================

Section Cross References

    main.o(i.App2_FirstMenu) refers to com.o(i.COM1_SendNBytes) for COM1_SendNBytes
    main.o(i.App2_FirstMenu) refers to main.o(i.SendToPC) for SendToPC
    main.o(i.App2_FirstMenu) refers to main.o(.data) for LANGUAGE
    main.o(i.App2_Page0Func) refers to main.o(i.App2_Page0Menu) for App2_Page0Menu
    main.o(i.App2_Page0Func) refers to auto_debug.o(i.AUTO_Debug) for AUTO_Debug
    main.o(i.App2_Page0Func) refers to appif.o(i.SYS_ReadKey) for SYS_ReadKey
    main.o(i.App2_Page0Func) refers to lcd_debug.o(i.LCD_Debug) for LCD_Debug
    main.o(i.App2_Page0Func) refers to led_debug.o(i.LED_Debug) for LED_Debug
    main.o(i.App2_Page0Func) refers to ledseg_debug.o(i.LEDSeg_Debug) for LEDSeg_Debug
    main.o(i.App2_Page0Func) refers to key_debug.o(i.KEY_Debug) for KEY_Debug
    main.o(i.App2_Page0Func) refers to main.o(.data) for g_laohua_sign
    main.o(i.App2_Page0Menu) refers to com.o(i.COM1_SendNBytes) for COM1_SendNBytes
    main.o(i.App2_Page0Menu) refers to main.o(i.SendToPC) for SendToPC
    main.o(i.App2_Page0Menu) refers to main.o(.data) for LANGUAGE
    main.o(i.App2_Page1Func) refers to main.o(i.App2_Page1Menu) for App2_Page1Menu
    main.o(i.App2_Page1Func) refers to auto_debug.o(i.AUTO_Debug) for AUTO_Debug
    main.o(i.App2_Page1Func) refers to appif.o(i.SYS_ReadKey) for SYS_ReadKey
    main.o(i.App2_Page1Func) refers to beep_debug.o(i.BEEP_Debug) for BEEP_Debug
    main.o(i.App2_Page1Func) refers to sound_debug.o(i.Sound_Debug) for Sound_Debug
    main.o(i.App2_Page1Func) refers to rtc_debug.o(i.RTC_Debug) for RTC_Debug
    main.o(i.App2_Page1Func) refers to transmode_debug.o(i.TransMode_Debug) for TransMode_Debug
    main.o(i.App2_Page1Func) refers to main.o(.data) for g_laohua_sign
    main.o(i.App2_Page1Menu) refers to com.o(i.COM1_SendNBytes) for COM1_SendNBytes
    main.o(i.App2_Page1Menu) refers to main.o(i.SendToPC) for SendToPC
    main.o(i.App2_Page1Menu) refers to main.o(.data) for LANGUAGE
    main.o(i.App2_Page2Func) refers to main.o(i.App2_Page2Menu) for App2_Page2Menu
    main.o(i.App2_Page2Func) refers to auto_debug.o(i.AUTO_Debug) for AUTO_Debug
    main.o(i.App2_Page2Func) refers to appif.o(i.SYS_ReadKey) for SYS_ReadKey
    main.o(i.App2_Page2Func) refers to tcp_debug.o(i.TCP_Debug) for TCP_Debug
    main.o(i.App2_Page2Func) refers to gps.debug.o(i.GPS_Debug) for GPS_Debug
    main.o(i.App2_Page2Func) refers to bt_debug.o(i.BT_Debug) for BT_Debug
    main.o(i.App2_Page2Func) refers to irda_debug.o(i.IrDA_Debug) for IrDA_Debug
    main.o(i.App2_Page2Func) refers to main.o(.data) for g_laohua_sign
    main.o(i.App2_Page2Menu) refers to com.o(i.COM1_SendNBytes) for COM1_SendNBytes
    main.o(i.App2_Page2Menu) refers to main.o(i.SendToPC) for SendToPC
    main.o(i.App2_Page2Menu) refers to main.o(.data) for LANGUAGE
    main.o(i.App2_Page3Func) refers to main.o(i.App2_Page3Menu) for App2_Page3Menu
    main.o(i.App2_Page3Func) refers to auto_debug.o(i.AUTO_Debug) for AUTO_Debug
    main.o(i.App2_Page3Func) refers to appif.o(i.SYS_ReadKey) for SYS_ReadKey
    main.o(i.App2_Page3Func) refers to contact_debug.o(i.Contact_Debug) for Contact_Debug
    main.o(i.App2_Page3Func) refers to catactlesscard_debug.o(i.CatactlessCPU_Debug) for CatactlessCPU_Debug
    main.o(i.App2_Page3Func) refers to flash_debug.o(i.Flash_Debug) for Flash_Debug
    main.o(i.App2_Page3Func) refers to 2_4g_debug.o(i._2_4G_Debug) for _2_4G_Debug
    main.o(i.App2_Page3Func) refers to main.o(.data) for g_laohua_sign
    main.o(i.App2_Page3Menu) refers to com.o(i.COM1_SendNBytes) for COM1_SendNBytes
    main.o(i.App2_Page3Menu) refers to main.o(i.SendToPC) for SendToPC
    main.o(i.App2_Page3Menu) refers to main.o(.data) for LANGUAGE
    main.o(i.App2_Page4Func) refers to main.o(i.App2_Page4Menu) for App2_Page4Menu
    main.o(i.App2_Page4Func) refers to auto_debug.o(i.AUTO_Debug) for AUTO_Debug
    main.o(i.App2_Page4Func) refers to appif.o(i.SYS_ReadKey) for SYS_ReadKey
    main.o(i.App2_Page4Func) refers to qr_debug.o(i.QR_Debug) for QR_Debug
    main.o(i.App2_Page4Func) refers to catactlesscard_debug.o(i.CatactlessCPU_Debug) for CatactlessCPU_Debug
    main.o(i.App2_Page4Func) refers to flash_debug.o(i.Flash_Debug) for Flash_Debug
    main.o(i.App2_Page4Func) refers to version_debug.o(i.Version_Debug) for Version_Debug
    main.o(i.App2_Page4Func) refers to main.o(.data) for g_laohua_sign
    main.o(i.App2_Page4Menu) refers to com.o(i.COM1_SendNBytes) for COM1_SendNBytes
    main.o(i.App2_Page4Menu) refers to main.o(i.SendToPC) for SendToPC
    main.o(i.App2_Page4Menu) refers to main.o(.data) for LANGUAGE
    main.o(i.App3_Init) refers to appif.o(i.SYS_Init) for SYS_Init
    main.o(i.App3_Init) refers to gps.o(i.GPS_Init) for GPS_Init
    main.o(i.App3_Init) refers to tts.o(i.TTSInit) for TTSInit
[...]
    0x08024980   0x00000024   Code   RO         5604    .text               mc_w.l(memcpya.o)
    0x080249a4   0x00000024   Code   RO         5606    .text               mc_w.l(memseta.o)
    0x080249c8   0x00000024   Code   RO         5608    .text               mc_w.l(strstr.o)
    0x080249ec   0x0000000e   Code   RO         5610    .text               mc_w.l(strlen.o)
    0x080249fa   0x0000001a   Code   RO         5612    .text               mc_w.l(memcmp.o)
    0x08024a14   0x00000044   Code   RO         5618    .text               mc_w.l(strtok.o)
    0x08024a58   0x0000001a   Code   RO         5887    .text               mc_w.l(atoi.o)
    0x08024a72   0x0000014e   Code   RO         5889    .text               mf_w.l(dadd.o)
    0x08024bc0   0x000000e4   Code   RO         5891    .text               mf_w.l(dmul.o)
    0x08024ca4   0x000000de   Code   RO         5893    .text               mf_w.l(ddiv.o)
    0x08024d82   0x00000022   Code   RO         5895    .text               mf_w.l(dflti.o)
    0x08024da4   0x0000003e   Code   RO         5897    .text               mf_w.l(dfixi.o)
    0x08024de2   0x00000032   Code   RO         5899    .text               mf_w.l(dfixui.o)
    0x08024e14   0x00000026   Code   RO         5901    .text               mf_w.l(f2d.o)
    0x08024e3a   0x0000002c   Code   RO         5918    .text               mc_w.l(uidiv.o)
    0x08024e66   0x00000062   Code   RO         5920    .text               mc_w.l(uldiv.o)
    0x08024ec8   0x0000001e   Code   RO         5922    .text               mc_w.l(llshl.o)
    0x08024ee6   0x00000020   Code   RO         5924    .text               mc_w.l(llushr.o)
    0x08024f06   0x00000024   Code   RO         5926    .text               mc_w.l(llsshr.o)
    0x08024f2a   0x00000002   PAD
    0x08024f2c   0x0000009c   Code   RO         5935    .text               mc_w.l(strtod.o)
    0x08024fc8   0x00000070   Code   RO         5937    .text               mc_w.l(strtol.o)
    0x08025038   0x00000000   Code   RO         5939    .text               mc_w.l(iusefp.o)
    0x08025038   0x000000ba   Code   RO         5940    .text               mf_w.l(depilogue.o)
    0x080250f2   0x00000030   Code   RO         5942    .text               mf_w.l(dfixul.o)
    0x08025122   0x00000002   PAD
    0x08025124   0x00000030   Code   RO         5944    .text               mf_w.l(cdrcmple.o)
    0x08025154   0x00000198   Code   RO         5949    .text               P18.Lib.SVN609.170907.lib(stm32f4xxappinit.o)
    0x080252ec   0x00000024   Code   RO         5951    .text               mc_w.l(init.o)
    0x08025310   0x00000008   Code   RO         5955    .text               mc_w.l(ctype_o.o)
    0x08025318   0x00000012   Code   RO         5977    .text               mc_w.l(isspace_o.o)
    0x0802532a   0x00000002   PAD
    0x0802532c   0x00000338   Code   RO         5983    .text               mc_w.l(scanf_fp.o)
    0x08025664   0x00000040   Code   RO         5987    .text               mc_w.l(_sgetc.o)
    0x080256a4   0x0000009e   Code   RO         5989    .text               mc_w.l(_strtoul.o)
    0x08025742   0x0000001c   Code   RO         5994    .text               mc_w.l(_chval.o)
    0x0802575e   0x00000018   Code   RO         5996    .text               mf_w.l(dfltul.o)
    0x08025776   0x00000038   Code   RO         5998    .text               mf_w.l(d2f.o)
    0x080257ae   0x0000006e   Code   RO         6000    .text               mf_w.l(fepilogue.o)
    0x0802581c   0x00000056   Code   RO         6010    .text               mc_w.l(__dczerorl2.o)
    0x08025872   0x00000002   PAD
    0x08025874   0x00000090   Code   RO          375    i.ABC_memcmp        flash_debug.o
    0x08025904   0x000007fc   Code   RO          838    i.AUTO_Debug        auto_debug.o
    0x08026100   0x000000e8   Code   RO            1    i.App2_FirstMenu    main.o
    0x080261e8   0x000000b0   Code   RO            2    i.App2_Page0Func    main.o
    0x08026298   0x00000118   Code   RO            3    i.App2_Page0Menu    main.o
    0x080263b0   0x000000b0   Code   RO            4    i.App2_Page1Func    main.o
    0x08026460   0x00000128   Code   RO            5    i.App2_Page1Menu    main.o
    0x08026588   0x000000b0   Code   RO            6    i.App2_Page2Func    main.o
    0x08026638   0x00000108   Code   RO            7    i.App2_Page2Menu    main.o
    0x08026740   0x000000b0   Code   RO            8    i.App2_Page3Func    main.o
    0x080267f0   0x00000128   Code   RO            9    i.App2_Page3Menu    main.o
    0x08026918   0x000000b0   Code   RO           10    i.App2_Page4Func    main.o
    0x080269c8   0x00000110   Code   RO           11    i.App2_Page4Menu    main.o
    0x08026ad8   0x00000074   Code   RO           12    i.App3_Init         main.o
    0x08026b4c   0x000000a4   Code   RO          299    i.BEEP_Debug        beep_debug.o
    0x08026bf0   0x00000030   Code   RO         3300    i.BEEP_PortInit     P18.Lib.SVN609.170907.lib(beep.o)
    0x08026c20   0x0000000c   Code   RO         3301    i.BEEP_Start        P18.Lib.SVN609.170907.lib(beep.o)
    0x08026c2c   0x0000000c   Code   RO         3302    i.BEEP_Stop         P18.Lib.SVN609.170907.lib(beep.o)
    0x08026c38   0x00000028   Code   RO         4645    i.BSP_u8ConfigTypeC212  P18.Lib.SVN609.170907.lib(felica.o)
    0x08026c60   0x00000040   Code   RO         4646    i.BSP_u8ConfigTypeC424  P18.Lib.SVN609.170907.lib(felica.o)
    0x08026ca0   0x00000614   Code   RO          312    i.BT_Debug          bt_debug.o
    0x080272b4   0x00000048   Code   RO         1563    i.BusFault_Handler  P18.Lib.SVN609.170907.lib(ctrl0.o)
    0x080272fc   0x00000012   Code   RO         2204    i.COM1_SendNBytes   P18.Lib.SVN609.170907.lib(com.o)
    0x0802730e   0x00000002   PAD
    0x08027310   0x0000000c   Code   RO         1564    i.COM1_SetCOM1CALLBACKFUNC  P18.Lib.SVN609.170907.lib(ctrl0.o)
    0x0802731c   0x0000005c   Code   RO          541    i.COM3_ReceiveData  transmode_debug.o
    0x08027378   0x0000000c   Code   RO         1565    i.COM3_SetCOM3CALLBACKFUNC  P18.Lib.SVN609.170907.lib(ctrl0.o)
    0x08027384   0x0000005c   Code   RO         1120    i.COM4_AuxioInit    P18.Lib.SVN609.170907.lib(appif.o)
    0x080273e0   0x00000098   Code   RO         1121    i.COM4_AuxioSelect  P18.Lib.SVN609.170907.lib(appif.o)
    0x08027478   0x00000010   Code   RO         2217    i.COM4_ClearStore   P18.Lib.SVN609.170907.lib(com.o)
    0x08027488   0x00000040   Code   RO         4821    i.COM4_IRQReceiveByte  P18.Lib.SVN609.170907.lib(irda_port.o)
    0x080274c8   0x0000000e   Code   RO         2224    i.COM4_SendByte     P18.Lib.SVN609.170907.lib(com.o)
    0x080274d6   0x00000002   PAD
    0x080274d8   0x0000000c   Code   RO         1566    i.COM4_SetCOM4CALLBACKFUNC  P18.Lib.SVN609.170907.lib(ctrl0.o)
    0x080274e4   0x0000005c   Code   RO         1123    i.COM5_AuxioInit    P18.Lib.SVN609.170907.lib(appif.o)
    0x08027540   0x00000098   Code   RO         1124    i.COM5_AuxioSelect  P18.Lib.SVN609.170907.lib(appif.o)
    0x080275d8   0x00000010   Code   RO         2227    i.COM5_ClearStore   P18.Lib.SVN609.170907.lib(com.o)
    0x080275e8   0x00000040   Code   RO         4822    i.COM5_IRQReceiveByte  P18.Lib.SVN609.170907.lib(irda_port.o)
    0x08027628   0x0000000e   Code   RO         2233    i.COM5_SendByte     P18.Lib.SVN609.170907.lib(com.o)
    0x08027636   0x00000002   PAD
    0x08027638   0x0000000c   Code   RO         1567    i.COM5_SetCOM5CALLBACKFUNC  P18.Lib.SVN609.170907.lib(ctrl0.o)
    0x08027644   0x0000005c   Code   RO         1126    i.COM6_AuxioInit    P18.Lib.SVN609.170907.lib(appif.o)
    0x080276a0   0x00000064   Code   RO         1127    i.COM6_AuxioSelect  P18.Lib.SVN609.170907.lib(appif.o)
    0x08027704   0x00000248   Code   RO          542    i.COM_Debug         transmode_debug.o
    0x0802794c   0x00000050   Code   RO         3056    i.COM_SelectTCP     P18.Lib.SVN609.170907.lib(tcp_port.o)
    0x0802799c   0x0000002c   Code   RO         4698    i.COM_Select_24g    P18.Lib.SVN609.170907.lib(_24g_port.o)
    0x080279c8   0x00000084   Code   RO         1498    i.Calc_WeekDay      P18.Lib.SVN609.170907.lib(rtc.o)
    0x08027a4c   0x00000674   Code   RO          759    i.CatactlessCPU_Debug  catactlesscard_debug.o
    0x080280c0   0x000000d0   Code   RO          352    i.Contact_Debug     contact_debug.o
    0x08028190   0x00000022   Code   RO         5235    i.DCD_DevDisconnect  P18.Lib.SVN609.170907.lib(usb_dcd.o)
    0x080281b2   0x00000048   Code   RO         5237    i.DCD_EP_ClrStall   P18.Lib.SVN609.170907.lib(usb_dcd.o)
    0x080281fa   0x00000068   Code   RO         5239    i.DCD_EP_Open       P18.Lib.SVN609.170907.lib(usb_dcd.o)
    0x08028262   0x00000052   Code   RO         5240    i.DCD_EP_PrepareRx  P18.Lib.SVN609.170907.lib(usb_dcd.o)
    0x080282b4   0x0000001c   Code   RO         5241    i.DCD_EP_SetAddress  P18.Lib.SVN609.170907.lib(usb_dcd.o)
    0x080282d0   0x00000048   Code   RO         5242    i.DCD_EP_Stall      P18.Lib.SVN609.170907.lib(usb_dcd.o)
    0x08028318   0x0000004e   Code   RO         5243    i.DCD_EP_Tx         P18.Lib.SVN609.170907.lib(usb_dcd.o)
    0x08028366   0x00000066   Code   RO         3405    i.DCD_HandleEnumDone_ISR  P18.Lib.SVN609.170907.lib(usb_dcd_int.o)
    0x080283cc   0x00000144   Code   RO         3406    i.DCD_HandleInEP_ISR  P18.Lib.SVN609.170907.lib(usb_dcd_int.o)
    0x08028510   0x00000100   Code   RO         3407    i.DCD_HandleOutEP_ISR  P18.Lib.SVN609.170907.lib(usb_dcd_int.o)
    0x08028610   0x00000068   Code   RO         3408    i.DCD_HandleResume_ISR  P18.Lib.SVN609.170907.lib(usb_dcd_int.o)
    0x08028678   0x000000b0   Code   RO         3409    i.DCD_HandleRxStatusQueueLevel_ISR  P18.Lib.SVN609.170907.lib(usb_dcd_int.o)
    0x08028728   0x0000002c   Code   RO         3410    i.DCD_HandleSof_ISR  P18.Lib.SVN609.170907.lib(usb_dcd_int.o)
    0x08028754   0x000000a8   Code   RO         3411    i.DCD_HandleUSBSuspend_ISR  P18.Lib.SVN609.170907.lib(usb_dcd_int.o)
    0x080287fc   0x00000104   Code   RO         3412    i.DCD_HandleUsbReset_ISR  P18.Lib.SVN609.170907.lib(usb_dcd_int.o)
    0x08028900   0x0000002c   Code   RO         3413    i.DCD_IsoINIncomplete_ISR  P18.Lib.SVN609.170907.lib(usb_dcd_int.o)
    0x0802892c   0x0000002c   Code   RO         3414    i.DCD_IsoOUTIncomplete_ISR  P18.Lib.SVN609.170907.lib(usb_dcd_int.o)
    0x08028958   0x0000002c   Code   RO         3415    i.DCD_OTG_ISR       P18.Lib.SVN609.170907.lib(usb_dcd_int.o)
    0x08028984   0x00000028   Code   RO         3416    i.DCD_ReadDevInEP   P18.Lib.SVN609.170907.lib(usb_dcd_int.o)
    0x080289ac   0x0000002c   Code   RO         3417    i.DCD_SessionRequest_ISR  P18.Lib.SVN609.170907.lib(usb_dcd_int.o)
    0x080289d8   0x00000090   Code   RO         3418    i.DCD_WriteEmptyTxFifo  P18.Lib.SVN609.170907.lib(usb_dcd_int.o)
    0x08028a68   0x00000016   Code   RO         3451    i.DMA_Cmd           P18.Lib.SVN609.170907.lib(stm32f4xx_dma.o)
    0x08028a7e   0x00000002   PAD
    0x08028a80   0x00000198   Code   RO         1830    i.DMA_Configuration  P18.Lib.SVN609.170907.lib(uart_dma.o)
    0x08028c18   0x00000158   Code   RO         3452    i.DMA_DeInit        P18.Lib.SVN609.170907.lib(stm32f4xx_dma.o)
    0x08028d70   0x00000008   Code   RO         3457    i.DMA_GetCurrDataCounter  P18.Lib.SVN609.170907.lib(stm32f4xx_dma.o)
    0x08028d78   0x00000058   Code   RO         3463    i.DMA_Init          P18.Lib.SVN609.170907.lib(stm32f4xx_dma.o)
    0x08028dd0   0x00000044   Code   RO         1568    i.DebugMon_Handler  P18.Lib.SVN609.170907.lib(ctrl0.o)
    0x08028e14   0x00000030   Code   RO         1569    i.EXTI15_10_IRQHandler  P18.Lib.SVN609.170907.lib(ctrl0.o)
    0x08028e44   0x00000034   Code   RO         1570    i.EXTI1_IRQHandler  P18.Lib.SVN609.170907.lib(ctrl0.o)
    0x08028e78   0x00000038   Code   RO         1571    i.EXTI3_IRQHandler  P18.Lib.SVN609.170907.lib(ctrl0.o)
    0x08028eb0   0x00000038   Code   RO         1572    i.EXTI9_5_IRQHandler  P18.Lib.SVN609.170907.lib(ctrl0.o)
    0x08028ee8   0x0000000c   Code   RO         3490    i.EXTI_ClearITPendingBit  P18.Lib.SVN609.170907.lib(stm32f4xx_exti.o)
    0x08028ef4   0x00000028   Code   RO         3494    i.EXTI_GetITStatus  P18.Lib.SVN609.170907.lib(stm32f4xx_exti.o)
    0x08028f1c   0x00000094   Code   RO         3495    i.EXTI_Init         P18.Lib.SVN609.170907.lib(stm32f4xx_exti.o)
    0x08028fb0   0x0000000c   Code   RO         3507    i.FLASH_ClearFlag   P18.Lib.SVN609.170907.lib(stm32f4xx_flash.o)
    0x08028fbc   0x00000024   Code   RO         3508    i.FLASH_DataCacheCmd  P18.Lib.SVN609.170907.lib(stm32f4xx_flash.o)
    0x08028fe0   0x00000088   Code   RO         3511    i.FLASH_EraseSector  P18.Lib.SVN609.170907.lib(stm32f4xx_flash.o)
    0x08029068   0x00000048   Code   RO         3513    i.FLASH_GetStatus   P18.Lib.SVN609.170907.lib(stm32f4xx_flash.o)
    0x080290b0   0x00000014   Code   RO         3517    i.FLASH_Lock        P18.Lib.SVN609.170907.lib(stm32f4xx_flash.o)
    0x080290c4   0x00000050   Code   RO         3533    i.FLASH_ProgramWord  P18.Lib.SVN609.170907.lib(stm32f4xx_flash.o)
    0x08029114   0x00000024   Code   RO         3535    i.FLASH_Unlock      P18.Lib.SVN609.170907.lib(stm32f4xx_flash.o)
    0x08029138   0x00000022   Code   RO         3536    i.FLASH_WaitForLastOperation  P18.Lib.SVN609.170907.lib(stm32f4xx_flash.o)
    0x0802915a   0x00000002   PAD
    0x0802915c   0x00000034   Code   RO         3580    i.FSMC_NORSRAMCmd   P18.Lib.SVN609.170907.lib(stm32f4xx_fsmc.o)
    0x08029190   0x000000e6   Code   RO         3582    i.FSMC_NORSRAMInit  P18.Lib.SVN609.170907.lib(stm32f4xx_fsmc.o)
    0x08029276   0x00000016   Code   RO          376    i.Fill_Buffer_8     flash_debug.o
    0x0802928c   0x00000030   Code   RO         1649    i.Flash_BusyState   P18.Lib.SVN609.170907.lib(flash.o)
    0x080292bc   0x00000098   Code   RO         1650    i.Flash_Calc_Size   P18.Lib.SVN609.170907.lib(flash.o)
    0x08029354   0x00000344   Code   RO          377    i.Flash_Debug       flash_debug.o
    0x08029698   0x00000058   Code   RO         1653    i.Flash_EraseSector  P18.Lib.SVN609.170907.lib(flash.o)
    0x080296f0   0x00000014   Code   RO         1654    i.Flash_Get_Size    P18.Lib.SVN609.170907.lib(flash.o)
    0x08029704   0x0000026c   Code   RO         1655    i.Flash_Init        P18.Lib.SVN609.170907.lib(flash.o)
    0x08029970   0x00000044   Code   RO         1656    i.Flash_Prog_Con_Word  P18.Lib.SVN609.170907.lib(flash.o)
    0x080299b4   0x0000002a   Code   RO         1657    i.Flash_Read        P18.Lib.SVN609.170907.lib(flash.o)
    0x080299de   0x00000002   PAD
    0x080299e0   0x00000034   Code   RO         1658    i.Flash_ReadBuffer  P18.Lib.SVN609.170907.lib(flash.o)
    0x08029a14   0x0000002c   Code   RO         1659    i.Flash_ReadID      P18.Lib.SVN609.170907.lib(flash.o)
    0x08029a40   0x0000000c   Code   RO         1662    i.Flash_ReturnToReadMode  P18.Lib.SVN609.170907.lib(flash.o)
    0x08029a4c   0x0000001e   Code   RO         1663    i.Flash_UserRead    P18.Lib.SVN609.170907.lib(flash.o)
    0x08029a6a   0x0000001e   Code   RO         1664    i.Flash_UserWrite   P18.Lib.SVN609.170907.lib(flash.o)
    0x08029a88   0x0000014c   Code   RO         1665    i.Flash_Write       P18.Lib.SVN609.170907.lib(flash.o)
    0x08029bd4   0x00000030   Code   RO         1667    i.Flash_Write_OneWord  P18.Lib.SVN609.170907.lib(flash.o)
    0x08029c04   0x000001a0   Code   RO          378    i.Fram_Debug        flash_debug.o
    0x08029da4   0x00000090   Code   RO         3610    i.GPIO_Init         P18.Lib.SVN609.170907.lib(stm32f4xx_gpio.o)
    0x08029e34   0x00000046   Code   RO         3611    i.GPIO_PinAFConfig  P18.Lib.SVN609.170907.lib(stm32f4xx_gpio.o)
    0x08029e7a   0x00000012   Code   RO         3614    i.GPIO_ReadInputDataBit  P18.Lib.SVN609.170907.lib(stm32f4xx_gpio.o)
    0x08029e8c   0x00000004   Code   RO         3617    i.GPIO_ResetBits    P18.Lib.SVN609.170907.lib(stm32f4xx_gpio.o)
    0x08029e90   0x00000004   Code   RO         3618    i.GPIO_SetBits      P18.Lib.SVN609.170907.lib(stm32f4xx_gpio.o)
    0x08029e94   0x000002d0   Code   RO          716    i.GPS_Debug         gps.debug.o
    0x0802a164   0x000004e0   Code   RO         2281    i.GPS_GetInformation  P18.Lib.SVN609.170907.lib(gps.o)
    0x0802a644   0x00000050   Code   RO         2282    i.GPS_Init          P18.Lib.SVN609.170907.lib(gps.o)
    0x0802a694   0x00000050   Code   RO         2283    i.GPS_QueryInit     P18.Lib.SVN609.170907.lib(gps.o)
    0x0802a6e4   0x000000a4   Code   RO         2284    i.GPS_QueryLaLO     P18.Lib.SVN609.170907.lib(gps.o)
    0x0802a788   0x00000120   Code   RO         2285    i.GPS_dddmm_dd      P18.Lib.SVN609.170907.lib(gps.o)
    0x0802a8a8   0x000001bc   Code   RO         1573    i.HardFault_Handler  P18.Lib.SVN609.170907.lib(ctrl0.o)
    0x0802aa64   0x00000030   Code   RO         1536    i.IRQkey_Init       P18.Lib.SVN609.170907.lib(irqkey.o)
    0x0802aa94   0x00000046   Code   RO         1537    i.IRQkey_IntExitInit  P18.Lib.SVN609.170907.lib(irqkey.o)
    0x0802aada   0x00000002   PAD
    0x0802aadc   0x00000060   Code   RO         1538    i.IRQkey_IntGPIOConfig  P18.Lib.SVN609.170907.lib(irqkey.o)
    0x0802ab3c   0x00000040   Code   RO         1540    i.IRQkey_NVICInterruptConfig  P18.Lib.SVN609.170907.lib(irqkey.o)
    0x0802ab7c   0x00000010   Code   RO         3639    i.IWDG_Enable       P18.Lib.SVN609.170907.lib(stm32f4xx_iwdg.o)
    0x0802ab8c   0x00000010   Code   RO         3641    i.IWDG_ReloadCounter  P18.Lib.SVN609.170907.lib(stm32f4xx_iwdg.o)
    0x0802ab9c   0x0000000c   Code   RO         3642    i.IWDG_SetPrescaler  P18.Lib.SVN609.170907.lib(stm32f4xx_iwdg.o)
    0x0802aba8   0x0000000c   Code   RO         3643    i.IWDG_SetReload    P18.Lib.SVN609.170907.lib(stm32f4xx_iwdg.o)
    0x0802abb4   0x0000000c   Code   RO         3644    i.IWDG_WriteAccessCmd  P18.Lib.SVN609.170907.lib(stm32f4xx_iwdg.o)
    0x0802abc0   0x000000ac   Code   RO         4823    i.IrDA_Configuration  P18.Lib.SVN609.170907.lib(irda_port.o)
    0x0802ac6c   0x00000204   Code   RO          821    i.IrDA_Debug        irda_debug.o
    0x0802ae70   0x00000040   Code   RO         2467    i.IrDA_Init         P18.Lib.SVN609.170907.lib(irda.o)
    0x0802aeb0   0x000001a0   Code   RO         2468    i.IrDA_ReadData     P18.Lib.SVN609.170907.lib(irda.o)
    0x0802b050   0x000000c8   Code   RO         2469    i.IrDA_SendNBytes   P18.Lib.SVN609.170907.lib(irda.o)
    0x0802b118   0x00000110   Code   RO          418    i.KEY_Debug         key_debug.o
    0x0802b228   0x00000014   Code   RO         3363    i.Kernel_GetTExtFlashType  P18.Lib.SVN609.170907.lib(kernel.o)
    0x0802b23c   0x00000014   Code   RO         3364    i.Kernel_GetTExtRamType  P18.Lib.SVN609.170907.lib(kernel.o)
    0x0802b250   0x00000068   Code   RO         4943    i.LCD_Clear_y       P18.Lib.SVN609.170907.lib(lcd_port.o)
    0x0802b2b8   0x0000007c   Code   RO         2630    i.LCD_Clrscr        P18.Lib.SVN609.170907.lib(lcd.o)
    0x0802b334   0x000000dc   Code   RO          443    i.LCD_Debug         lcd_debug.o
    0x0802b410   0x000002b8   Code   RO         2634    i.LCD_Display_Row   P18.Lib.SVN609.170907.lib(lcd.o)
    0x0802b6c8   0x0000007c   Code   RO         2637    i.LCD_Eliminate     P18.Lib.SVN609.170907.lib(lcd.o)
    0x0802b744   0x0000006c   Code   RO         4944    i.LCD_GPIO_Config   P18.Lib.SVN609.170907.lib(lcd_port.o)
    0x0802b7b0   0x00000028   Code   RO         4945    i.LCD_HardwareReset  P18.Lib.SVN609.170907.lib(lcd_port.o)
    0x0802b7d8   0x000000d4   Code   RO         2639    i.LCD_Init          P18.Lib.SVN609.170907.lib(lcd.o)
    0x0802b8ac   0x00000050   Code   RO         4946    i.LCD_SendByte      P18.Lib.SVN609.170907.lib(lcd_port.o)
    0x0802b8fc   0x00000044   Code   RO         4948    i.LCD_W_Com         P18.Lib.SVN609.170907.lib(lcd_port.o)
    0x0802b940   0x0000002c   Code   RO         4949    i.LCD_W_Data        P18.Lib.SVN609.170907.lib(lcd_port.o)
    0x0802b96c   0x00000010   Code   RO         4526    i.LEDSEG_ClkPinHigh  P18.Lib.SVN609.170907.lib(ledseg_driver.o)
    0x0802b97c   0x00000010   Code   RO         4527    i.LEDSEG_ClkPinLow  P18.Lib.SVN609.170907.lib(ledseg_driver.o)
    0x0802b98c   0x00000014   Code   RO         1693    i.LEDSEG_ClkSet     P18.Lib.SVN609.170907.lib(led_seg.o)
    0x0802b9a0   0x00000024   Code   RO         4529    i.LEDSEG_DataOutput  P18.Lib.SVN609.170907.lib(ledseg_driver.o)
    0x0802b9c4   0x00000098   Code   RO         1694    i.LEDSEG_Display    P18.Lib.SVN609.170907.lib(led_seg.o)
    0x0802ba5c   0x0000002e   Code   RO         1697    i.LEDSEG_I2CStart   P18.Lib.SVN609.170907.lib(led_seg.o)
    0x0802ba8a   0x00000028   Code   RO         1698    i.LEDSEG_I2CStop    P18.Lib.SVN609.170907.lib(led_seg.o)
    0x0802bab2   0x0000001e   Code   RO         1699    i.LEDSEG_Init       P18.Lib.SVN609.170907.lib(led_seg.o)
    0x0802bad0   0x0000008c   Code   RO         1700    i.LEDSEG_ModeSelect  P18.Lib.SVN609.170907.lib(led_seg.o)
    0x0802bb5c   0x00000050   Code   RO         4530    i.LEDSEG_PortInit   P18.Lib.SVN609.170907.lib(ledseg_driver.o)
    0x0802bbac   0x00000002   Code   RO         4531    i.LEDSEG_RowSelect  P18.Lib.SVN609.170907.lib(ledseg_driver.o)
    0x0802bbae   0x00000002   PAD
    0x0802bbb0   0x00000010   Code   RO         4532    i.LEDSEG_SdaPinHigh  P18.Lib.SVN609.170907.lib(ledseg_driver.o)
    0x0802bbc0   0x00000010   Code   RO         4533    i.LEDSEG_SdaPinLow  P18.Lib.SVN609.170907.lib(ledseg_driver.o)
    0x0802bbd0   0x00000014   Code   RO         1703    i.LEDSEG_SdaSet     P18.Lib.SVN609.170907.lib(led_seg.o)
    0x0802bbe4   0x0000001a   Code   RO         1704    i.LEDSEG_Write      P18.Lib.SVN609.170907.lib(led_seg.o)
    0x0802bbfe   0x0000006c   Code   RO         1705    i.LEDSEG_WriteByte  P18.Lib.SVN609.170907.lib(led_seg.o)
    0x0802bc6a   0x00000002   PAD
    0x0802bc6c   0x00000218   Code   RO          486    i.LEDSeg_Debug      ledseg_debug.o
    0x0802be84   0x000001c0   Code   RO          460    i.LED_Debug         led_debug.o
    0x0802c044   0x00000354   Code   RO         1862    i.LED_Display       P18.Lib.SVN609.170907.lib(led.o)
    0x0802c398   0x00000084   Code   RO         1864    i.LED_Init          P18.Lib.SVN609.170907.lib(led.o)
    0x0802c41c   0x00000158   Code   RO         1575    i.LED_Process       P18.Lib.SVN609.170907.lib(ctrl0.o)
    0x0802c574   0x0000033c   Code   RO         1768    i.MXFLASH_CheckSectorLock  P18.Lib.SVN609.170907.lib(mxflash.o)
    0x0802c8b0   0x000001c0   Code   RO         1769    i.MXFLASH_Config    P18.Lib.SVN609.170907.lib(mxflash.o)
    0x0802ca70   0x0000003c   Code   RO         1772    i.MXFLASH_Erase     P18.Lib.SVN609.170907.lib(mxflash.o)
    0x0802caac   0x00000044   Code   RO         1775    i.MXFLASH_EraseSector  P18.Lib.SVN609.170907.lib(mxflash.o)
    0x0802caf0   0x00000064   Code   RO         1776    i.MXFLASH_FReadNByte  P18.Lib.SVN609.170907.lib(mxflash.o)
    0x0802cb54   0x0000000c   Code   RO         1777    i.MXFLASH_GetSize   P18.Lib.SVN609.170907.lib(mxflash.o)
    0x0802cb60   0x00000012   Code   RO         1778    i.MXFLASH_Init      P18.Lib.SVN609.170907.lib(mxflash.o)
    0x0802cb72   0x00000002   PAD
    0x0802cb74   0x0000017c   Code   RO         1779    i.MXFLASH_PortInit  P18.Lib.SVN609.170907.lib(mxflash.o)
    0x0802ccf0   0x0000005c   Code   RO         1780    i.MXFLASH_ProgramPage  P18.Lib.SVN609.170907.lib(mxflash.o)
    0x0802cd4c   0x00000030   Code   RO         1781    i.MXFLASH_Read      P18.Lib.SVN609.170907.lib(mxflash.o)
    0x0802cd7c   0x00000044   Code   RO         1782    i.MXFLASH_ReadID    P18.Lib.SVN609.170907.lib(mxflash.o)
    0x0802cdc0   0x00000034   Code   RO         1785    i.MXFLASH_ReadStatus  P18.Lib.SVN609.170907.lib(mxflash.o)
    0x0802cdf4   0x000000a8   Code   RO         1788    i.MXFLASH_SPISendReceiveByte  P18.Lib.SVN609.170907.lib(mxflash.o)
    0x0802ce9c   0x000000ac   Code   RO         1789    i.MXFLASH_Select    P18.Lib.SVN609.170907.lib(mxflash.o)
    0x0802cf48   0x00000024   Code   RO         1790    i.MXFLASH_WaitReady  P18.Lib.SVN609.170907.lib(mxflash.o)
    0x0802cf6c   0x00000248   Code   RO         1791    i.MXFLASH_Write     P18.Lib.SVN609.170907.lib(mxflash.o)
    0x0802d1b4   0x0000002c   Code   RO         1793    i.MXFLASH_WriteEnable  P18.Lib.SVN609.170907.lib(mxflash.o)
    0x0802d1e0   0x00000044   Code   RO         4580    i.Mafire_u8AuthenParse  P18.Lib.SVN609.170907.lib(pcsc.o)
    0x0802d224   0x000000e8   Code   RO         5512    i.Mafire_u8Authentication  P18.Lib.SVN609.170907.lib(mifare.o)
    0x0802d30c   0x0000007c   Code   RO         4581    i.Mafire_u8GeneralAuthenticateCommand  P18.Lib.SVN609.170907.lib(pcsc.o)
    0x0802d388   0x0000001e   Code   RO         4582    i.Mafire_u8GetAuthenBlock  P18.Lib.SVN609.170907.lib(pcsc.o)
    0x0802d3a6   0x00000002   PAD
    0x0802d3a8   0x000000e8   Code   RO         4583    i.Mafire_u8GetDataCommand  P18.Lib.SVN609.170907.lib(pcsc.o)
    0x0802d490   0x00000042   Code   RO         5517    i.Mafire_u8InitValueBlock  P18.Lib.SVN609.170907.lib(mifare.o)
    0x0802d4d2   0x00000002   PAD
    0x0802d4d4   0x00000078   Code   RO         4584    i.Mafire_u8LoadKeysCommand  P18.Lib.SVN609.170907.lib(pcsc.o)
    0x0802d54c   0x00000056   Code   RO         5518    i.Mafire_u8Read     P18.Lib.SVN609.170907.lib(mifare.o)
    0x0802d5a2   0x00000002   PAD
    0x0802d5a4   0x000000d4   Code   RO         4585    i.Mafire_u8ReadBinaryCommand  P18.Lib.SVN609.170907.lib(pcsc.o)
    0x0802d678   0x00000070   Code   RO         4586    i.Mafire_u8ReadValueCommand  P18.Lib.SVN609.170907.lib(pcsc.o)
    0x0802d6e8   0x00000094   Code   RO         4587    i.Mafire_u8UpdateBinaryCommand  P18.Lib.SVN609.170907.lib(pcsc.o)
    0x0802d77c   0x000000bc   Code   RO         4588    i.Mafire_u8UpdateValueCommand  P18.Lib.SVN609.170907.lib(pcsc.o)
    0x0802d838   0x000000ee   Code   RO         4589    i.Mafire_u8ValueIncDecCommand  P18.Lib.SVN609.170907.lib(pcsc.o)
    0x0802d926   0x000000ce   Code   RO         5519    i.Mafire_u8ValueOperation  P18.Lib.SVN609.170907.lib(mifare.o)
    0x0802d9f4   0x000000ea   Code   RO         5520    i.Mafire_u8Write    P18.Lib.SVN609.170907.lib(mifare.o)
    0x0802dade   0x00000002   PAD
    0x0802dae0   0x00000010   Code   RO         4591    i.Mafire_vResetAuthenParam  P18.Lib.SVN609.170907.lib(pcsc.o)
    0x0802daf0   0x00000048   Code   RO         1576    i.MemManage_Handler  P18.Lib.SVN609.170907.lib(ctrl0.o)
    0x0802db38   0x00000a20   Code   RO          760    i.Mifare1_Debug     catactlesscard_debug.o
    0x0802e558   0x00000264   Code   RO          379    i.MxFlash_Debug     flash_debug.o
    0x0802e7bc   0x00000044   Code   RO         1577    i.NMI_Handler       P18.Lib.SVN609.170907.lib(ctrl0.o)
    0x0802e800   0x0000004c   Code   RO         4619    i.NTAG_u8GetVersion  P18.Lib.SVN609.170907.lib(ntag21x.o)
    0x0802e84c   0x0000001e   Code   RO         4620    i.NTAG_u8IsNtag     P18.Lib.SVN609.170907.lib(ntag21x.o)
    0x0802e86a   0x00000002   PAD
    0x0802e86c   0x00000078   Code   RO         3437    i.NVIC_Init         P18.Lib.SVN609.170907.lib(misc.o)
    0x0802e8e4   0x00000014   Code   RO         3438    i.NVIC_PriorityGroupConfig  P18.Lib.SVN609.170907.lib(misc.o)
    0x0802e8f8   0x00000028   Code   RO         3312    i.NVIC_SetPriority  P18.Lib.SVN609.170907.lib(systick.o)
    0x0802e920   0x00000014   Code   RO         3439    i.NVIC_SetVectorTable  P18.Lib.SVN609.170907.lib(misc.o)
    0x0802e934   0x00000014   Code   RO         1579    i.OTG_FS_IRQHandler  P18.Lib.SVN609.170907.lib(ctrl0.o)
    0x0802e948   0x00000030   Code   RO         4592    i.PCSC_u8GeneralCommand  P18.Lib.SVN609.170907.lib(pcsc.o)
    0x0802e978   0x00000154   Code   RO         4593    i.PCSC_u8MafireCmd  P18.Lib.SVN609.170907.lib(pcsc.o)
    0x0802eacc   0x00000042   Code   RO         4594    i.PCSC_u8TagAnalyse  P18.Lib.SVN609.170907.lib(pcsc.o)
    0x0802eb0e   0x00000002   PAD
    0x0802eb10   0x00000084   Code   RO         4595    i.PCSC_u8ValueIncDecCommand  P18.Lib.SVN609.170907.lib(pcsc.o)
    0x0802eb94   0x00000038   Code   RO         4543    i.PICC_RC523InterfaceInit  P18.Lib.SVN609.170907.lib(rc523.o)
    0x0802ebcc   0x00000040   Code   RO         1946    i.PICC_TypeBMemSelect  P18.Lib.SVN609.170907.lib(iso14443.o)
    0x0802ec0c   0x00000028   Code   RO         1947    i.PICC_u16GetRevBits  P18.Lib.SVN609.170907.lib(iso14443.o)
    0x0802ec34   0x00000060   Code   RO         1949    i.PICC_u8AbsentPolling  P18.Lib.SVN609.170907.lib(iso14443.o)
    0x0802ec94   0x000000b4   Code   RO         1950    i.PICC_u8ActiveTransferErrCheckWait  P18.Lib.SVN609.170907.lib(iso14443.o)
    0x0802ed48   0x000001f0   Code   RO         1951    i.PICC_u8ChinaIDTranscive  P18.Lib.SVN609.170907.lib(iso14443.o)
    0x0802ef38   0x00000006   Code   RO         4544    i.PICC_u8GetFIFOLevel  P18.Lib.SVN609.170907.lib(rc523.o)
    0x0802ef3e   0x00000002   PAD
    0x0802ef40   0x0000000c   Code   RO         1958    i.PICC_u8GetPiccSAK  P18.Lib.SVN609.170907.lib(iso14443.o)
    0x0802ef4c   0x0000002c   Code   RO         1960    i.PICC_u8GetPiccType  P18.Lib.SVN609.170907.lib(iso14443.o)
    0x0802ef78   0x00000050   Code   RO         1961    i.PICC_u8GetPiccUid  P18.Lib.SVN609.170907.lib(iso14443.o)
    0x0802efc8   0x00000020   Code   RO         4649    i.PICC_u8GetTypeCNFCID  P18.Lib.SVN609.170907.lib(felica.o)
    0x0802efe8   0x0000000c   Code   RO         1962    i.PICC_u8ISCPUM1Mode  P18.Lib.SVN609.170907.lib(iso14443.o)
    0x0802eff4   0x000000c8   Code   RO         1964    i.PICC_u8MifareSelect  P18.Lib.SVN609.170907.lib(iso14443.o)
    0x0802f0bc   0x0000005c   Code   RO         1965    i.PICC_u8ParseRate  P18.Lib.SVN609.170907.lib(iso14443.o)
    0x0802f118   0x000001b8   Code   RO         1966    i.PICC_u8PcdAPUDTcl  P18.Lib.SVN609.170907.lib(iso14443.o)
    0x0802f2d0   0x00000014   Code   RO         1967    i.PICC_u8PcdBlockNumCheck  P18.Lib.SVN609.170907.lib(iso14443.o)
    0x0802f2e4   0x00000034   Code   RO         1968    i.PICC_u8PcdChinaIDAPUDTcl  P18.Lib.SVN609.170907.lib(iso14443.o)
    0x0802f318   0x00000118   Code   RO         1969    i.PICC_u8PcdCmd     P18.Lib.SVN609.170907.lib(iso14443.o)
    0x0802f430   0x00000014   Code   RO         1971    i.PICC_u8PcdGetPiccRate  P18.Lib.SVN609.170907.lib(iso14443.o)
    0x0802f444   0x00000020   Code   RO         1973    i.PICC_u8PcdInit    P18.Lib.SVN609.170907.lib(iso14443.o)
    0x0802f464   0x0000008c   Code   RO         1974    i.PICC_u8PcdRBlockTransceive  P18.Lib.SVN609.170907.lib(iso14443.o)
    0x0802f4f0   0x0000003e   Code   RO         1975    i.PICC_u8PcdSBlockParamParse  P18.Lib.SVN609.170907.lib(iso14443.o)
    0x0802f52e   0x00000002   PAD
    0x0802f530   0x0000006c   Code   RO         1976    i.PICC_u8PcdSBlockTransceive  P18.Lib.SVN609.170907.lib(iso14443.o)
    0x0802f59c   0x00000158   Code   RO         1977    i.PICC_u8PcdTclErrCheckParse  P18.Lib.SVN609.170907.lib(iso14443.o)
    0x0802f6f4   0x0000026c   Code   RO         1978    i.PICC_u8PcdTclTransceive  P18.Lib.SVN609.170907.lib(iso14443.o)
    0x0802f960   0x00000098   Code   RO         1979    i.PICC_u8Pcd_I_BlockTransceive  P18.Lib.SVN609.170907.lib(iso14443.o)
    0x0802f9f8   0x00000024   Code   RO         1980    i.PICC_u8PiccAbsentPolling  P18.Lib.SVN609.170907.lib(iso14443.o)
    0x0802fa1c   0x0000002c   Code   RO         1981    i.PICC_u8PiccPresentPolling  P18.Lib.SVN609.170907.lib(iso14443.o)
    0x0802fa48   0x000000e0   Code   RO         1982    i.PICC_u8PolligTypeB  P18.Lib.SVN609.170907.lib(iso14443.o)
    0x0802fb28   0x00000018   Code   RO         4650    i.PICC_u8PolligTypeC  P18.Lib.SVN609.170907.lib(felica.o)
    0x0802fb40   0x000000bc   Code   RO         1983    i.PICC_u8PollingTypeA  P18.Lib.SVN609.170907.lib(iso14443.o)
    0x0802fbfc   0x00000128   Code   RO         1984    i.PICC_u8PowerON    P18.Lib.SVN609.170907.lib(iso14443.o)
    0x0802fd24   0x0000010c   Code   RO         1986    i.PICC_u8PresentPolling  P18.Lib.SVN609.170907.lib(iso14443.o)
    0x0802fe30   0x00000024   Code   RO         4545    i.PICC_u8RC523ReadReg  P18.Lib.SVN609.170907.lib(rc523.o)
    0x0802fe54   0x00000148   Code   RO         4651    i.PICC_u8REQC       P18.Lib.SVN609.170907.lib(felica.o)
    0x0802ff9c   0x00000006   Code   RO         4547    i.PICC_u8ReadFIFO   P18.Lib.SVN609.170907.lib(rc523.o)
    0x0802ffa2   0x00000002   PAD
    0x0802ffa4   0x00000068   Code   RO         4652    i.PICC_u8ReqResponse  P18.Lib.SVN609.170907.lib(felica.o)
    0x0803000c   0x0000010c   Code   RO         1987    i.PICC_u8TypeAAnticoll  P18.Lib.SVN609.170907.lib(iso14443.o)
    0x08030118   0x000001c8   Code   RO         1988    i.PICC_u8TypeAAnticollReq  P18.Lib.SVN609.170907.lib(iso14443.o)
    0x080302e0   0x000000a0   Code   RO         1991    i.PICC_u8TypeAPPSReq  P18.Lib.SVN609.170907.lib(iso14443.o)
    0x08030380   0x00000168   Code   RO         1992    i.PICC_u8TypeARatsReq  P18.Lib.SVN609.170907.lib(iso14443.o)
    0x080304e8   0x00000128   Code   RO         1993    i.PICC_u8TypeARequest  P18.Lib.SVN609.170907.lib(iso14443.o)
    0x08030610   0x000000fc   Code   RO         1994    i.PICC_u8TypeASeleclt  P18.Lib.SVN609.170907.lib(iso14443.o)
    0x0803070c   0x00000064   Code   RO         1995    i.PICC_u8TypeBATQBParamParse  P18.Lib.SVN609.170907.lib(iso14443.o)
    0x08030770   0x0000013c   Code   RO         1996    i.PICC_u8TypeBAttrib  P18.Lib.SVN609.170907.lib(iso14443.o)
    0x080308ac   0x00000100   Code   RO         1998    i.PICC_u8TypeBRequest  P18.Lib.SVN609.170907.lib(iso14443.o)
    0x080309ac   0x00000090   Code   RO         1999    i.PICC_u8TypeBSlotMarker  P18.Lib.SVN609.170907.lib(iso14443.o)
    0x08030a3c   0x00000040   Code   RO         4653    i.PICC_u8TypeCExchange  P18.Lib.SVN609.170907.lib(felica.o)
    0x08030a7c   0x00000040   Code   RO         2000    i.PICC_vAPDUSetTimeOut  P18.Lib.SVN609.170907.lib(iso14443.o)
    0x08030abc   0x00000046   Code   RO         2001    i.PICC_vCRCCtrl     P18.Lib.SVN609.170907.lib(iso14443.o)
    0x08030b02   0x00000002   PAD
    0x08030b04   0x00000024   Code   RO         2002    i.PICC_vFieldOff    P18.Lib.SVN609.170907.lib(iso14443.o)
    0x08030b28   0x00000032   Code   RO         2003    i.PICC_vFieldReset  P18.Lib.SVN609.170907.lib(iso14443.o)
    0x08030b5a   0x00000002   PAD
    0x08030b5c   0x00000014   Code   RO         2005    i.PICC_vPcdBlockNumInvert  P18.Lib.SVN609.170907.lib(iso14443.o)
    0x08030b70   0x00000018   Code   RO         4549    i.PICC_vPcdDelayMs  P18.Lib.SVN609.170907.lib(rc523.o)
    0x08030b88   0x00000080   Code   RO         4550    i.PICC_vPcdDelayN100us  P18.Lib.SVN609.170907.lib(rc523.o)
    0x08030c08   0x00000014   Code   RO         4551    i.PICC_vPcdDelayUs  P18.Lib.SVN609.170907.lib(rc523.o)
    0x08030c1c   0x0000002c   Code   RO         2006    i.PICC_vPcdParamInit  P18.Lib.SVN609.170907.lib(iso14443.o)
    0x08030c48   0x00000082   Code   RO         2007    i.PICC_vPcdSFGTTimeDelay  P18.Lib.SVN609.170907.lib(iso14443.o)
    0x08030cca   0x00000002   PAD
    0x08030ccc   0x0000016c   Code   RO         2010    i.PICC_vPcdSetFWT   P18.Lib.SVN609.170907.lib(iso14443.o)
    0x08030e38   0x00000038   Code   RO         2012    i.PICC_vPcdSetTimeout  P18.Lib.SVN609.170907.lib(iso14443.o)
    0x08030e70   0x00000022   Code   RO         4552    i.PICC_vRC523WriteReg  P18.Lib.SVN609.170907.lib(rc523.o)
    0x08030e92   0x00000002   PAD
    0x08030e94   0x00000060   Code   RO         2017    i.PICC_vResetPiccParam  P18.Lib.SVN609.170907.lib(iso14443.o)
    0x08030ef4   0x0000000c   Code   RO         4654    i.PICC_vTypeCSetSysCode  P18.Lib.SVN609.170907.lib(felica.o)
    0x08030f00   0x00000008   Code   RO         4554    i.PICC_vWriteFIFO   P18.Lib.SVN609.170907.lib(rc523.o)
    0x08030f08   0x0000001e   Code   RO         4208    i.POWER_GetChargingState  P18.Lib.SVN609.170907.lib(power.o)
    0x08030f26   0x00000002   PAD
    0x08030f28   0x00000038   Code   RO         4209    i.POWER_GetIntStatus  P18.Lib.SVN609.170907.lib(power.o)
    0x08030f60   0x0000003c   Code   RO         4214    i.POWER_I2CNoAck    P18.Lib.SVN609.170907.lib(power.o)
    0x08030f9c   0x00000140   Code   RO         4215    i.POWER_I2CReadOneByte  P18.Lib.SVN609.170907.lib(power.o)
    0x080310dc   0x00000034   Code   RO         4216    i.POWER_I2CReadPage  P18.Lib.SVN609.170907.lib(power.o)
    0x08031110   0x00000048   Code   RO         4217    i.POWER_I2CReceiveByte  P18.Lib.SVN609.170907.lib(power.o)
    0x08031158   0x00000058   Code   RO         4218    i.POWER_I2CSendByte  P18.Lib.SVN609.170907.lib(power.o)
    0x080311b0   0x00000060   Code   RO         4219    i.POWER_I2CStart    P18.Lib.SVN609.170907.lib(power.o)
    0x08031210   0x0000003c   Code   RO         4220    i.POWER_I2CStop     P18.Lib.SVN609.170907.lib(power.o)
    0x0803124c   0x00000044   Code   RO         4221    i.POWER_I2CWaitAck  P18.Lib.SVN609.170907.lib(power.o)
    0x08031290   0x0000000c   Code   RO         3653    i.PWR_BackupAccessCmd  P18.Lib.SVN609.170907.lib(stm32f4xx_pwr.o)
    0x0803129c   0x00000044   Code   RO         1580    i.PendSV_Handler    P18.Lib.SVN609.170907.lib(ctrl0.o)
    0x080312e0   0x00000002   Code   RO         4667    i.PiccDebug_vAddHexInfor  P18.Lib.SVN609.170907.lib(picc_debug.o)
    0x080312e2   0x00000002   Code   RO         4669    i.PiccDebug_vAddTrace  P18.Lib.SVN609.170907.lib(picc_debug.o)
    0x080312e4   0x00000164   Code   RO          786    i.QR_Debug          qr_debug.o
    0x08031448   0x00000014   Code   RO         1874    i.QR_Init           P18.Lib.SVN609.170907.lib(qr_collection.o)
    0x0803145c   0x00000108   Code   RO          787    i.QR_Scanning       qr_debug.o
    0x08031564   0x000000ec   Code   RO         1877    i.QR_collection     P18.Lib.SVN609.170907.lib(qr_collection.o)
    0x08031650   0x00000030   Code   RO         4555    i.RC523_u8ConfigTypeA  P18.Lib.SVN609.170907.lib(rc523.o)
    0x08031680   0x00000044   Code   RO         4556    i.RC523_u8ConfigTypeABitRate  P18.Lib.SVN609.170907.lib(rc523.o)
    0x080316c4   0x00000028   Code   RO         4557    i.RC523_u8ConfigTypeB  P18.Lib.SVN609.170907.lib(rc523.o)
    0x080316ec   0x00000044   Code   RO         4558    i.RC523_u8ConfigTypeBBitRate  P18.Lib.SVN609.170907.lib(rc523.o)
    0x08031730   0x00000020   Code   RO         3679    i.RCC_AHB1PeriphClockCmd  P18.Lib.SVN609.170907.lib(stm32f4xx_rcc.o)
    0x08031750   0x00000020   Code   RO         3685    i.RCC_AHB3PeriphClockCmd  P18.Lib.SVN609.170907.lib(stm32f4xx_rcc.o)
    0x08031770   0x00000020   Code   RO         3688    i.RCC_APB1PeriphClockCmd  P18.Lib.SVN609.170907.lib(stm32f4xx_rcc.o)
    0x08031790   0x00000020   Code   RO         3690    i.RCC_APB1PeriphResetCmd  P18.Lib.SVN609.170907.lib(stm32f4xx_rcc.o)
    0x080317b0   0x00000020   Code   RO         3691    i.RCC_APB2PeriphClockCmd  P18.Lib.SVN609.170907.lib(stm32f4xx_rcc.o)
    0x080317d0   0x00000020   Code   RO         3693    i.RCC_APB2PeriphResetCmd  P18.Lib.SVN609.170907.lib(stm32f4xx_rcc.o)
    0x080317f0   0x000000e8   Code   RO         3700    i.RCC_GetClocksFreq  P18.Lib.SVN609.170907.lib(stm32f4xx_rcc.o)
    0x080318d8   0x00000040   Code   RO         3701    i.RCC_GetFlagStatus  P18.Lib.SVN609.170907.lib(stm32f4xx_rcc.o)
    0x08031918   0x00000044   Code   RO         1581    i.RCC_IRQHandler    P18.Lib.SVN609.170907.lib(ctrl0.o)
    0x0803195c   0x0000002c   Code   RO         3709    i.RCC_LSEConfig     P18.Lib.SVN609.170907.lib(stm32f4xx_rcc.o)
    0x08031988   0x0000000c   Code   RO         3719    i.RCC_RTCCLKCmd     P18.Lib.SVN609.170907.lib(stm32f4xx_rcc.o)
    0x08031994   0x0000003c   Code   RO         3720    i.RCC_RTCCLKConfig  P18.Lib.SVN609.170907.lib(stm32f4xx_rcc.o)
    0x080319d0   0x00000274   Code   RO         1499    i.RTC_AlarmClock    P18.Lib.SVN609.170907.lib(rtc.o)
    0x08031c44   0x00000074   Code   RO         3770    i.RTC_AlarmCmd      P18.Lib.SVN609.170907.lib(stm32f4xx_rtc.o)
    0x08031cb8   0x00000034   Code   RO         1582    i.RTC_Alarm_IRQHandler  P18.Lib.SVN609.170907.lib(ctrl0.o)
    0x08031cec   0x00000016   Code   RO         3773    i.RTC_Bcd2ToByte    P18.Lib.SVN609.170907.lib(stm32f4xx_rtc.o)
    0x08031d02   0x0000001c   Code   RO         3775    i.RTC_ByteToBcd2    P18.Lib.SVN609.170907.lib(stm32f4xx_rtc.o)
    0x08031d1e   0x00000002   PAD
    0x08031d20   0x0000001c   Code   RO         3778    i.RTC_ClearFlag     P18.Lib.SVN609.170907.lib(stm32f4xx_rtc.o)
    0x08031d3c   0x00000020   Code   RO         3779    i.RTC_ClearITPendingBit  P18.Lib.SVN609.170907.lib(stm32f4xx_rtc.o)
    0x08031d5c   0x00000150   Code   RO          499    i.RTC_DateModify    rtc_debug.o
    0x08031eac   0x00000180   Code   RO          500    i.RTC_Debug         rtc_debug.o
    0x0803202c   0x00000230   Code   RO          501    i.RTC_Display       rtc_debug.o
    0x0803225c   0x00000050   Code   RO         3785    i.RTC_EnterInitMode  P18.Lib.SVN609.170907.lib(stm32f4xx_rtc.o)
    0x080322ac   0x00000014   Code   RO         3786    i.RTC_ExitInitMode  P18.Lib.SVN609.170907.lib(stm32f4xx_rtc.o)
    0x080322c0   0x00000220   Code   RO         1502    i.RTC_GetCounter    P18.Lib.SVN609.170907.lib(rtc.o)
    0x080324e0   0x0000004c   Code   RO         3789    i.RTC_GetDate       P18.Lib.SVN609.170907.lib(stm32f4xx_rtc.o)
    0x0803252c   0x00000028   Code   RO         3790    i.RTC_GetFlagStatus  P18.Lib.SVN609.170907.lib(stm32f4xx_rtc.o)
    0x08032554   0x0000003c   Code   RO         1504    i.RTC_GetSysDateTime  P18.Lib.SVN609.170907.lib(rtc.o)
    0x08032590   0x00000050   Code   RO         3794    i.RTC_GetTime       P18.Lib.SVN609.170907.lib(stm32f4xx_rtc.o)
    0x080325e0   0x00000064   Code   RO         3798    i.RTC_ITConfig      P18.Lib.SVN609.170907.lib(stm32f4xx_rtc.o)
    0x08032644   0x00000064   Code   RO         3799    i.RTC_Init          P18.Lib.SVN609.170907.lib(stm32f4xx_rtc.o)
    0x080326a8   0x00000020   Code   RO         3802    i.RTC_ReadBackupRegister  P18.Lib.SVN609.170907.lib(stm32f4xx_rtc.o)
    0x080326c8   0x000000ec   Code   RO         3804    i.RTC_SetAlarm      P18.Lib.SVN609.170907.lib(stm32f4xx_rtc.o)
    0x080327b4   0x000000b8   Code   RO         3805    i.RTC_SetDate       P18.Lib.SVN609.170907.lib(stm32f4xx_rtc.o)
    0x0803286c   0x00000170   Code   RO         1506    i.RTC_SetSysDateTime  P18.Lib.SVN609.170907.lib(rtc.o)
    0x080329dc   0x000000c0   Code   RO         3806    i.RTC_SetTime       P18.Lib.SVN609.170907.lib(stm32f4xx_rtc.o)
    0x08032a9c   0x0000001c   Code   RO         3807    i.RTC_SetWakeUpCounter  P18.Lib.SVN609.170907.lib(stm32f4xx_rtc.o)
    0x08032ab8   0x00000024   Code   RO         1507    i.RTC_Set_Date      P18.Lib.SVN609.170907.lib(rtc.o)
    0x08032adc   0x00000024   Code   RO         1508    i.RTC_Set_Time      P18.Lib.SVN609.170907.lib(rtc.o)
    0x08032b00   0x00000072   Code   RO         1509    i.RTC_Set_WakeUp    P18.Lib.SVN609.170907.lib(rtc.o)
    0x08032b72   0x0000002e   Code   RO         1510    i.RTC_SoftDateTimeInit  P18.Lib.SVN609.170907.lib(rtc.o)
    0x08032ba0   0x00000144   Code   RO          502    i.RTC_TimeModify    rtc_debug.o
    0x08032ce4   0x00000060   Code   RO         1511    i.RTC_USER_GetTime  P18.Lib.SVN609.170907.lib(rtc.o)
    0x08032d44   0x000000a8   Code   RO         1512    i.RTC_USER_Init     P18.Lib.SVN609.170907.lib(rtc.o)
    0x08032dec   0x00000048   Code   RO         1584    i.RTC_WKUP_IRQHandler  P18.Lib.SVN609.170907.lib(ctrl0.o)
    0x08032e34   0x00000060   Code   RO         3822    i.RTC_WaitForSynchro  P18.Lib.SVN609.170907.lib(stm32f4xx_rtc.o)
    0x08032e94   0x00000030   Code   RO         3823    i.RTC_WakeUpClockConfig  P18.Lib.SVN609.170907.lib(stm32f4xx_rtc.o)
    0x08032ec4   0x00000078   Code   RO         3824    i.RTC_WakeUpCmd     P18.Lib.SVN609.170907.lib(stm32f4xx_rtc.o)
    0x08032f3c   0x0000001c   Code   RO         3825    i.RTC_WriteBackupRegister  P18.Lib.SVN609.170907.lib(stm32f4xx_rtc.o)
    0x08032f58   0x00000620   Code   RO          353    i.SAM_Menu          contact_debug.o
    0x08033578   0x00000018   Code   RO         3892    i.SPI_Cmd           P18.Lib.SVN609.170907.lib(stm32f4xx_spi.o)
    0x08033590   0x00000012   Code   RO         3900    i.SPI_I2S_GetFlagStatus  P18.Lib.SVN609.170907.lib(stm32f4xx_spi.o)
    0x080335a2   0x00000006   Code   RO         3903    i.SPI_I2S_ReceiveData  P18.Lib.SVN609.170907.lib(stm32f4xx_spi.o)
    0x080335a8   0x00000004   Code   RO         3904    i.SPI_I2S_SendData  P18.Lib.SVN609.170907.lib(stm32f4xx_spi.o)
    0x080335ac   0x0000003c   Code   RO         3905    i.SPI_Init          P18.Lib.SVN609.170907.lib(stm32f4xx_spi.o)
    0x080335e8   0x00000044   Code   RO         1585    i.SVC_Handler       P18.Lib.SVN609.170907.lib(ctrl0.o)
    0x0803362c   0x00000040   Code   RO         3941    i.SYSCFG_EXTILineConfig  P18.Lib.SVN609.170907.lib(stm32f4xx_syscfg.o)
    0x0803366c   0x000000a0   Code   RO         1408    i.SYSTEM_GetFlashSector  P18.Lib.SVN609.170907.lib(system.o)
    0x0803370c   0x0000000c   Code   RO         1410    i.SYSTEM_I2CDelay   P18.Lib.SVN609.170907.lib(system.o)
    0x08033718   0x00000040   Code   RO         1411    i.SYSTEM_I2CNoAck   P18.Lib.SVN609.170907.lib(system.o)
    0x08033758   0x00000048   Code   RO         1412    i.SYSTEM_I2CPortInit  P18.Lib.SVN609.170907.lib(system.o)
    0x080337a0   0x00000008   Code   RO         1413    i.SYSTEM_I2CPortInitExt  P18.Lib.SVN609.170907.lib(system.o)
    0x080337a8   0x0000001c   Code   RO         1414    i.SYSTEM_I2CRead24C  P18.Lib.SVN609.170907.lib(system.o)
    0x080337c4   0x0000002e   Code   RO         1415    i.SYSTEM_I2CRead24CExt  P18.Lib.SVN609.170907.lib(system.o)
    0x080337f2   0x00000140   Code   RO         1416    i.SYSTEM_I2CReadOneByte  P18.Lib.SVN609.170907.lib(system.o)
    0x08033932   0x00000002   PAD
    0x08033934   0x00000048   Code   RO         1418    i.SYSTEM_I2CReceiveByte  P18.Lib.SVN609.170907.lib(system.o)
    0x0803397c   0x0000005c   Code   RO         1419    i.SYSTEM_I2CSendByte  P18.Lib.SVN609.170907.lib(system.o)
    0x080339d8   0x00000060   Code   RO         1420    i.SYSTEM_I2CStart   P18.Lib.SVN609.170907.lib(system.o)
    0x08033a38   0x00000040   Code   RO         1421    i.SYSTEM_I2CStop    P18.Lib.SVN609.170907.lib(system.o)
    0x08033a78   0x00000044   Code   RO         1422    i.SYSTEM_I2CWaitAck  P18.Lib.SVN609.170907.lib(system.o)
    0x08033abc   0x00000014   Code   RO         1423    i.SYSTEM_I2CWrite24C  P18.Lib.SVN609.170907.lib(system.o)
    0x08033ad0   0x00000044   Code   RO         1424    i.SYSTEM_I2CWrite24CExt  P18.Lib.SVN609.170907.lib(system.o)
    0x08033b14   0x0000010c   Code   RO         1425    i.SYSTEM_I2CWriteOneByte  P18.Lib.SVN609.170907.lib(system.o)
    0x08033c20   0x000000c4   Code   RO         1427    i.SYSTEM_SPIInit    P18.Lib.SVN609.170907.lib(system.o)
    0x08033ce4   0x00000038   Code   RO         1428    i.SYSTEM_SPISendReceiveByte  P18.Lib.SVN609.170907.lib(system.o)
    0x08033d1c   0x00000028   Code   RO         1429    i.SYSTEM_SectorRead  P18.Lib.SVN609.170907.lib(system.o)
    0x08033d44   0x000000b8   Code   RO         1430    i.SYSTEM_SectorWrite  P18.Lib.SVN609.170907.lib(system.o)
    0x08033dfc   0x00000034   Code   RO         1431    i.SYSTEM_UserRead   P18.Lib.SVN609.170907.lib(system.o)
    0x08033e30   0x0000005c   Code   RO         1432    i.SYSTEM_UserWrite  P18.Lib.SVN609.170907.lib(system.o)
    0x08033e8c   0x00000008   Code   RO         1433    i.SYSTEM_WatchDogClear  P18.Lib.SVN609.170907.lib(system.o)
    0x08033e94   0x000000a6   Code   RO         1434    i.SYSTEM_WatchDogInit  P18.Lib.SVN609.170907.lib(system.o)
    0x08033f3a   0x00000002   PAD
    0x08033f3c   0x000000a8   Code   RO         3314    i.SYSTICK_Init      P18.Lib.SVN609.170907.lib(systick.o)
    0x08033fe4   0x00000018   Code   RO         1129    i.SYS_Beep          P18.Lib.SVN609.170907.lib(appif.o)
    0x08033ffc   0x00000022   Code   RO         1130    i.SYS_BeepCtrl      P18.Lib.SVN609.170907.lib(appif.o)
    0x0803401e   0x00000008   Code   RO         1132    i.SYS_CLS           P18.Lib.SVN609.170907.lib(appif.o)
    0x08034026   0x00000002   PAD
    0x08034028   0x00000048   Code   RO         1135    i.SYS_CheckKeyBoard  P18.Lib.SVN609.170907.lib(appif.o)
    0x08034070   0x00000002   Code   RO         1139    i.SYS_ClearKeyFIFO  P18.Lib.SVN609.170907.lib(appif.o)
    0x08034072   0x00000002   PAD
    0x08034074   0x00000020   Code   RO         1435    i.SYS_ComSendByte   P18.Lib.SVN609.170907.lib(system.o)
    0x08034094   0x0000001c   Code   RO         1144    i.SYS_DisplayCE     P18.Lib.SVN609.170907.lib(appif.o)
    0x080340b0   0x0000001c   Code   RO         1152    i.SYS_EditCPUAndLCDPreState  P18.Lib.SVN609.170907.lib(appif.o)
    0x080340cc   0x00000030   Code   RO         1166    i.SYS_GetFiledMask  P18.Lib.SVN609.170907.lib(appif.o)
    0x080340fc   0x00000024   Code   RO         1170    i.SYS_GetKeyBoardPara  P18.Lib.SVN609.170907.lib(appif.o)
    0x08034120   0x00000024   Code   RO         1171    i.SYS_GetLCDPara    P18.Lib.SVN609.170907.lib(appif.o)
    0x08034144   0x00000098   Code   RO         1174    i.SYS_GetSYSPWRPara  P18.Lib.SVN609.170907.lib(appif.o)
    0x080341dc   0x0000000c   Code   RO         1182    i.SYS_GetSysDateTime  P18.Lib.SVN609.170907.lib(appif.o)
    0x080341e8   0x0000000c   Code   RO         1184    i.SYS_GetTickCount  P18.Lib.SVN609.170907.lib(appif.o)
    0x080341f4   0x00000184   Code   RO         1188    i.SYS_Init          P18.Lib.SVN609.170907.lib(appif.o)
    0x08034378   0x000001c4   Code   RO         1190    i.SYS_InitParaTableInfo  P18.Lib.SVN609.170907.lib(appif.o)
    0x0803453c   0x00000012   Code   RO         1191    i.SYS_InitSysKeyborad  P18.Lib.SVN609.170907.lib(appif.o)
    0x0803454e   0x00000002   PAD
    0x08034550   0x00000064   Code   RO         1192    i.SYS_InitTamperReg  P18.Lib.SVN609.170907.lib(appif.o)
    0x080345b4   0x00000030   Code   RO         1195    i.SYS_KeyBoardRecvByte  P18.Lib.SVN609.170907.lib(appif.o)
    0x080345e4   0x00000020   Code   RO         1196    i.SYS_KeyBoardSendByte  P18.Lib.SVN609.170907.lib(appif.o)
    0x08034604   0x00000634   Code   RO         1208    i.SYS_OpenPort      P18.Lib.SVN609.170907.lib(appif.o)
    0x08034c38   0x00000084   Code   RO         1209    i.SYS_OpenPortExt   P18.Lib.SVN609.170907.lib(appif.o)
    0x08034cbc   0x00000194   Code   RO         1212    i.SYS_PortReceive   P18.Lib.SVN609.170907.lib(appif.o)
    0x08034e50   0x0000010c   Code   RO         1214    i.SYS_PortSend      P18.Lib.SVN609.170907.lib(appif.o)
    0x08034f5c   0x00000140   Code   RO         1215    i.SYS_ReadKey       P18.Lib.SVN609.170907.lib(appif.o)
    0x0803509c   0x0000001c   Code   RO         1216    i.SYS_ReadKeyExt    P18.Lib.SVN609.170907.lib(appif.o)
    0x080350b8   0x0000002c   Code   RO         1220    i.SYS_Reset         P18.Lib.SVN609.170907.lib(appif.o)
    0x080350e4   0x00000036   Code   RO         1228    i.SYS_SetCOMReceiveCallBack  P18.Lib.SVN609.170907.lib(appif.o)
    0x0803511a   0x00000002   Code   RO         1232    i.SYS_SetKeyPromptSound  P18.Lib.SVN609.170907.lib(appif.o)
    0x0803511c   0x0000000c   Code   RO         1238    i.SYS_SetSysAlarmClock  P18.Lib.SVN609.170907.lib(appif.o)
    0x08035128   0x00000022   Code   RO         1243    i.SYS_SetTIMERHandleCallBack  P18.Lib.SVN609.170907.lib(appif.o)
    0x0803514a   0x0000000c   Code   RO         1245    i.SYS_SetTickBack   P18.Lib.SVN609.170907.lib(appif.o)
    0x08035156   0x00000008   Code   RO         1255    i.SYS_USBDisconnection  P18.Lib.SVN609.170907.lib(appif.o)
    0x0803515e   0x00000002   PAD
    0x08035160   0x00000118   Code   RO         1258    i.SYS_WaitKeyEvent  P18.Lib.SVN609.170907.lib(appif.o)
    0x08035278   0x00000060   Code   RO         1259    i.SYS_WakeupCPU     P18.Lib.SVN609.170907.lib(appif.o)
    0x080352d8   0x00000038   Code   RO           14    i.SendToPC          main.o
    0x08035310   0x00000efc   Code   RO          863    i.Send_Buff_Init    P18.Lib.SVN609.170907.lib(tcp.o)
    0x0803620c   0x000000ec   Code   RO         3388    i.SetSysClock       P18.Lib.SVN609.170907.lib(system_stm32f4xx.o)
    0x080362f8   0x00000198   Code   RO         4951    i.Show_0816         P18.Lib.SVN609.170907.lib(lcd_port.o)
    0x08036490   0x0000019c   Code   RO         4953    i.Show_1616         P18.Lib.SVN609.170907.lib(lcd_port.o)
    0x0803662c   0x000005d4   Code   RO          566    i.Sound_Debug       sound_debug.o
    0x08036c00   0x0000003c   Code   RO         1586    i.SysTick_Handler   P18.Lib.SVN609.170907.lib(ctrl0.o)
    0x08036c3c   0x00000018   Code   RO         1481    i.Sys_Delay_MS      P18.Lib.SVN609.170907.lib(miscfunc.o)
    0x08036c54   0x00000012   Code   RO         1482    i.Sys_Delay_NS      P18.Lib.SVN609.170907.lib(miscfunc.o)
    0x08036c66   0x00000018   Code   RO         1484    i.Sys_Delay_US      P18.Lib.SVN609.170907.lib(miscfunc.o)
    0x08036c7e   0x00000002   PAD
    0x08036c80   0x00000068   Code   RO         3390    i.SystemInit        P18.Lib.SVN609.170907.lib(system_stm32f4xx.o)
    0x08036ce8   0x0000002e   Code   RO         3350    i.TAMPER_BackupWriteByte  P18.Lib.SVN609.170907.lib(tamper.o)
    0x08036d16   0x0000002c   Code   RO         3351    i.TAMPER_BackupWriteNBytes  P18.Lib.SVN609.170907.lib(tamper.o)
    0x08036d42   0x00000002   PAD
    0x08036d44   0x0000000c   Code   RO          867    i.TCP_Connection_Mode  P18.Lib.SVN609.170907.lib(tcp.o)
    0x08036d50   0x0000000c   Code   RO          868    i.TCP_Connection_Time_MAX  P18.Lib.SVN609.170907.lib(tcp.o)
    0x08036d5c   0x00000f4c   Code   RO          869    i.TCP_Connections   P18.Lib.SVN609.170907.lib(tcp.o)
    0x08037ca8   0x000007f0   Code   RO          871    i.TCP_Data_SR       P18.Lib.SVN609.170907.lib(tcp.o)
    0x08038498   0x00000ac8   Code   RO          580    i.TCP_Debug         tcp_debug.o
    0x08038f60   0x00000034   Code   RO         3057    i.TCP_IO_Init       P18.Lib.SVN609.170907.lib(tcp_port.o)
    0x08038f94   0x0000005c   Code   RO          872    i.TCP_Init          P18.Lib.SVN609.170907.lib(tcp.o)
    0x08038ff0   0x00000010   Code   RO          873    i.TCP_Interactive_Mode_Set  P18.Lib.SVN609.170907.lib(tcp.o)
    0x08039000   0x000000bc   Code   RO          874    i.TCP_NetworkPara_Set  P18.Lib.SVN609.170907.lib(tcp.o)
    0x080390bc   0x00000090   Code   RO          876    i.TCP_Production_Evaluation  P18.Lib.SVN609.170907.lib(tcp.o)
    0x0803914c   0x0000000c   Code   RO         3059    i.TCP_PwrON         P18.Lib.SVN609.170907.lib(tcp_port.o)
    0x08039158   0x00000018   Code   RO          882    i.TCP_QueryConnectionSchedule  P18.Lib.SVN609.170907.lib(tcp.o)
    0x08039170   0x0000001c   Code   RO          883    i.TCP_QueryIPAdd    P18.Lib.SVN609.170907.lib(tcp.o)
    0x0803918c   0x0000000c   Code   RO          885    i.TCP_QuerySignal   P18.Lib.SVN609.170907.lib(tcp.o)
    0x08039198   0x00000040   Code   RO          887    i.TCP_Reconnection  P18.Lib.SVN609.170907.lib(tcp.o)
    0x080391d8   0x000003bc   Code   RO          888    i.TCP_RecvData1     P18.Lib.SVN609.170907.lib(tcp.o)
    0x08039594   0x0000005c   Code   RO          889    i.TCP_RecvNETData   P18.Lib.SVN609.170907.lib(tcp.o)
    0x080395f0   0x00000180   Code   RO          893    i.TCP_SendData1     P18.Lib.SVN609.170907.lib(tcp.o)
    0x08039770   0x00000018   Code   RO          894    i.TCP_SendNETData   P18.Lib.SVN609.170907.lib(tcp.o)
    0x08039788   0x0000000c   Code   RO          895    i.TCP_SetCallBackFlag  P18.Lib.SVN609.170907.lib(tcp.o)
    0x08039794   0x0000000c   Code   RO         1592    i.TICK_SetCALLBACKFUNC  P18.Lib.SVN609.170907.lib(ctrl0.o)
    0x080397a0   0x00000030   Code   RO         1593    i.TIM3_IRQHandler   P18.Lib.SVN609.170907.lib(ctrl0.o)
    0x080397d0   0x0000000c   Code   RO         1594    i.TIM3_SetTIM3CALLBACKFUNC  P18.Lib.SVN609.170907.lib(ctrl0.o)
    0x080397dc   0x00000030   Code   RO         1595    i.TIM4_IRQHandler   P18.Lib.SVN609.170907.lib(ctrl0.o)
    0x0803980c   0x0000000c   Code   RO         1596    i.TIM4_SetTIM4CALLBACKFUNC  P18.Lib.SVN609.170907.lib(ctrl0.o)
    0x08039818   0x00000006   Code   RO         3962    i.TIM_ClearFlag     P18.Lib.SVN609.170907.lib(stm32f4xx_tim.o)
    0x0803981e   0x00000006   Code   RO         3963    i.TIM_ClearITPendingBit  P18.Lib.SVN609.170907.lib(stm32f4xx_tim.o)
    0x08039824   0x00000018   Code   RO         3968    i.TIM_Cmd           P18.Lib.SVN609.170907.lib(stm32f4xx_tim.o)
    0x0803983c   0x00000190   Code   RO         3973    i.TIM_DeInit        P18.Lib.SVN609.170907.lib(stm32f4xx_tim.o)
    0x080399cc   0x00000022   Code   RO         3989    i.TIM_GetITStatus   P18.Lib.SVN609.170907.lib(stm32f4xx_tim.o)
    0x080399ee   0x00000012   Code   RO         3993    i.TIM_ITConfig      P18.Lib.SVN609.170907.lib(stm32f4xx_tim.o)
    0x08039a00   0x000000d0   Code   RO         3275    i.TIM_Int_Init      P18.Lib.SVN609.170907.lib(timer.o)
    0x08039ad0   0x00000004   Code   RO         4034    i.TIM_SetCounter    P18.Lib.SVN609.170907.lib(stm32f4xx_tim.o)
    0x08039ad4   0x00000084   Code   RO         4040    i.TIM_TimeBaseInit  P18.Lib.SVN609.170907.lib(stm32f4xx_tim.o)
    0x08039b58   0x0000007c   Code   RO         2886    i.TTSInit           P18.Lib.SVN609.170907.lib(tts.o)
    0x08039bd4   0x0000025c   Code   RO         2887    i.TTSPlay           P18.Lib.SVN609.170907.lib(tts.o)
    0x08039e30   0x00000034   Code   RO         2888    i.TTSPower          P18.Lib.SVN609.170907.lib(tts.o)
    0x08039e64   0x000000f0   Code   RO         2889    i.TTSSet            P18.Lib.SVN609.170907.lib(tts.o)
    0x08039f54   0x00000090   Code   RO         5138    i.TTS_IO_Init       P18.Lib.SVN609.170907.lib(tts_port.o)
    0x08039fe4   0x0000000c   Code   RO         2890    i.TTS_SetTTSDebug   P18.Lib.SVN609.170907.lib(tts.o)
    0x08039ff0   0x0000006c   Code   RO         3277    i.TimerIRQ_Enable   P18.Lib.SVN609.170907.lib(timer.o)
    0x0803a05c   0x0000012c   Code   RO          543    i.TransMode_Debug   transmode_debug.o
    0x0803a188   0x00000044   Code   RO         1597    i.UART4_IRQHandler  P18.Lib.SVN609.170907.lib(ctrl0.o)
    0x0803a1cc   0x00000038   Code   RO         1598    i.UART5_IRQHandler  P18.Lib.SVN609.170907.lib(ctrl0.o)
    0x0803a204   0x0000005c   Code   RO         1599    i.USART1_IRQHandler  P18.Lib.SVN609.170907.lib(ctrl0.o)
    0x0803a260   0x00000044   Code   RO         1600    i.USART3_IRQHandler  P18.Lib.SVN609.170907.lib(ctrl0.o)
    0x0803a2a4   0x00000068   Code   RO         1832    i.USART4_DMA_ReceiveDatas  P18.Lib.SVN609.170907.lib(uart_dma.o)
    0x0803a30c   0x00000012   Code   RO         4138    i.USART_ClearFlag   P18.Lib.SVN609.170907.lib(stm32f4xx_usart.o)
    0x0803a31e   0x00000020   Code   RO         4140    i.USART_ClockInit   P18.Lib.SVN609.170907.lib(stm32f4xx_usart.o)
    0x0803a33e   0x00000018   Code   RO         4142    i.USART_Cmd         P18.Lib.SVN609.170907.lib(stm32f4xx_usart.o)
    0x0803a356   0x00000012   Code   RO         4143    i.USART_DMACmd      P18.Lib.SVN609.170907.lib(stm32f4xx_usart.o)
    0x0803a368   0x000000b4   Code   RO         4144    i.USART_DeInit      P18.Lib.SVN609.170907.lib(stm32f4xx_usart.o)
    0x0803a41c   0x0000001a   Code   RO         4145    i.USART_GetFlagStatus  P18.Lib.SVN609.170907.lib(stm32f4xx_usart.o)
    0x0803a436   0x00000054   Code   RO         4146    i.USART_GetITStatus  P18.Lib.SVN609.170907.lib(stm32f4xx_usart.o)
    0x0803a48a   0x0000004a   Code   RO         4148    i.USART_ITConfig    P18.Lib.SVN609.170907.lib(stm32f4xx_usart.o)
    0x0803a4d4   0x000000d4   Code   RO         4149    i.USART_Init        P18.Lib.SVN609.170907.lib(stm32f4xx_usart.o)
    0x0803a5a8   0x00000018   Code   RO         4150    i.USART_IrDACmd     P18.Lib.SVN609.170907.lib(stm32f4xx_usart.o)
    0x0803a5c0   0x00000012   Code   RO         4151    i.USART_IrDAConfig  P18.Lib.SVN609.170907.lib(stm32f4xx_usart.o)
    0x0803a5d2   0x0000000a   Code   RO         4156    i.USART_ReceiveData  P18.Lib.SVN609.170907.lib(stm32f4xx_usart.o)
    0x0803a5dc   0x00000008   Code   RO         4159    i.USART_SendData    P18.Lib.SVN609.170907.lib(stm32f4xx_usart.o)
    0x0803a5e4   0x00000010   Code   RO         4162    i.USART_SetPrescaler  P18.Lib.SVN609.170907.lib(stm32f4xx_usart.o)
    0x0803a5f4   0x00000018   Code   RO         4163    i.USART_SmartCardCmd  P18.Lib.SVN609.170907.lib(stm32f4xx_usart.o)
    0x0803a60c   0x00000016   Code   RO         5340    i.USBD_ClrCfg       P18.Lib.SVN609.170907.lib(usbd_core.o)
    0x0803a622   0x00000048   Code   RO         5561    i.USBD_ClrFeature   P18.Lib.SVN609.170907.lib(usbd_req.o)
    0x0803a66a   0x0000001e   Code   RO         5375    i.USBD_CtlContinueRx  P18.Lib.SVN609.170907.lib(usbd_ioreq.o)
    0x0803a688   0x0000001e   Code   RO         5376    i.USBD_CtlContinueSendData  P18.Lib.SVN609.170907.lib(usbd_ioreq.o)
    0x0803a6a6   0x0000001e   Code   RO         5562    i.USBD_CtlError     P18.Lib.SVN609.170907.lib(usbd_req.o)
    0x0803a6c4   0x00000024   Code   RO         5378    i.USBD_CtlReceiveStatus  P18.Lib.SVN609.170907.lib(usbd_ioreq.o)
    0x0803a6e8   0x0000002e   Code   RO         5379    i.USBD_CtlSendData  P18.Lib.SVN609.170907.lib(usbd_ioreq.o)
    0x0803a716   0x00000024   Code   RO         5380    i.USBD_CtlSendStatus  P18.Lib.SVN609.170907.lib(usbd_ioreq.o)
    0x0803a73a   0x000000d0   Code   RO         5341    i.USBD_DataInStage  P18.Lib.SVN609.170907.lib(usbd_core.o)
    0x0803a80a   0x00000096   Code   RO         5342    i.USBD_DataOutStage  P18.Lib.SVN609.170907.lib(usbd_core.o)
    0x0803a8a0   0x00000018   Code   RO         5344    i.USBD_DevConnected  P18.Lib.SVN609.170907.lib(usbd_core.o)
    0x0803a8b8   0x00000024   Code   RO         5345    i.USBD_DevDisconnected  P18.Lib.SVN609.170907.lib(usbd_core.o)
    0x0803a8dc   0x00000054   Code   RO         5563    i.USBD_GetConfig    P18.Lib.SVN609.170907.lib(usbd_req.o)
    0x0803a930   0x00000122   Code   RO         5564    i.USBD_GetDescriptor  P18.Lib.SVN609.170907.lib(usbd_req.o)
    0x0803aa52   0x00000002   PAD
    0x0803aa54   0x00000050   Code   RO         5566    i.USBD_GetStatus    P18.Lib.SVN609.170907.lib(usbd_req.o)
    0x0803aaa4   0x00000012   Code   RO         5347    i.USBD_IsoINIncomplete  P18.Lib.SVN609.170907.lib(usbd_core.o)
    0x0803aab6   0x00000012   Code   RO         5348    i.USBD_IsoOUTIncomplete  P18.Lib.SVN609.170907.lib(usbd_core.o)
    0x0803aac8   0x00000100   Code   RO         3419    i.USBD_OTG_ISR_Handler  P18.Lib.SVN609.170907.lib(usb_dcd_int.o)
    0x0803abc8   0x00000048   Code   RO         5568    i.USBD_ParseSetupRequest  P18.Lib.SVN609.170907.lib(usbd_req.o)
    0x0803ac10   0x00000032   Code   RO         5349    i.USBD_Reset        P18.Lib.SVN609.170907.lib(usbd_core.o)
    0x0803ac42   0x0000001e   Code   RO         5350    i.USBD_Resume       P18.Lib.SVN609.170907.lib(usbd_core.o)
    0x0803ac60   0x00000014   Code   RO         5351    i.USBD_RunTestMode  P18.Lib.SVN609.170907.lib(usbd_core.o)
    0x0803ac74   0x0000001a   Code   RO         5352    i.USBD_SOF          P18.Lib.SVN609.170907.lib(usbd_core.o)
    0x0803ac8e   0x0000005c   Code   RO         5569    i.USBD_SetAddress   P18.Lib.SVN609.170907.lib(usbd_req.o)
    0x0803acea   0x0000001e   Code   RO         5353    i.USBD_SetCfg       P18.Lib.SVN609.170907.lib(usbd_core.o)
    0x0803ad08   0x000000d0   Code   RO         5570    i.USBD_SetConfig    P18.Lib.SVN609.170907.lib(usbd_req.o)
    0x0803add8   0x000000a4   Code   RO         5571    i.USBD_SetFeature   P18.Lib.SVN609.170907.lib(usbd_req.o)
    0x0803ae7c   0x00000054   Code   RO         5354    i.USBD_SetupStage   P18.Lib.SVN609.170907.lib(usbd_core.o)
    0x0803aed0   0x00000072   Code   RO         5572    i.USBD_StdDevReq    P18.Lib.SVN609.170907.lib(usbd_req.o)
    0x0803af42   0x00000002   PAD
    0x0803af44   0x0000015c   Code   RO         5573    i.USBD_StdEPReq     P18.Lib.SVN609.170907.lib(usbd_req.o)
    0x0803b0a0   0x0000004c   Code   RO         5574    i.USBD_StdItfReq    P18.Lib.SVN609.170907.lib(usbd_req.o)
    0x0803b0ec   0x00000020   Code   RO         5355    i.USBD_Suspend      P18.Lib.SVN609.170907.lib(usbd_core.o)
    0x0803b10c   0x00000024   Code   RO         4326    i.USB_Cable_Config  P18.Lib.SVN609.170907.lib(usb_bsp.o)
    0x0803b130   0x00000024   Code   RO         4328    i.USB_Disconnect    P18.Lib.SVN609.170907.lib(usb_bsp.o)
    0x0803b154   0x00000024   Code   RO         4331    i.USB_OTG_BSP_DisableInterrupt  P18.Lib.SVN609.170907.lib(usb_bsp.o)
    0x0803b178   0x00000012   Code   RO         4334    i.USB_OTG_BSP_mDelay  P18.Lib.SVN609.170907.lib(usb_bsp.o)
    0x0803b18a   0x00000016   Code   RO         4335    i.USB_OTG_BSP_uDelay  P18.Lib.SVN609.170907.lib(usb_bsp.o)
    0x0803b1a0   0x0000006a   Code   RO         5165    i.USB_OTG_EP0Activate  P18.Lib.SVN609.170907.lib(usb_core.o)
    0x0803b20a   0x00000156   Code   RO         5166    i.USB_OTG_EP0StartXfer  P18.Lib.SVN609.170907.lib(usb_core.o)
    0x0803b360   0x00000062   Code   RO         5167    i.USB_OTG_EP0_OutStart  P18.Lib.SVN609.170907.lib(usb_core.o)
    0x0803b3c2   0x00000098   Code   RO         5168    i.USB_OTG_EPActivate  P18.Lib.SVN609.170907.lib(usb_core.o)
    0x0803b45a   0x00000050   Code   RO         5169    i.USB_OTG_EPClearStall  P18.Lib.SVN609.170907.lib(usb_core.o)
    0x0803b4aa   0x00000064   Code   RO         5171    i.USB_OTG_EPSetStall  P18.Lib.SVN609.170907.lib(usb_core.o)
    0x0803b50e   0x000001f6   Code   RO         5172    i.USB_OTG_EPStartXfer  P18.Lib.SVN609.170907.lib(usb_core.o)
    0x0803b704   0x00000054   Code   RO         5177    i.USB_OTG_FlushTxFifo  P18.Lib.SVN609.170907.lib(usb_core.o)
    0x0803b758   0x00000034   Code   RO         5178    i.USB_OTG_GetDeviceSpeed  P18.Lib.SVN609.170907.lib(usb_core.o)
    0x0803b78c   0x0000000c   Code   RO         5180    i.USB_OTG_GetMode   P18.Lib.SVN609.170907.lib(usb_core.o)
    0x0803b798   0x00000016   Code   RO         5182    i.USB_OTG_IsDeviceMode  P18.Lib.SVN609.170907.lib(usb_core.o)
    0x0803b7ae   0x00000010   Code   RO         5184    i.USB_OTG_ReadCoreItr  P18.Lib.SVN609.170907.lib(usb_core.o)
    0x0803b7be   0x00000010   Code   RO         5185    i.USB_OTG_ReadDevAllInEPItr  P18.Lib.SVN609.170907.lib(usb_core.o)
    0x0803b7ce   0x00000010   Code   RO         5186    i.USB_OTG_ReadDevAllOutEp_itr  P18.Lib.SVN609.170907.lib(usb_core.o)
    0x0803b7de   0x00000014   Code   RO         5187    i.USB_OTG_ReadDevOutEP_itr  P18.Lib.SVN609.170907.lib(usb_core.o)
    0x0803b7f2   0x00000028   Code   RO         5189    i.USB_OTG_ReadPacket  P18.Lib.SVN609.170907.lib(usb_core.o)
    0x0803b81a   0x00000040   Code   RO         5195    i.USB_OTG_WritePacket  P18.Lib.SVN609.170907.lib(usb_core.o)
    0x0803b85a   0x00000002   PAD
    0x0803b85c   0x00000144   Code   RO         1436    i.Uart1_DumpData    P18.Lib.SVN609.170907.lib(system.o)
    0x0803b9a0   0x000000f8   Code   RO         1836    i.Uart3_GetData_DMA  P18.Lib.SVN609.170907.lib(uart_dma.o)
    0x0803ba98   0x000000dc   Code   RO         1838    i.Uart4_GetCurrData_DMA  P18.Lib.SVN609.170907.lib(uart_dma.o)
    0x0803bb74   0x00000164   Code   RO         1839    i.Uart4_GetData_DMA  P18.Lib.SVN609.170907.lib(uart_dma.o)
    0x0803bcd8   0x0000015c   Code   RO         1841    i.Uart5_GetData_DMA  P18.Lib.SVN609.170907.lib(uart_dma.o)
    0x0803be34   0x0000015c   Code   RO         1842    i.Uart6_GetData_DMA  P18.Lib.SVN609.170907.lib(uart_dma.o)
    0x0803bf90   0x00000090   Code   RO         1843    i.Uart_GetStatus_DMA  P18.Lib.SVN609.170907.lib(uart_dma.o)
    0x0803c020   0x00000094   Code   RO         1437    i.Uart_Printf       P18.Lib.SVN609.170907.lib(system.o)
    0x0803c0b4   0x0000000c   Code   RO         2286    i.Uart_SetGPSDebug  P18.Lib.SVN609.170907.lib(gps.o)
    0x0803c0c0   0x0000000c   Code   RO         1438    i.Uart_SetSysDebug  P18.Lib.SVN609.170907.lib(system.o)
    0x0803c0cc   0x0000000c   Code   RO          897    i.Uart_SetTCPDebug  P18.Lib.SVN609.170907.lib(tcp.o)
    0x0803c0d8   0x00000048   Code   RO         1601    i.UsageFault_Handler  P18.Lib.SVN609.170907.lib(ctrl0.o)
    0x0803c120   0x00000144   Code   RO          805    i.Version_Debug     version_debug.o
    0x0803c264   0x00000174   Code   RO         2134    i._24G_ReadResponse  P18.Lib.SVN609.170907.lib(_24g_.o)
    0x0803c3d8   0x00000114   Code   RO         2135    i._24G_SendCommand  P18.Lib.SVN609.170907.lib(_24g_.o)
    0x0803c4ec   0x0000000c   Code   RO         2136    i._24G_Set_Debug    P18.Lib.SVN609.170907.lib(_24g_.o)
    0x0803c4f8   0x00000030   Code   RO         4699    i._24g_IO_Init      P18.Lib.SVN609.170907.lib(_24g_port.o)
    0x0803c528   0x0000000c   Code   RO         2137    i._24g_Init         P18.Lib.SVN609.170907.lib(_24g_.o)
    0x0803c534   0x00000284   Code   RO          729    i._2_4G_Debug       2_4g_debug.o
    0x0803c7b8   0x00000020   Code   RO         5859    i.__0printf         mc_w.l(printfa.o)
    0x0803c7d8   0x00000028   Code   RO         5861    i.__0sprintf        mc_w.l(printfa.o)
    0x0803c800   0x00000024   Code   RO         5865    i.__0vsprintf       mc_w.l(printfa.o)
    0x0803c824   0x00000008   Code   RO         5928    i.__aeabi_errno_addr  mc_w.l(errno.o)
    0x0803c82c   0x00000004   PAD
    0x0803c830   0x00000038   Code   RO         5595    i.__hardfp_atof     m_wm.l(atof.o)
    0x0803c868   0x0000000c   Code   RO         5929    i.__read_errno      mc_w.l(errno.o)
    0x0803c874   0x0000000e   Code   RO         6004    i.__scatterload_copy  mc_w.l(handlers.o)
    0x0803c882   0x00000002   Code   RO         6005    i.__scatterload_null  mc_w.l(handlers.o)
    0x0803c884   0x0000000e   Code   RO         6006    i.__scatterload_zeroinit  mc_w.l(handlers.o)
    0x0803c892   0x00000002   PAD
    0x0803c894   0x0000000c   Code   RO         5930    i.__set_errno       mc_w.l(errno.o)
    0x0803c8a0   0x00000164   Code   RO         5866    i._fp_digits        mc_w.l(printfa.o)
    0x0803ca04   0x0000000e   Code   RO         5985    i._is_digit         mc_w.l(scanf_fp.o)
    0x0803ca12   0x00000002   PAD
    0x0803ca14   0x000006dc   Code   RO         5867    i._printf_core      mc_w.l(printfa.o)
    0x0803d0f0   0x00000024   Code   RO         5868    i._printf_post_padding  mc_w.l(printfa.o)
    0x0803d114   0x0000002e   Code   RO         5869    i._printf_pre_padding  mc_w.l(printfa.o)
    0x0803d142   0x0000000a   Code   RO         5871    i._sputc            mc_w.l(printfa.o)
    0x0803d14c   0x00000010   Code   RO           15    i.fputc             main.o
    0x0803d15c   0x0000012c   Code   RO           16    i.main              main.o
    0x0803d288   0x00000048   Code   RO          419    i.text1             key_debug.o
    0x0803d2d0   0x00000048   Code   RO          420    i.text2             key_debug.o
    0x0803d318   0x0000000c   Code   RO           17    i.text_laohua       main.o
    0x0803d324   0x0000002e   Code   RO         4596    i.u8Mifare_u8CheckSecter  P18.Lib.SVN609.170907.lib(pcsc.o)
    0x0803d352   0x00000002   PAD
    0x0803d354   0x00000048   Data   RO          505    .constdata          rtc_debug.o
    0x0803d39c   0x00000014   Data   RO          581    .constdata          tcp_debug.o
    0x0803d3b0   0x00000008   Data   RO          762    .constdata          catactlesscard_debug.o
    0x0803d3b8   0x00000014   Data   RO          840    .constdata          auto_debug.o
    0x0803d3cc   0x00000028   Data   RO          899    .constdata          P18.Lib.SVN609.170907.lib(tcp.o)
    0x0803d3f4   0x00000084   Data   RO         1262    .constdata          P18.Lib.SVN609.170907.lib(appif.o)
    0x0803d478   0x000000e4   Data   RO         1515    .constdata          P18.Lib.SVN609.170907.lib(rtc.o)
    0x0803d55c   0x000000af   Data   RO         1603    .constdata          P18.Lib.SVN609.170907.lib(ctrl0.o)
    0x0803d60b   0x0000003d   Data   RO         1707    .constdata          P18.Lib.SVN609.170907.lib(led_seg.o)
    0x0803d648   0x00000012   Data   RO         2025    .constdata          P18.Lib.SVN609.170907.lib(iso14443.o)
    0x0803d65a   0x00000002   PAD
    0x0803d65c   0x000000c0   Data   RO         2114    .constdata          P18.Lib.SVN609.170907.lib(cpu.o)
    0x0803d71c   0x00000004   Data   RO         2138    .constdata          P18.Lib.SVN609.170907.lib(_24g_.o)
    0x0803d720   0x00000a64   Data   RO         2648    .constdata          P18.Lib.SVN609.170907.lib(lcd.o)
    0x0803e184   0x00000048   Data   RO         4690    .constdata          P18.Lib.SVN609.170907.lib(gpio7816.o)
    0x0803e1cc   0x00000081   Data   RO         5956    .constdata          mc_w.l(ctype_o.o)
    0x0803e24d   0x00000003   PAD
    0x0803e250   0x00000004   Data   RO         5957    .constdata          mc_w.l(ctype_o.o)
    0x0803e254   0x000000b1   Data   RO          900    .conststring        P18.Lib.SVN609.170907.lib(tcp.o)
    0x0803e305   0x00000003   PAD
    0x0803e308   0x00000030   Data   RO         6002    Region$$Table       anon$$obj.o


    Execution Region RW_IRAM1 (Base: 0x20000000, Size: 0x0000d000, Max: 0x00010000, ABSOLUTE)

    Base Addr    Size         Type   Attr      Idx    E Section Name        Object

    0x20000000   0x0000d000   Zero   RW         5946    STACK               P18.Lib.SVN609.170907.lib(stm32f4xxappinit.o)


    Execution Region RW_RAM1 (Base: 0x68180000, Size: 0x00027088, Max: 0x00200000, ABSOLUTE, COMPRESSED[0x0000082c])

    Base Addr    Size         Type   Attr      Idx    E Section Name        Object

    0x68180000   0x00000004   Data   RW           18    .data               main.o
    0x68180004   0x00000005   Data   RW          506    .data               rtc_debug.o
    0x68180009   0x00000060   Data   RW          730    .data               2_4g_debug.o
    0x68180069   0x00000001   Data   RW          763    .data               catactlesscard_debug.o
    0x6818006a   0x00000030   Data   RW          841    .data               auto_debug.o
    0x6818009a   0x00000002   PAD
    0x6818009c   0x0000b9cc   Data   RW          901    .data               P18.Lib.SVN609.170907.lib(tcp.o)
    0x6818ba68   0x00000032   Data   RW         1263    .data               P18.Lib.SVN609.170907.lib(appif.o)
    0x6818ba9a   0x00000002   PAD
    0x6818ba9c   0x00000004   Data   RW         1439    .data               P18.Lib.SVN609.170907.lib(system.o)
    0x6818baa0   0x00000004   Data   RW         1516    .data               P18.Lib.SVN609.170907.lib(rtc.o)
    0x6818baa4   0x00000010   Data   RW         1547    .data               P18.Lib.SVN609.170907.lib(irqkey.o)
    0x6818bab4   0x00000098   Data   RW         1604    .data               P18.Lib.SVN609.170907.lib(ctrl0.o)
    0x6818bb4c   0x00000006   Data   RW         1669    .data               P18.Lib.SVN609.170907.lib(flash.o)
    0x6818bb52   0x00000002   PAD
    0x6818bb54   0x00000027   Data   RW         1798    .data               P18.Lib.SVN609.170907.lib(mxflash.o)
    0x6818bb7b   0x00000001   PAD
    0x6818bb7c   0x00000024   Data   RW         1845    .data               P18.Lib.SVN609.170907.lib(uart_dma.o)
    0x6818bba0   0x00000001   Data   RW         1867    .data               P18.Lib.SVN609.170907.lib(led.o)
    0x6818bba1   0x00000003   PAD
    0x6818bba4   0x0000000c   Data   RW         1879    .data               P18.Lib.SVN609.170907.lib(qr_collection.o)
    0x6818bbb0   0x00000001   Data   RW         1942    .data               P18.Lib.SVN609.170907.lib(rc523_driver.o)
    0x6818bbb1   0x00000003   PAD
    0x6818bbb4   0x00000010   Data   RW         2026    .data               P18.Lib.SVN609.170907.lib(iso14443.o)
    0x6818bbc4   0x000000de   Data   RW         2108    .data               P18.Lib.SVN609.170907.lib(mifare1_operate.o)
    0x6818bca2   0x00000002   PAD
    0x6818bca4   0x00000017   Data   RW         2115    .data               P18.Lib.SVN609.170907.lib(cpu.o)
    0x6818bcbb   0x00000001   Data   RW         2139    .data               P18.Lib.SVN609.170907.lib(_24g_.o)
    0x6818bcbc   0x00006060   Data   RW         2236    .data               P18.Lib.SVN609.170907.lib(com.o)
    0x68191d1c   0x00000008   Data   RW         2288    .data               P18.Lib.SVN609.170907.lib(gps.o)
    0x68191d24   0x00000001   Data   RW         2891    .data               P18.Lib.SVN609.170907.lib(tts.o)
    0x68191d25   0x00000001   Data   RW         3196    .data               P18.Lib.SVN609.170907.lib(ssl.o)
    0x68191d26   0x00000001   Data   RW         3197    .data               P18.Lib.SVN609.170907.lib(ssl.o)
    0x68191d27   0x00000001   PAD
    0x68191d28   0x00000006   Data   RW         3198    .data               P18.Lib.SVN609.170907.lib(ssl.o)
    0x68191d2e   0x00000001   Data   RW         3239    .data               P18.Lib.SVN609.170907.lib(https.o)
    0x68191d2f   0x00000001   Data   RW         3240    .data               P18.Lib.SVN609.170907.lib(https.o)
    0x68191d30   0x00000008   Data   RW         3241    .data               P18.Lib.SVN609.170907.lib(https.o)
    0x68191d38   0x00000014   Data   RW         3392    .data               P18.Lib.SVN609.170907.lib(system_stm32f4xx.o)
    0x68191d4c   0x00000010   Data   RW         3723    .data               P18.Lib.SVN609.170907.lib(stm32f4xx_rcc.o)
    0x68191d5c   0x00000070   Data   RW         4561    .data               P18.Lib.SVN609.170907.lib(rc523.o)
    0x68191dcc   0x00000010   Data   RW         4598    .data               P18.Lib.SVN609.170907.lib(pcsc.o)
    0x68191ddc   0x0000002a   Data   RW         4656    .data               P18.Lib.SVN609.170907.lib(felica.o)
    0x68191e06   0x00000002   PAD
    0x68191e08   0x00000016   Data   RW         4684    .data               P18.Lib.SVN609.170907.lib(sc7816_driver.o)
    0x68191e1e   0x00000002   PAD
    0x68191e20   0x00000008   Data   RW         4959    .data               P18.Lib.SVN609.170907.lib(lcd_port.o)
    0x68191e28   0x00000034   Data   RW         5356    .data               P18.Lib.SVN609.170907.lib(usbd_core.o)
    0x68191e5c   0x0000000d   Data   RW         5576    .data               P18.Lib.SVN609.170907.lib(usbd_req.o)
    0x68191e69   0x00000003   PAD
    0x68191e6c   0x00000004   Data   RW         5619    .data               mc_w.l(strtok.o)
    0x68191e70   0x00000004   Data   RW         5917    .data               mc_w.l(stdout.o)
    0x68191e74   0x00000004   Data   RW         5931    .data               mc_w.l(errno.o)
    0x68191e78   0x0000001c   Zero   RW          504    .bss                rtc_debug.o
    0x68191e94   0x0000003c   Zero   RW          761    .bss                catactlesscard_debug.o
    0x68191ed0   0x000005dc   Zero   RW          822    .bss                irda_debug.o
    0x681924ac   0x00000010   Zero   RW          839    .bss                auto_debug.o
    0x681924bc   0x000028be   Zero   RW          898    .bss                P18.Lib.SVN609.170907.lib(tcp.o)
    0x68194d7a   0x00000002   PAD
    0x68194d7c   0x0000006c   Zero   RW         1261    .bss                P18.Lib.SVN609.170907.lib(appif.o)
    0x68194de8   0x0000000a   Zero   RW         1514    .bss                P18.Lib.SVN609.170907.lib(rtc.o)
    0x68194df2   0x00000010   Zero   RW         1545    .bss                P18.Lib.SVN609.170907.lib(irqkey.o)
    0x68194e02   0x00000002   PAD
    0x68194e04   0x00000644   Zero   RW         1602    .bss                P18.Lib.SVN609.170907.lib(ctrl0.o)
    0x68195448   0x00000078   Zero   RW         1706    .bss                P18.Lib.SVN609.170907.lib(led_seg.o)
    0x681954c0   0x00000018   Zero   RW         1797    .bss                P18.Lib.SVN609.170907.lib(mxflash.o)
    0x681954d8   0x0000f000   Zero   RW         1844    .bss                P18.Lib.SVN609.170907.lib(uart_dma.o)
    0x681a44d8   0x00000800   Zero   RW         1878    .bss                P18.Lib.SVN609.170907.lib(qr_collection.o)
    0x681a4cd8   0x0000012c   Zero   RW         1941    .bss                P18.Lib.SVN609.170907.lib(rc523_driver.o)
    0x681a4e04   0x00000074   Zero   RW         2024    .bss                P18.Lib.SVN609.170907.lib(iso14443.o)
    0x681a4e78   0x00000644   Zero   RW         2113    .bss                P18.Lib.SVN609.170907.lib(cpu.o)
    0x681a54bc   0x00000004   PAD
    0x681a54c0   0x000009f4   Zero   RW         2287    .bss                P18.Lib.SVN609.170907.lib(gps.o)
    0x681a5eb4   0x00000064   Zero   RW         3195    .bss                P18.Lib.SVN609.170907.lib(ssl.o)
    0x681a5f18   0x000004c8   Zero   RW         3237    .bss                P18.Lib.SVN609.170907.lib(https.o)
    0x681a63e0   0x00000016   Zero   RW         4655    .bss                P18.Lib.SVN609.170907.lib(felica.o)
    0x681a63f6   0x00000002   PAD
    0x681a63f8   0x00000010   Zero   RW         4689    .bss                P18.Lib.SVN609.170907.lib(gpio7816.o)
    0x681a6408   0x00000c80   Zero   RW         4958    .bss                P18.Lib.SVN609.170907.lib(lcd_port.o)


==============================================================================

Image component sizes


      Code (inc. data)   RO Data    RW Data    ZI Data      Debug   Object Name

       644        110          0         96          0       1919   2_4g_debug.o
      2044        464         20         48         16       3160   auto_debug.o
       164         60          0          0          0        561   beep_debug.o
      1556        542          0          0          0       1343   bt_debug.o
      4244       1012          8          1         60       4462   catactlesscard_debug.o
      1776        336          0          0          0       2219   contact_debug.o
      2030        666          0          0          0       4843   flash_debug.o
       720        184          0          0          0       1124   gps.debug.o
       516        174          0          0       1500       1622   irda_debug.o
       416        142          0          0          0       1680   key_debug.o
       220         92          0          0          0        560   lcd_debug.o
       448        146          0          0          0        744   led_debug.o
       536        180          0          0          0        859   ledseg_debug.o
      3020       1010          0          4          0      19807   main.o
       620        166          0          0          0       1485   qr_debug.o
      1604        360         72          5         28       4156   rtc_debug.o
      1492        536          0          0          0       1138   sound_debug.o
      2760        756         20          0          0       3023   tcp_debug.o
       976        374          0          0          0       2816   transmode_debug.o
       324        130          0          0          0        712   version_debug.o

    ----------------------------------------------------------------------
     26110       7440        168        156       1604      58233   Object Totals
         0          0         48          0          0          0   (incl. Generated)
         0          0          0          2          0          0   (incl. Padding)

    ----------------------------------------------------------------------

      Code (inc. data)   RO Data    RW Data    ZI Data      Debug   Library Member Name

       672         64          4          1          0       4336   _24g_.o
        92         10          0          0          0       7260   _24g_port.o
      5492        482        132         50        108       5016   appif.o
        72         12          0          0          0        356   beep.o
      1084         70          0          0          0        488   bluetooth.o
       204         12          0          0          0        100   bluetooth_port.o
        78         12          0      24672          0        368   com.o
     10936        508        192         23       1604       2048   cpu.o
       412         30          0          0          0        240   cpu_driver.o
      2224        752        175        152       1604       3756   ctrl0.o
       668         50          0         42         22        636   felica.o
      1586         72          0          6          0       1792   flash.o
      1368         70         72          0         16       1172   gpio7816.o
      1872        352          0          8       2548      15011   gps.o
         0          0          0         10       1224       1082   https.o
       680         52          0          0          0      12180   irda.o
       300         32          0          0          0     212453   irda_port.o
       278         20          0         16         16        496   irqkey.o
      8180        420         18         16        116       4008   iso14443.o
        40          0          0          0          0        256   kernel.o
      1156         46       2660          0          0     213850   lcd.o
      1264         78          0          8       3200     221685   lcd_port.o
       984         40          0          1          0        252   led.o
       582         10         61          0        120       1128   led_seg.o
       182         24          0          0          0        860   ledseg_driver.o
       824         50          0          0          0        424   mifare.o
      3024         52          0        222          0        832   mifare1_operate.o
       160         32          0          0          0        360   misc.o
        90          0          0          0          0        580   miscfunc.o
      3178        258          0         39         24       2144   mxflash.o
       106          0          0          0          0        164   ntag21x.o
      2120         72          0         16          0       1356   pcsc.o
         4          0          0          0          0        136   picc_debug.o
       902         44          0          0          0       1276   power.o
       256         24          0         12       2048      11586   qr_collection.o
       542         32          0        112          0        996   rc523.o
       204         22          0          1        300        312   rc523_driver.o
      2228         42        228          4         10       1448   rtc.o
       140         42          0         22          0        116   sc7816_driver.o
         0          0          0          8        100        892   ssl.o
       462         26          0          0          0        472   stm32f4xx_dma.o
       200         18          0          0          0        348   stm32f4xx_exti.o
       426         48          0          0          0        960   stm32f4xx_flash.o
       282          6          0          0          0        232   stm32f4xx_fsmc.o
       240          0          0          0          0        612   stm32f4xx_gpio.o
        68         30          0          0          0        580   stm32f4xx_iwdg.o
        12          6          0          0          0        116   stm32f4xx_pwr.o
       604         78          0         16          0       1300   stm32f4xx_rcc.o
      1686        110          0          0          0       2580   stm32f4xx_rtc.o
       112          0          0          0          0        588   stm32f4xx_spi.o
        64          4          0          0          0        128   stm32f4xx_syscfg.o
       624         82          0          0          0        948   stm32f4xx_tim.o
       768         32          0          0          0       1804   stm32f4xx_usart.o
       408        174        392          0      53248        276   stm32f4xxappinit.o
      2768        208          0          4          0       3616   system.o
       340         32          0         20          0        248   system_stm32f4xx.o
       208         18          0          0          0        256   systick.o
        90          0          0          0          0        256   tamper.o
     11856       2460        217      47564      10430      31464   tcp.o
       144         16          0          0          0       8546   tcp_port.o
      1008          8          0          0          0        516   time.o
       316         20          0          0          0        256   timer.o
      1032        240          0          1          0      19662   tts.o
       144         14          0          0          0        570   tts_port.o
      2176        204          0         36      61440       1108   uart_dma.o
       148         10          0          0          0        616   usb_bsp.o
      1722          4          0          0          0       2120   usb_core.o
       470          0          0          0          0        904   usb_dcd.o
      2050         60          0          0          0       1932   usb_dcd_int.o
       748          6          0         52          0       1744   usbd_core.o
       178          0          0          0          0        652   usbd_ioreq.o
      1630         54          0         13          0       1536   usbd_req.o
        56         12          0          0          0        132   atof.o
        86          0          0          0          0          0   __dczerorl2.o
        28          0          0          0          0         68   _chval.o
        64          0          0          0          0         84   _sgetc.o
       158          0          0          0          0         92   _strtoul.o
        26          0          0          0          0         80   atoi.o
         8          4        133          0          0         68   ctype_o.o
         0          0          0          0          0          0   entry.o
         0          0          0          0          0          0   entry10a.o
         0          0          0          0          0          0   entry11a.o
         8          4          0          0          0          0   entry2.o
         4          0          0          0          0          0   entry5.o
         0          0          0          0          0          0   entry7b.o
         0          0          0          0          0          0   entry8b.o
         8          4          0          0          0          0   entry9a.o
        32         16          0          4          0        204   errno.o
        30          0          0          0          0          0   handlers.o
        36          8          0          0          0         68   init.o
        18          0          0          0          0         76   isspace_o.o
         0          0          0          0          0          0   iusefp.o
        30          0          0          0          0         68   llshl.o
        36          0          0          0          0         68   llsshr.o
        32          0          0          0          0         68   llushr.o
        26          0          0          0          0         80   memcmp.o
        36          0          0          0          0         68   memcpya.o
        36          0          0          0          0        108   memseta.o
      2312        102          0          0          0        676   printfa.o
       838         12          0          0          0        216   scanf_fp.o
         0          0          0          4          0          0   stdout.o
        14          0          0          0          0         68   strlen.o
        36          0          0          0          0         80   strstr.o
       156         14          0          0          0        120   strtod.o
        68          6          0          4          0         80   strtok.o
       112          0          0          0          0         88   strtol.o
        44          0          0          0          0         80   uidiv.o
        98          0          0          0          0         92   uldiv.o
        48          0          0          0          0         68   cdrcmple.o
        56          0          0          0          0         88   d2f.o
       334          0          0          0          0        148   dadd.o
       222          0          0          0          0        100   ddiv.o
       186          0          0          0          0        176   depilogue.o
        62          0          0          0          0         80   dfixi.o
        50          0          0          0          0         76   dfixui.o
        48          0          0          0          0         68   dfixul.o
        34          0          0          0          0         76   dflti.o
        24          0          0          0          0         76   dfltul.o
       228          0          0          0          0         96   dmul.o
        38          0          0          0          0         68   f2d.o
       110          0          0          0          0        168   fepilogue.o

    ----------------------------------------------------------------------
     93134       8042       4292      73180     138188     824517   Library Totals
        90          4          8         21         10          0   (incl. Padding)

    ----------------------------------------------------------------------

      Code (inc. data)   RO Data    RW Data    ZI Data      Debug   Library Name

     87168       7856       4151      73147     138178     820397   P18.Lib.SVN609.170907.lib
        56         12          0          0          0        132   m_wm.l
      4380        170        133         12          0       2700   mc_w.l
      1440          0          0          0          0       1288   mf_w.l

    ----------------------------------------------------------------------
     93134       8042       4292      73180     138188     824517   Library Totals

    ----------------------------------------------------------------------

==============================================================================


      Code (inc. data)   RO Data    RW Data    ZI Data      Debug   

    119244      15482       4460      73336     139792     827542   Grand Totals
    119244      15482       4460       2092     139792     827542   ELF Image Totals (compressed)
    119244      15482       4460       2092          0          0   ROM Totals

==============================================================================

    Total RO  Size (Code + RO Data)               123704 ( 120.80kB)
    Total RW  Size (RW Data + ZI Data)            213128 ( 208.13kB)
    Total ROM Size (Code + RO Data + RW Data)     125796 ( 122.85kB)

==============================================================================

